<?xml version="1.0" encoding="ISO-8859-1" ?>
<link_info>
   <banner>TI ARM Linker Unix v20.2.7.LTS</banner>
   <copyright>Copyright (c) 1996-2018 Texas Instruments Incorporated</copyright>
   <link_time>0x69dede8e</link_time>
   <link_errors>0x0</link_errors>
   <output_file>ece3849_lab1_lphung_shtran.out</output_file>
   <entry_point>
      <name>_c_int00_noargs</name>
      <address>0xa105</address>
   </entry_point>
   <input_file_list>
      <input_file id="fl-2">
         <path>./</path>
         <kind>object</kind>
         <file>Crystalfontz128x128_ST7735.obj</file>
         <name>Crystalfontz128x128_ST7735.obj</name>
      </input_file>
      <input_file id="fl-3">
         <path>./</path>
         <kind>object</kind>
         <file>HAL_EK_TM4C1294XL_Crystalfontz128x128_ST7735.obj</file>
         <name>HAL_EK_TM4C1294XL_Crystalfontz128x128_ST7735.obj</name>
      </input_file>
      <input_file id="fl-4">
         <path>./</path>
         <kind>object</kind>
         <file>button.obj</file>
         <name>button.obj</name>
      </input_file>
      <input_file id="fl-5">
         <path>./</path>
         <kind>object</kind>
         <file>buzzer.obj</file>
         <name>buzzer.obj</name>
      </input_file>
      <input_file id="fl-6">
         <path>./</path>
         <kind>object</kind>
         <file>joystick.obj</file>
         <name>joystick.obj</name>
      </input_file>
      <input_file id="fl-7">
         <path>./</path>
         <kind>object</kind>
         <file>main.obj</file>
         <name>main.obj</name>
      </input_file>
      <input_file id="fl-8">
         <path>./</path>
         <kind>object</kind>
         <file>mic.obj</file>
         <name>mic.obj</name>
      </input_file>
      <input_file id="fl-9">
         <path>./</path>
         <kind>object</kind>
         <file>screen_mic.obj</file>
         <name>screen_mic.obj</name>
      </input_file>
      <input_file id="fl-a">
         <path>./</path>
         <kind>object</kind>
         <file>startup_ccs.obj</file>
         <name>startup_ccs.obj</name>
      </input_file>
      <input_file id="fl-b">
         <path>./</path>
         <kind>object</kind>
         <file>stopwatch.obj</file>
         <name>stopwatch.obj</name>
      </input_file>
      <input_file id="fl-c">
         <path>./</path>
         <kind>object</kind>
         <file>timerLib.obj</file>
         <name>timerLib.obj</name>
      </input_file>
      <input_file id="fl-d">
         <path>./FreeRTOS/</path>
         <kind>object</kind>
         <file>croutine.obj</file>
         <name>croutine.obj</name>
      </input_file>
      <input_file id="fl-e">
         <path>./FreeRTOS/</path>
         <kind>object</kind>
         <file>event_groups.obj</file>
         <name>event_groups.obj</name>
      </input_file>
      <input_file id="fl-f">
         <path>./FreeRTOS/</path>
         <kind>object</kind>
         <file>list.obj</file>
         <name>list.obj</name>
      </input_file>
      <input_file id="fl-10">
         <path>./FreeRTOS/</path>
         <kind>object</kind>
         <file>queue.obj</file>
         <name>queue.obj</name>
      </input_file>
      <input_file id="fl-11">
         <path>./FreeRTOS/</path>
         <kind>object</kind>
         <file>stream_buffer.obj</file>
         <name>stream_buffer.obj</name>
      </input_file>
      <input_file id="fl-12">
         <path>./FreeRTOS/</path>
         <kind>object</kind>
         <file>tasks.obj</file>
         <name>tasks.obj</name>
      </input_file>
      <input_file id="fl-13">
         <path>./FreeRTOS/</path>
         <kind>object</kind>
         <file>timers.obj</file>
         <name>timers.obj</name>
      </input_file>
      <input_file id="fl-14">
         <path>./FreeRTOS/portable/CCS/ARM_CM4F/</path>
         <kind>object</kind>
         <file>port.obj</file>
         <name>port.obj</name>
      </input_file>
      <input_file id="fl-15">
         <path>./FreeRTOS/portable/CCS/ARM_CM4F/</path>
         <kind>object</kind>
         <file>portasm.obj</file>
         <name>portasm.obj</name>
      </input_file>
      <input_file id="fl-16">
         <path>./FreeRTOS/portable/MemMang/</path>
         <kind>object</kind>
         <file>heap_4.obj</file>
         <name>heap_4.obj</name>
      </input_file>
      <input_file id="fl-17">
         <path>./joystickDriver/</path>
         <kind>object</kind>
         <file>joystick.obj</file>
         <name>joystick.obj</name>
      </input_file>
      <input_file id="fl-1d">
         <kind>object</kind>
         <file>&lt;internal&gt;</file>
         <name>&lt;internal&gt;</name>
      </input_file>
      <input_file id="fl-d3">
         <path>/Applications/ti/ccs1281/ccs/tools/compiler/ti-cgt-arm_20.2.7.LTS/lib/</path>
         <kind>archive</kind>
         <file>rtsv7M4_T_le_v4SPD16_eabi.lib</file>
         <name>e_atan2f.c.obj</name>
      </input_file>
      <input_file id="fl-d4">
         <path>/Applications/ti/ccs1281/ccs/tools/compiler/ti-cgt-arm_20.2.7.LTS/lib/</path>
         <kind>archive</kind>
         <file>rtsv7M4_T_le_v4SPD16_eabi.lib</file>
         <name>e_log10f.c.obj</name>
      </input_file>
      <input_file id="fl-d5">
         <path>/Applications/ti/ccs1281/ccs/tools/compiler/ti-cgt-arm_20.2.7.LTS/lib/</path>
         <kind>archive</kind>
         <file>rtsv7M4_T_le_v4SPD16_eabi.lib</file>
         <name>e_sqrtf.c.obj</name>
      </input_file>
      <input_file id="fl-d6">
         <path>/Applications/ti/ccs1281/ccs/tools/compiler/ti-cgt-arm_20.2.7.LTS/lib/</path>
         <kind>archive</kind>
         <file>rtsv7M4_T_le_v4SPD16_eabi.lib</file>
         <name>s_atanf.c.obj</name>
      </input_file>
      <input_file id="fl-d7">
         <path>/Applications/ti/ccs1281/ccs/tools/compiler/ti-cgt-arm_20.2.7.LTS/lib/</path>
         <kind>archive</kind>
         <file>rtsv7M4_T_le_v4SPD16_eabi.lib</file>
         <name>s_floorf.c.obj</name>
      </input_file>
      <input_file id="fl-d8">
         <path>/Applications/ti/ccs1281/ccs/tools/compiler/ti-cgt-arm_20.2.7.LTS/lib/</path>
         <kind>archive</kind>
         <file>rtsv7M4_T_le_v4SPD16_eabi.lib</file>
         <name>guard.c.obj</name>
      </input_file>
      <input_file id="fl-d9">
         <path>/Applications/ti/ccs1281/ccs/tools/compiler/ti-cgt-arm_20.2.7.LTS/lib/</path>
         <kind>archive</kind>
         <file>rtsv7M4_T_le_v4SPD16_eabi.lib</file>
         <name>snprintf.c.obj</name>
      </input_file>
      <input_file id="fl-da">
         <path>/Applications/ti/ccs1281/ccs/tools/compiler/ti-cgt-arm_20.2.7.LTS/lib/</path>
         <kind>archive</kind>
         <file>rtsv7M4_T_le_v4SPD16_eabi.lib</file>
         <name>fs_tod_t2.asm.obj</name>
      </input_file>
      <input_file id="fl-db">
         <path>/Applications/ti/ccs1281/ccs/tools/compiler/ti-cgt-arm_20.2.7.LTS/lib/</path>
         <kind>archive</kind>
         <file>rtsv7M4_T_le_v4SPD16_eabi.lib</file>
         <name>memcpy_t2.asm.obj</name>
      </input_file>
      <input_file id="fl-dc">
         <path>/Applications/ti/ccs1281/ccs/tools/compiler/ti-cgt-arm_20.2.7.LTS/lib/</path>
         <kind>archive</kind>
         <file>rtsv7M4_T_le_v4SPD16_eabi.lib</file>
         <name>memset_t2.asm.obj</name>
      </input_file>
      <input_file id="fl-dd">
         <path>/Applications/ti/ccs1281/ccs/tools/compiler/ti-cgt-arm_20.2.7.LTS/lib/</path>
         <kind>archive</kind>
         <file>rtsv7M4_T_le_v4SPD16_eabi.lib</file>
         <name>ull_div_t2.asm.obj</name>
      </input_file>
      <input_file id="fl-de">
         <path>/Applications/ti/ccs1281/ccs/tools/compiler/ti-cgt-arm_20.2.7.LTS/lib/</path>
         <kind>archive</kind>
         <file>rtsv7M4_T_le_v4SPD16_eabi.lib</file>
         <name>copy_zero_init.c.obj</name>
      </input_file>
      <input_file id="fl-df">
         <path>/Applications/ti/ccs1281/ccs/tools/compiler/ti-cgt-arm_20.2.7.LTS/lib/</path>
         <kind>archive</kind>
         <file>rtsv7M4_T_le_v4SPD16_eabi.lib</file>
         <name>copy_decompress_none.c.obj</name>
      </input_file>
      <input_file id="fl-e0">
         <path>/Applications/ti/ccs1281/ccs/tools/compiler/ti-cgt-arm_20.2.7.LTS/lib/</path>
         <kind>archive</kind>
         <file>rtsv7M4_T_le_v4SPD16_eabi.lib</file>
         <name>copy_decompress_lzss.c.obj</name>
      </input_file>
      <input_file id="fl-e1">
         <path>/Applications/ti/ccs1281/ccs/tools/compiler/ti-cgt-arm_20.2.7.LTS/lib/</path>
         <kind>archive</kind>
         <file>rtsv7M4_T_le_v4SPD16_eabi.lib</file>
         <name>strcmp.c.obj</name>
      </input_file>
      <input_file id="fl-e2">
         <path>/Applications/ti/ccs1281/ccs/tools/compiler/ti-cgt-arm_20.2.7.LTS/lib/</path>
         <kind>archive</kind>
         <file>rtsv7M4_T_le_v4SPD16_eabi.lib</file>
         <name>strcpy.c.obj</name>
      </input_file>
      <input_file id="fl-e3">
         <path>/Applications/ti/ccs1281/ccs/tools/compiler/ti-cgt-arm_20.2.7.LTS/lib/</path>
         <kind>archive</kind>
         <file>rtsv7M4_T_le_v4SPD16_eabi.lib</file>
         <name>boot_cortex_m.c.obj</name>
      </input_file>
      <input_file id="fl-e4">
         <path>/Applications/ti/ccs1281/ccs/tools/compiler/ti-cgt-arm_20.2.7.LTS/lib/</path>
         <kind>archive</kind>
         <file>rtsv7M4_T_le_v4SPD16_eabi.lib</file>
         <name>errno.c.obj</name>
      </input_file>
      <input_file id="fl-e5">
         <path>/Applications/ti/ccs1281/ccs/tools/compiler/ti-cgt-arm_20.2.7.LTS/lib/</path>
         <kind>archive</kind>
         <file>rtsv7M4_T_le_v4SPD16_eabi.lib</file>
         <name>_printfi.c.obj</name>
      </input_file>
      <input_file id="fl-e6">
         <path>/Applications/ti/ccs1281/ccs/tools/compiler/ti-cgt-arm_20.2.7.LTS/lib/</path>
         <kind>archive</kind>
         <file>rtsv7M4_T_le_v4SPD16_eabi.lib</file>
         <name>div0.asm.obj</name>
      </input_file>
      <input_file id="fl-e7">
         <path>/Applications/ti/ccs1281/ccs/tools/compiler/ti-cgt-arm_20.2.7.LTS/lib/</path>
         <kind>archive</kind>
         <file>rtsv7M4_T_le_v4SPD16_eabi.lib</file>
         <name>fd_add_t2.asm.obj</name>
      </input_file>
      <input_file id="fl-e8">
         <path>/Applications/ti/ccs1281/ccs/tools/compiler/ti-cgt-arm_20.2.7.LTS/lib/</path>
         <kind>archive</kind>
         <file>rtsv7M4_T_le_v4SPD16_eabi.lib</file>
         <name>fd_cmp_t2.asm.obj</name>
      </input_file>
      <input_file id="fl-e9">
         <path>/Applications/ti/ccs1281/ccs/tools/compiler/ti-cgt-arm_20.2.7.LTS/lib/</path>
         <kind>archive</kind>
         <file>rtsv7M4_T_le_v4SPD16_eabi.lib</file>
         <name>fd_div_t2.asm.obj</name>
      </input_file>
      <input_file id="fl-ea">
         <path>/Applications/ti/ccs1281/ccs/tools/compiler/ti-cgt-arm_20.2.7.LTS/lib/</path>
         <kind>archive</kind>
         <file>rtsv7M4_T_le_v4SPD16_eabi.lib</file>
         <name>fd_mul_t2.asm.obj</name>
      </input_file>
      <input_file id="fl-eb">
         <path>/Applications/ti/ccs1281/ccs/tools/compiler/ti-cgt-arm_20.2.7.LTS/lib/</path>
         <kind>archive</kind>
         <file>rtsv7M4_T_le_v4SPD16_eabi.lib</file>
         <name>fd_toi_t2.asm.obj</name>
      </input_file>
      <input_file id="fl-ec">
         <path>/Applications/ti/ccs1281/ccs/tools/compiler/ti-cgt-arm_20.2.7.LTS/lib/</path>
         <kind>archive</kind>
         <file>rtsv7M4_T_le_v4SPD16_eabi.lib</file>
         <name>i_tofd_t2.asm.obj</name>
      </input_file>
      <input_file id="fl-ed">
         <path>/Applications/ti/ccs1281/ccs/tools/compiler/ti-cgt-arm_20.2.7.LTS/lib/</path>
         <kind>archive</kind>
         <file>rtsv7M4_T_le_v4SPD16_eabi.lib</file>
         <name>autoinit.c.obj</name>
      </input_file>
      <input_file id="fl-ee">
         <path>/Applications/ti/ccs1281/ccs/tools/compiler/ti-cgt-arm_20.2.7.LTS/lib/</path>
         <kind>archive</kind>
         <file>rtsv7M4_T_le_v4SPD16_eabi.lib</file>
         <name>pre_init.c.obj</name>
      </input_file>
      <input_file id="fl-ef">
         <path>/Applications/ti/ccs1281/ccs/tools/compiler/ti-cgt-arm_20.2.7.LTS/lib/</path>
         <kind>archive</kind>
         <file>rtsv7M4_T_le_v4SPD16_eabi.lib</file>
         <name>cpy_tbl.c.obj</name>
      </input_file>
      <input_file id="fl-f0">
         <path>/Applications/ti/ccs1281/ccs/tools/compiler/ti-cgt-arm_20.2.7.LTS/lib/</path>
         <kind>archive</kind>
         <file>rtsv7M4_T_le_v4SPD16_eabi.lib</file>
         <name>exit.c.obj</name>
      </input_file>
      <input_file id="fl-f1">
         <path>/Applications/ti/ccs1281/ccs/tools/compiler/ti-cgt-arm_20.2.7.LTS/lib/</path>
         <kind>archive</kind>
         <file>rtsv7M4_T_le_v4SPD16_eabi.lib</file>
         <name>_lock.c.obj</name>
      </input_file>
      <input_file id="fl-f2">
         <path>/Applications/ti/ccs1281/ccs/tools/compiler/ti-cgt-arm_20.2.7.LTS/lib/</path>
         <kind>archive</kind>
         <file>rtsv7M4_T_le_v4SPD16_eabi.lib</file>
         <name>_ltoa.c.obj</name>
      </input_file>
      <input_file id="fl-f3">
         <path>/Applications/ti/ccs1281/ccs/tools/compiler/ti-cgt-arm_20.2.7.LTS/lib/</path>
         <kind>archive</kind>
         <file>rtsv7M4_T_le_v4SPD16_eabi.lib</file>
         <name>args_main.c.obj</name>
      </input_file>
      <input_file id="fl-f4">
         <path>/Applications/ti/ccs1281/ccs/tools/compiler/ti-cgt-arm_20.2.7.LTS/lib/</path>
         <kind>archive</kind>
         <file>rtsv7M4_T_le_v4SPD16_eabi.lib</file>
         <name>atoi.c.obj</name>
      </input_file>
      <input_file id="fl-f5">
         <path>/Applications/ti/ccs1281/ccs/tools/compiler/ti-cgt-arm_20.2.7.LTS/lib/</path>
         <kind>archive</kind>
         <file>rtsv7M4_T_le_v4SPD16_eabi.lib</file>
         <name>ctype.c.obj</name>
      </input_file>
      <input_file id="fl-f6">
         <path>/Applications/ti/ccs1281/ccs/tools/compiler/ti-cgt-arm_20.2.7.LTS/lib/</path>
         <kind>archive</kind>
         <file>rtsv7M4_T_le_v4SPD16_eabi.lib</file>
         <name>memccpy.c.obj</name>
      </input_file>
      <input_file id="fl-f7">
         <path>/Applications/ti/ccs1281/ccs/tools/compiler/ti-cgt-arm_20.2.7.LTS/lib/</path>
         <kind>archive</kind>
         <file>rtsv7M4_T_le_v4SPD16_eabi.lib</file>
         <name>strchr.c.obj</name>
      </input_file>
      <input_file id="fl-f8">
         <path>/Applications/ti/ccs1281/ccs/tools/compiler/ti-cgt-arm_20.2.7.LTS/lib/</path>
         <kind>archive</kind>
         <file>rtsv7M4_T_le_v4SPD16_eabi.lib</file>
         <name>strlen.c.obj</name>
      </input_file>
      <input_file id="fl-f9">
         <path>/Applications/ti/ccs1281/ccs/tools/compiler/ti-cgt-arm_20.2.7.LTS/lib/</path>
         <kind>archive</kind>
         <file>rtsv7M4_T_le_v4SPD16_eabi.lib</file>
         <name>wcslen.c.obj</name>
      </input_file>
      <input_file id="fl-fa">
         <path>/Applications/ti/ccs1281/ccs/tools/compiler/ti-cgt-arm_20.2.7.LTS/lib/</path>
         <kind>archive</kind>
         <file>rtsv7M4_T_le_v4SPD16_eabi.lib</file>
         <name>s_frexp.c.obj</name>
      </input_file>
      <input_file id="fl-fb">
         <path>/Applications/ti/ccs1281/ccs/tools/compiler/ti-cgt-arm_20.2.7.LTS/lib/</path>
         <kind>archive</kind>
         <file>rtsv7M4_T_le_v4SPD16_eabi.lib</file>
         <name>s_scalbn.c.obj</name>
      </input_file>
      <input_file id="fl-fc">
         <path>/Applications/ti/ccs1281/ccs/tools/compiler/ti-cgt-arm_20.2.7.LTS/lib/</path>
         <kind>archive</kind>
         <file>rtsv7M4_T_le_v4SPD16_eabi.lib</file>
         <name>s_copysign.c.obj</name>
      </input_file>
      <input_file id="fl-fd">
         <path>/Users/Doanh/ti/TivaWare_C_Series-2.2.0.295/grlib/ccs/Debug/</path>
         <kind>archive</kind>
         <file>grlib.lib</file>
         <name>context.obj</name>
      </input_file>
      <input_file id="fl-fe">
         <path>/Users/Doanh/ti/TivaWare_C_Series-2.2.0.295/grlib/ccs/Debug/</path>
         <kind>archive</kind>
         <file>grlib.lib</file>
         <name>rectangle.obj</name>
      </input_file>
      <input_file id="fl-ff">
         <path>/Users/Doanh/ti/TivaWare_C_Series-2.2.0.295/grlib/ccs/Debug/</path>
         <kind>archive</kind>
         <file>grlib.lib</file>
         <name>string.obj</name>
      </input_file>
      <input_file id="fl-100">
         <path>/Users/Doanh/ti/TivaWare_C_Series-2.2.0.295/grlib/ccs/Debug/</path>
         <kind>archive</kind>
         <file>grlib.lib</file>
         <name>fontfixed6x8.obj</name>
      </input_file>
      <input_file id="fl-101">
         <path>/Users/Doanh/ti/TivaWare_C_Series-2.2.0.295/grlib/ccs/Debug/</path>
         <kind>archive</kind>
         <file>grlib.lib</file>
         <name>charmap.obj</name>
      </input_file>
      <input_file id="fl-102">
         <path>/Users/Doanh/ti/TivaWare_C_Series-2.2.0.295/grlib/ccs/Debug/</path>
         <kind>archive</kind>
         <file>grlib.lib</file>
         <name>line.obj</name>
      </input_file>
      <input_file id="fl-103">
         <path>/Users/Doanh/ti/TivaWare_C_Series-2.2.0.295/driverlib/ccs/Debug/</path>
         <kind>archive</kind>
         <file>driverlib.lib</file>
         <name>adc.obj</name>
      </input_file>
      <input_file id="fl-104">
         <path>/Users/Doanh/ti/TivaWare_C_Series-2.2.0.295/driverlib/ccs/Debug/</path>
         <kind>archive</kind>
         <file>driverlib.lib</file>
         <name>fpu.obj</name>
      </input_file>
      <input_file id="fl-105">
         <path>/Users/Doanh/ti/TivaWare_C_Series-2.2.0.295/driverlib/ccs/Debug/</path>
         <kind>archive</kind>
         <file>driverlib.lib</file>
         <name>gpio.obj</name>
      </input_file>
      <input_file id="fl-106">
         <path>/Users/Doanh/ti/TivaWare_C_Series-2.2.0.295/driverlib/ccs/Debug/</path>
         <kind>archive</kind>
         <file>driverlib.lib</file>
         <name>interrupt.obj</name>
      </input_file>
      <input_file id="fl-107">
         <path>/Users/Doanh/ti/TivaWare_C_Series-2.2.0.295/driverlib/ccs/Debug/</path>
         <kind>archive</kind>
         <file>driverlib.lib</file>
         <name>pwm.obj</name>
      </input_file>
      <input_file id="fl-108">
         <path>/Users/Doanh/ti/TivaWare_C_Series-2.2.0.295/driverlib/ccs/Debug/</path>
         <kind>archive</kind>
         <file>driverlib.lib</file>
         <name>ssi.obj</name>
      </input_file>
      <input_file id="fl-109">
         <path>/Users/Doanh/ti/TivaWare_C_Series-2.2.0.295/driverlib/ccs/Debug/</path>
         <kind>archive</kind>
         <file>driverlib.lib</file>
         <name>sysctl.obj</name>
      </input_file>
      <input_file id="fl-10a">
         <path>/Users/Doanh/ti/TivaWare_C_Series-2.2.0.295/driverlib/ccs/Debug/</path>
         <kind>archive</kind>
         <file>driverlib.lib</file>
         <name>timer.obj</name>
      </input_file>
      <input_file id="fl-10b">
         <path>/Users/Doanh/ti/TivaWare_C_Series-2.2.0.295/driverlib/ccs/Debug/</path>
         <kind>archive</kind>
         <file>driverlib.lib</file>
         <name>cpu.obj</name>
      </input_file>
   </input_file_list>
   <object_component_list>
      <object_component id="oc-12">
         <name>.intvecs</name>
         <load_address>0x0</load_address>
         <run_address>0x0</run_address>
         <size>0x200</size>
         <input_file_ref idref="fl-a"/>
      </object_component>
      <object_component id="oc-7f">
         <name>.text</name>
         <load_address>0x200</load_address>
         <run_address>0x200</run_address>
         <size>0x2510</size>
         <input_file_ref idref="fl-12"/>
      </object_component>
      <object_component id="oc-25f">
         <name>.text</name>
         <load_address>0x2710</load_address>
         <run_address>0x2710</run_address>
         <size>0xdd0</size>
         <input_file_ref idref="fl-10"/>
      </object_component>
      <object_component id="oc-478">
         <name>.text</name>
         <load_address>0x34e0</load_address>
         <run_address>0x34e0</run_address>
         <size>0xbf4</size>
         <input_file_ref idref="fl-17"/>
      </object_component>
      <object_component id="oc-3d5">
         <name>.text</name>
         <load_address>0x40d4</load_address>
         <run_address>0x40d4</run_address>
         <size>0xa5e</size>
         <input_file_ref idref="fl-4"/>
      </object_component>
      <object_component id="oc-641">
         <name>.text</name>
         <load_address>0x4b32</load_address>
         <run_address>0x4b32</run_address>
         <size>0x2</size>
         <input_file_ref idref="fl-e6"/>
      </object_component>
      <object_component id="oc-340">
         <name>.text:__TI_printfi</name>
         <load_address>0x4b34</load_address>
         <run_address>0x4b34</run_address>
         <size>0xa4e</size>
         <input_file_ref idref="fl-e5"/>
      </object_component>
      <object_component id="oc-c2">
         <name>.text</name>
         <load_address>0x5584</load_address>
         <run_address>0x5584</run_address>
         <size>0x7f8</size>
         <input_file_ref idref="fl-7"/>
      </object_component>
      <object_component id="oc-f4">
         <name>.text</name>
         <load_address>0x5d7c</load_address>
         <run_address>0x5d7c</run_address>
         <size>0x684</size>
         <input_file_ref idref="fl-13"/>
      </object_component>
      <object_component id="oc-144">
         <name>.text</name>
         <load_address>0x6400</load_address>
         <run_address>0x6400</run_address>
         <size>0x5e4</size>
         <input_file_ref idref="fl-2"/>
      </object_component>
      <object_component id="oc-d9">
         <name>.text</name>
         <load_address>0x69e4</load_address>
         <run_address>0x69e4</run_address>
         <size>0x420</size>
         <input_file_ref idref="fl-16"/>
      </object_component>
      <object_component id="oc-57a">
         <name>.text:_pconv_a</name>
         <load_address>0x6e04</load_address>
         <run_address>0x6e04</run_address>
         <size>0x270</size>
         <input_file_ref idref="fl-e5"/>
      </object_component>
      <object_component id="oc-1c3">
         <name>.text</name>
         <load_address>0x7074</load_address>
         <run_address>0x7074</run_address>
         <size>0x264</size>
         <input_file_ref idref="fl-b"/>
      </object_component>
      <object_component id="oc-511">
         <name>.text:GrFontGlyphRender</name>
         <load_address>0x72d8</load_address>
         <run_address>0x72d8</run_address>
         <size>0x252</size>
         <input_file_ref idref="fl-ff"/>
      </object_component>
      <object_component id="oc-1c9">
         <name>.text</name>
         <load_address>0x752c</load_address>
         <run_address>0x752c</run_address>
         <size>0x23c</size>
         <input_file_ref idref="fl-8"/>
      </object_component>
      <object_component id="oc-1bd">
         <name>.text:SysCtlClockFreqSet</name>
         <load_address>0x7768</load_address>
         <run_address>0x7768</run_address>
         <size>0x200</size>
         <input_file_ref idref="fl-109"/>
      </object_component>
      <object_component id="oc-568">
         <name>.text:_pconv_g</name>
         <load_address>0x7968</load_address>
         <run_address>0x7968</run_address>
         <size>0x1d0</size>
         <input_file_ref idref="fl-e5"/>
      </object_component>
      <object_component id="oc-199">
         <name>.text</name>
         <load_address>0x7b38</load_address>
         <run_address>0x7b38</run_address>
         <size>0x1bc</size>
         <input_file_ref idref="fl-9"/>
      </object_component>
      <object_component id="oc-723">
         <name>.text</name>
         <load_address>0x7cf4</load_address>
         <run_address>0x7cf4</run_address>
         <size>0x1b6</size>
         <input_file_ref idref="fl-e7"/>
      </object_component>
      <object_component id="oc-60b">
         <name>.text:GPIOPadConfigSet</name>
         <load_address>0x7eac</load_address>
         <run_address>0x7eac</run_address>
         <size>0x16c</size>
         <input_file_ref idref="fl-105"/>
      </object_component>
      <object_component id="oc-417">
         <name>.text:log10f</name>
         <load_address>0x8018</load_address>
         <run_address>0x8018</run_address>
         <size>0x15c</size>
         <input_file_ref idref="fl-d4"/>
      </object_component>
      <object_component id="oc-66e">
         <name>.text:atan2f</name>
         <load_address>0x8174</load_address>
         <run_address>0x8174</run_address>
         <size>0x158</size>
         <input_file_ref idref="fl-d3"/>
      </object_component>
      <object_component id="oc-1cf">
         <name>.text</name>
         <load_address>0x82cc</load_address>
         <run_address>0x82cc</run_address>
         <size>0x158</size>
         <input_file_ref idref="fl-5"/>
      </object_component>
      <object_component id="oc-7a5">
         <name>.text:atanf</name>
         <load_address>0x8424</load_address>
         <run_address>0x8424</run_address>
         <size>0x150</size>
         <input_file_ref idref="fl-d6"/>
      </object_component>
      <object_component id="oc-298">
         <name>.text</name>
         <load_address>0x8574</load_address>
         <run_address>0x8574</run_address>
         <size>0x144</size>
         <input_file_ref idref="fl-3"/>
      </object_component>
      <object_component id="oc-574">
         <name>.text:_pconv_e</name>
         <load_address>0x86b8</load_address>
         <run_address>0x86b8</run_address>
         <size>0x13c</size>
         <input_file_ref idref="fl-e5"/>
      </object_component>
      <object_component id="oc-32">
         <name>.text</name>
         <load_address>0x87f4</load_address>
         <run_address>0x87f4</run_address>
         <size>0x13c</size>
         <input_file_ref idref="fl-14"/>
      </object_component>
      <object_component id="oc-709">
         <name>.text</name>
         <load_address>0x8930</load_address>
         <run_address>0x8930</run_address>
         <size>0x136</size>
         <input_file_ref idref="fl-e9"/>
      </object_component>
      <object_component id="oc-df">
         <name>.text</name>
         <load_address>0x8a66</load_address>
         <run_address>0x8a66</run_address>
         <size>0x130</size>
         <input_file_ref idref="fl-f"/>
      </object_component>
      <object_component id="oc-735">
         <name>.text:fcvt</name>
         <load_address>0x8b98</load_address>
         <run_address>0x8b98</run_address>
         <size>0x124</size>
         <input_file_ref idref="fl-e5"/>
      </object_component>
      <object_component id="oc-749">
         <name>.text:scalbn</name>
         <load_address>0x8cbc</load_address>
         <run_address>0x8cbc</run_address>
         <size>0x110</size>
         <input_file_ref idref="fl-fb"/>
      </object_component>
      <object_component id="oc-704">
         <name>.text</name>
         <load_address>0x8dcc</load_address>
         <run_address>0x8dcc</run_address>
         <size>0xfc</size>
         <input_file_ref idref="fl-ea"/>
      </object_component>
      <object_component id="oc-1de">
         <name>.text</name>
         <load_address>0x8ec8</load_address>
         <run_address>0x8ec8</run_address>
         <size>0xf8</size>
         <input_file_ref idref="fl-6"/>
      </object_component>
      <object_component id="oc-2d">
         <name>.text</name>
         <load_address>0x8fc0</load_address>
         <run_address>0x8fc0</run_address>
         <size>0xda</size>
         <input_file_ref idref="fl-15"/>
      </object_component>
      <object_component id="oc-2aa">
         <name>.text:GrDefaultStringRenderer</name>
         <load_address>0x909a</load_address>
         <run_address>0x909a</run_address>
         <size>0xc0</size>
         <input_file_ref idref="fl-ff"/>
      </object_component>
      <object_component id="oc-55d">
         <name>.text:_ltostr</name>
         <load_address>0x915c</load_address>
         <run_address>0x915c</run_address>
         <size>0xb1</size>
         <input_file_ref idref="fl-e5"/>
      </object_component>
      <object_component id="oc-46">
         <name>.text</name>
         <load_address>0x920e</load_address>
         <run_address>0x920e</run_address>
         <size>0x9c</size>
         <input_file_ref idref="fl-db"/>
      </object_component>
      <object_component id="oc-44c">
         <name>.text</name>
         <load_address>0x92aa</load_address>
         <run_address>0x92aa</run_address>
         <size>0x96</size>
         <input_file_ref idref="fl-dd"/>
      </object_component>
      <object_component id="oc-156">
         <name>.text:GrRectFill</name>
         <load_address>0x9340</load_address>
         <run_address>0x9340</run_address>
         <size>0x86</size>
         <input_file_ref idref="fl-fe"/>
      </object_component>
      <object_component id="oc-563">
         <name>.text:__aeabi_cdcmple</name>
         <load_address>0x93c6</load_address>
         <run_address>0x93c6</run_address>
         <size>0x86</size>
         <input_file_ref idref="fl-e8"/>
      </object_component>
      <object_component id="oc-70e">
         <name>.text:__aeabi_cdrcmple</name>
         <load_address>0x944c</load_address>
         <run_address>0x944c</run_address>
         <size>0x86</size>
         <input_file_ref idref="fl-e8"/>
      </object_component>
      <object_component id="oc-6a5">
         <name>.text:floorf</name>
         <load_address>0x94d4</load_address>
         <run_address>0x94d4</run_address>
         <size>0x80</size>
         <input_file_ref idref="fl-d7"/>
      </object_component>
      <object_component id="oc-3ed">
         <name>.text:ADCSequenceStepConfigure</name>
         <load_address>0x9554</load_address>
         <run_address>0x9554</run_address>
         <size>0x7a</size>
         <input_file_ref idref="fl-103"/>
      </object_component>
      <object_component id="oc-b6">
         <name>.text</name>
         <load_address>0x95ce</load_address>
         <run_address>0x95ce</run_address>
         <size>0x7a</size>
         <input_file_ref idref="fl-dc"/>
      </object_component>
      <object_component id="oc-72e">
         <name>.text:_mcpy</name>
         <load_address>0x9648</load_address>
         <run_address>0x9648</run_address>
         <size>0x6e</size>
         <input_file_ref idref="fl-e5"/>
      </object_component>
      <object_component id="oc-14a">
         <name>.text:GrContextInit</name>
         <load_address>0x96b8</load_address>
         <run_address>0x96b8</run_address>
         <size>0x68</size>
         <input_file_ref idref="fl-fd"/>
      </object_component>
      <object_component id="oc-162">
         <name>.text:GrStringWidthGet</name>
         <load_address>0x9720</load_address>
         <run_address>0x9720</run_address>
         <size>0x68</size>
         <input_file_ref idref="fl-ff"/>
      </object_component>
      <object_component id="oc-3cf">
         <name>.text:IntEnable</name>
         <load_address>0x9788</load_address>
         <run_address>0x9788</run_address>
         <size>0x68</size>
         <input_file_ref idref="fl-106"/>
      </object_component>
      <object_component id="oc-15">
         <name>.text:decompress:lzss:__TI_decompress_lzss</name>
         <load_address>0x97f0</load_address>
         <run_address>0x97f0</run_address>
         <size>0x68</size>
         <input_file_ref idref="fl-e0"/>
      </object_component>
      <object_component id="oc-181">
         <name>.text:GrRectDraw</name>
         <load_address>0x9858</load_address>
         <run_address>0x9858</run_address>
         <size>0x66</size>
         <input_file_ref idref="fl-fe"/>
      </object_component>
      <object_component id="oc-743">
         <name>.text:frexp</name>
         <load_address>0x98c0</load_address>
         <run_address>0x98c0</run_address>
         <size>0x64</size>
         <input_file_ref idref="fl-fa"/>
      </object_component>
      <object_component id="oc-53a">
         <name>.text:FontWideGlyphDataGet</name>
         <load_address>0x9924</load_address>
         <run_address>0x9924</run_address>
         <size>0x5a</size>
         <input_file_ref idref="fl-ff"/>
      </object_component>
      <object_component id="oc-3c3">
         <name>.text:GPIOIntTypeSet</name>
         <load_address>0x997e</load_address>
         <run_address>0x997e</run_address>
         <size>0x58</size>
         <input_file_ref idref="fl-105"/>
      </object_component>
      <object_component id="oc-56e">
         <name>.text:_pconv_f</name>
         <load_address>0x99d6</load_address>
         <run_address>0x99d6</run_address>
         <size>0x56</size>
         <input_file_ref idref="fl-e5"/>
      </object_component>
      <object_component id="oc-718">
         <name>.text:__TI_ltoa</name>
         <load_address>0x9a2c</load_address>
         <run_address>0x9a2c</run_address>
         <size>0x54</size>
         <input_file_ref idref="fl-f2"/>
      </object_component>
      <object_component id="oc-728">
         <name>.text:_ecpy</name>
         <load_address>0x9a80</load_address>
         <run_address>0x9a80</run_address>
         <size>0x52</size>
         <input_file_ref idref="fl-e5"/>
      </object_component>
      <object_component id="oc-3e7">
         <name>.text:ADCSequenceConfigure</name>
         <load_address>0x9ad2</load_address>
         <run_address>0x9ad2</run_address>
         <size>0x4e</size>
         <input_file_ref idref="fl-103"/>
      </object_component>
      <object_component id="oc-428">
         <name>.text:GPIOPinConfigure</name>
         <load_address>0x9b20</load_address>
         <run_address>0x9b20</run_address>
         <size>0x4c</size>
         <input_file_ref idref="fl-105"/>
      </object_component>
      <object_component id="oc-557">
         <name>.text:atoi</name>
         <load_address>0x9b6c</load_address>
         <run_address>0x9b6c</run_address>
         <size>0x4c</size>
         <input_file_ref idref="fl-f4"/>
      </object_component>
      <object_component id="oc-187">
         <name>.text:snprintf</name>
         <load_address>0x9bb8</load_address>
         <run_address>0x9bb8</run_address>
         <size>0x4c</size>
         <input_file_ref idref="fl-d9"/>
      </object_component>
      <object_component id="oc-2b8">
         <name>.text:UpdateContextCharMapping</name>
         <load_address>0x9c04</load_address>
         <run_address>0x9c04</run_address>
         <size>0x4a</size>
         <input_file_ref idref="fl-ff"/>
      </object_component>
      <object_component id="oc-39a">
         <name>.text:_SysCtlFrequencyGet</name>
         <load_address>0x9c50</load_address>
         <run_address>0x9c50</run_address>
         <size>0x48</size>
         <input_file_ref idref="fl-109"/>
      </object_component>
      <object_component id="oc-713">
         <name>.text</name>
         <load_address>0x9c98</load_address>
         <run_address>0x9c98</run_address>
         <size>0x48</size>
         <input_file_ref idref="fl-eb"/>
      </object_component>
      <object_component id="oc-333">
         <name>.text:GrLineDrawH</name>
         <load_address>0x9ce0</load_address>
         <run_address>0x9ce0</run_address>
         <size>0x46</size>
         <input_file_ref idref="fl-102"/>
      </object_component>
      <object_component id="oc-339">
         <name>.text:GrLineDrawV</name>
         <load_address>0x9d26</load_address>
         <run_address>0x9d26</run_address>
         <size>0x46</size>
         <input_file_ref idref="fl-102"/>
      </object_component>
      <object_component id="oc-5e2">
         <name>.text:_GPIOIntNumberGet</name>
         <load_address>0x9d6c</load_address>
         <run_address>0x9d6c</run_address>
         <size>0x44</size>
         <input_file_ref idref="fl-105"/>
      </object_component>
      <object_component id="oc-1fb">
         <name>.text:__TI_auto_init_nobinit_nopinit:__TI_auto_init_nobinit_nopinit</name>
         <load_address>0x9db0</load_address>
         <run_address>0x9db0</run_address>
         <size>0x44</size>
         <input_file_ref idref="fl-ed"/>
      </object_component>
      <object_component id="oc-682">
         <name>.text:_ZN8Joystick10emitCenterEv</name>
         <load_address>0x9df4</load_address>
         <run_address>0x9df4</run_address>
         <size>0x40</size>
         <input_file_ref idref="fl-17"/>
      </object_component>
      <object_component id="oc-69e">
         <name>.text:_ZN8Joystick10emitRepeatEv</name>
         <load_address>0x9e34</load_address>
         <run_address>0x9e34</run_address>
         <size>0x40</size>
         <input_file_ref idref="fl-17"/>
      </object_component>
      <object_component id="oc-67b">
         <name>.text:_ZN8Joystick12emitTiltStopEv</name>
         <load_address>0x9e74</load_address>
         <run_address>0x9e74</run_address>
         <size>0x40</size>
         <input_file_ref idref="fl-17"/>
      </object_component>
      <object_component id="oc-674">
         <name>.text:_ZN8Joystick13emitTiltStartEv</name>
         <load_address>0x9eb4</load_address>
         <run_address>0x9eb4</run_address>
         <size>0x40</size>
         <input_file_ref idref="fl-17"/>
      </object_component>
      <object_component id="oc-689">
         <name>.text:_ZN8Joystick14emitDirChangedEv</name>
         <load_address>0x9ef4</load_address>
         <run_address>0x9ef4</run_address>
         <size>0x40</size>
         <input_file_ref idref="fl-17"/>
      </object_component>
      <object_component id="oc-697">
         <name>.text:_ZN8Joystick8emitMoveEv</name>
         <load_address>0x9f34</load_address>
         <run_address>0x9f34</run_address>
         <size>0x40</size>
         <input_file_ref idref="fl-17"/>
      </object_component>
      <object_component id="oc-73b">
         <name>.text:_fcpy</name>
         <load_address>0x9f74</load_address>
         <run_address>0x9f74</run_address>
         <size>0x3e</size>
         <input_file_ref idref="fl-e5"/>
      </object_component>
      <object_component id="oc-540">
         <name>.text:FontGlyphDataGet</name>
         <load_address>0x9fb2</load_address>
         <run_address>0x9fb2</run_address>
         <size>0x3c</size>
         <input_file_ref idref="fl-ff"/>
      </object_component>
      <object_component id="oc-4f0">
         <name>.text:SSIConfigSetExpClk</name>
         <load_address>0x9fee</load_address>
         <run_address>0x9fee</run_address>
         <size>0x3c</size>
         <input_file_ref idref="fl-108"/>
      </object_component>
      <object_component id="oc-3b7">
         <name>.text:SysCtlPeripheralReady</name>
         <load_address>0xa02c</load_address>
         <run_address>0xa02c</run_address>
         <size>0x38</size>
         <input_file_ref idref="fl-109"/>
      </object_component>
      <object_component id="oc-367">
         <name>.text</name>
         <load_address>0xa064</load_address>
         <run_address>0xa064</run_address>
         <size>0x38</size>
         <input_file_ref idref="fl-da"/>
      </object_component>
      <object_component id="oc-5e8">
         <name>.text:IntRegister</name>
         <load_address>0xa09c</load_address>
         <run_address>0xa09c</run_address>
         <size>0x34</size>
         <input_file_ref idref="fl-106"/>
      </object_component>
      <object_component id="oc-3b1">
         <name>.text:SysCtlPeripheralEnable</name>
         <load_address>0xa0d0</load_address>
         <run_address>0xa0d0</run_address>
         <size>0x34</size>
         <input_file_ref idref="fl-109"/>
      </object_component>
      <object_component id="oc-64">
         <name>.text:_c_int00_noargs:_c_int00_noargs</name>
         <load_address>0xa104</load_address>
         <run_address>0xa104</run_address>
         <size>0x34</size>
         <input_file_ref idref="fl-e3"/>
      </object_component>
      <object_component id="oc-655">
         <name>.text:_ZN8Joystick6EventsC1Ev</name>
         <load_address>0xa138</load_address>
         <run_address>0xa138</run_address>
         <size>0x30</size>
         <input_file_ref idref="fl-17"/>
      </object_component>
      <object_component id="oc-346">
         <name>.text:_outs</name>
         <load_address>0xa168</load_address>
         <run_address>0xa168</run_address>
         <size>0x30</size>
         <input_file_ref idref="fl-d9"/>
      </object_component>
      <object_component id="oc-405">
         <name>.text:ADCIntStatus</name>
         <load_address>0xa198</load_address>
         <run_address>0xa198</run_address>
         <size>0x2e</size>
         <input_file_ref idref="fl-103"/>
      </object_component>
      <object_component id="oc-2cd">
         <name>.text:GrStringNextCharGet</name>
         <load_address>0xa1c6</load_address>
         <run_address>0xa1c6</run_address>
         <size>0x2e</size>
         <input_file_ref idref="fl-ff"/>
      </object_component>
      <object_component id="oc-71e">
         <name>.text</name>
         <load_address>0xa1f4</load_address>
         <run_address>0xa1f4</run_address>
         <size>0x2e</size>
         <input_file_ref idref="fl-ec"/>
      </object_component>
      <object_component id="oc-612">
         <name>.text:GPIODirModeSet</name>
         <load_address>0xa222</load_address>
         <run_address>0xa222</run_address>
         <size>0x2c</size>
         <input_file_ref idref="fl-105"/>
      </object_component>
      <object_component id="oc-168">
         <name>.text:GrFontBaselineGet</name>
         <load_address>0xa24e</load_address>
         <run_address>0xa24e</run_address>
         <size>0x2c</size>
         <input_file_ref idref="fl-ff"/>
      </object_component>
      <object_component id="oc-690">
         <name>.text:_ZN8Joystick10fabsf_fastEf</name>
         <load_address>0xa27a</load_address>
         <run_address>0xa27a</run_address>
         <size>0x28</size>
         <input_file_ref idref="fl-17"/>
      </object_component>
      <object_component id="oc-411">
         <name>.text:sqrtf</name>
         <load_address>0xa2a4</load_address>
         <run_address>0xa2a4</run_address>
         <size>0x28</size>
         <input_file_ref idref="fl-d5"/>
      </object_component>
      <object_component id="oc-2d9">
         <name>.text:GrFontInfoGet</name>
         <load_address>0xa2cc</load_address>
         <run_address>0xa2cc</run_address>
         <size>0x26</size>
         <input_file_ref idref="fl-ff"/>
      </object_component>
      <object_component id="oc-2d3">
         <name>.text:GrFontGlyphDataGet</name>
         <load_address>0xa2f2</load_address>
         <run_address>0xa2f2</run_address>
         <size>0x22</size>
         <input_file_ref idref="fl-ff"/>
      </object_component>
      <object_component id="oc-43a">
         <name>.text:PWMGenConfigure</name>
         <load_address>0xa314</load_address>
         <run_address>0xa314</run_address>
         <size>0x22</size>
         <input_file_ref idref="fl-107"/>
      </object_component>
      <object_component id="oc-394">
         <name>.text:_SysCtlMemTimingGet</name>
         <load_address>0xa338</load_address>
         <run_address>0xa338</run_address>
         <size>0x20</size>
         <input_file_ref idref="fl-109"/>
      </object_component>
      <object_component id="oc-40b">
         <name>.text:ADCSequenceDataGet</name>
         <load_address>0xa358</load_address>
         <run_address>0xa358</run_address>
         <size>0x1e</size>
         <input_file_ref idref="fl-103"/>
      </object_component>
      <object_component id="oc-529">
         <name>.text:GrFontCodepageGet</name>
         <load_address>0xa376</load_address>
         <run_address>0xa376</run_address>
         <size>0x1e</size>
         <input_file_ref idref="fl-ff"/>
      </object_component>
      <object_component id="oc-457">
         <name>.text:PWMPulseWidthSet</name>
         <load_address>0xa394</load_address>
         <run_address>0xa394</run_address>
         <size>0x1e</size>
         <input_file_ref idref="fl-107"/>
      </object_component>
      <object_component id="oc-580">
         <name>.text:memccpy</name>
         <load_address>0xa3b2</load_address>
         <run_address>0xa3b2</run_address>
         <size>0x1c</size>
         <input_file_ref idref="fl-f6"/>
      </object_component>
      <object_component id="oc-4ea">
         <name>.text:GPIOPinTypeGPIOOutput</name>
         <load_address>0xa3ce</load_address>
         <run_address>0xa3ce</run_address>
         <size>0x1a</size>
         <input_file_ref idref="fl-105"/>
      </object_component>
      <object_component id="oc-7de">
         <name>.text:copysign</name>
         <load_address>0xa3e8</load_address>
         <run_address>0xa3e8</run_address>
         <size>0x1a</size>
         <input_file_ref idref="fl-fc"/>
      </object_component>
      <object_component id="oc-3ff">
         <name>.text:ADCProcessorTrigger</name>
         <load_address>0xa402</load_address>
         <run_address>0xa402</run_address>
         <size>0x18</size>
         <input_file_ref idref="fl-103"/>
      </object_component>
      <object_component id="oc-3bd">
         <name>.text:GPIOIntRegister</name>
         <load_address>0xa41a</load_address>
         <run_address>0xa41a</run_address>
         <size>0x18</size>
         <input_file_ref idref="fl-105"/>
      </object_component>
      <object_component id="oc-34c">
         <name>.text:_outc</name>
         <load_address>0xa432</load_address>
         <run_address>0xa432</run_address>
         <size>0x18</size>
         <input_file_ref idref="fl-d9"/>
      </object_component>
      <object_component id="oc-18d">
         <name>.text:strcmp</name>
         <load_address>0xa44a</load_address>
         <run_address>0xa44a</run_address>
         <size>0x18</size>
         <input_file_ref idref="fl-e1"/>
      </object_component>
      <object_component id="oc-3e1">
         <name>.text:GPIOPinTypeADC</name>
         <load_address>0xa462</load_address>
         <run_address>0xa462</run_address>
         <size>0x16</size>
         <input_file_ref idref="fl-105"/>
      </object_component>
      <object_component id="oc-5f6">
         <name>.text:GPIOPinTypeGPIOInput</name>
         <load_address>0xa478</load_address>
         <run_address>0xa478</run_address>
         <size>0x16</size>
         <input_file_ref idref="fl-105"/>
      </object_component>
      <object_component id="oc-42e">
         <name>.text:GPIOPinTypePWM</name>
         <load_address>0xa48e</load_address>
         <run_address>0xa48e</run_address>
         <size>0x16</size>
         <input_file_ref idref="fl-105"/>
      </object_component>
      <object_component id="oc-4e4">
         <name>.text:GPIOPinTypeSSI</name>
         <load_address>0xa4a4</load_address>
         <run_address>0xa4a4</run_address>
         <size>0x16</size>
         <input_file_ref idref="fl-105"/>
      </object_component>
      <object_component id="oc-15c">
         <name>.text:GrStringDraw</name>
         <load_address>0xa4ba</load_address>
         <run_address>0xa4ba</run_address>
         <size>0x16</size>
         <input_file_ref idref="fl-ff"/>
      </object_component>
      <object_component id="oc-74f">
         <name>.text:strchr</name>
         <load_address>0xa4d0</load_address>
         <run_address>0xa4d0</run_address>
         <size>0x16</size>
         <input_file_ref idref="fl-f7"/>
      </object_component>
      <object_component id="oc-434">
         <name>.text:PWMClockSet</name>
         <load_address>0xa4e8</load_address>
         <run_address>0xa4e8</run_address>
         <size>0x14</size>
         <input_file_ref idref="fl-107"/>
      </object_component>
      <object_component id="oc-193">
         <name>.text:strcpy</name>
         <load_address>0xa4fc</load_address>
         <run_address>0xa4fc</run_address>
         <size>0x14</size>
         <input_file_ref idref="fl-e2"/>
      </object_component>
      <object_component id="oc-551">
         <name>.text:strlen</name>
         <load_address>0xa510</load_address>
         <run_address>0xa510</run_address>
         <size>0x14</size>
         <input_file_ref idref="fl-f8"/>
      </object_component>
      <object_component id="oc-446">
         <name>.text:PWMOutputState</name>
         <load_address>0xa524</load_address>
         <run_address>0xa524</run_address>
         <size>0x12</size>
         <input_file_ref idref="fl-107"/>
      </object_component>
      <object_component id="oc-586">
         <name>.text:wcslen</name>
         <load_address>0xa536</load_address>
         <run_address>0xa536</run_address>
         <size>0x12</size>
         <input_file_ref idref="fl-f9"/>
      </object_component>
      <object_component id="oc-1b1">
         <name>.text:FPUEnable</name>
         <load_address>0xa548</load_address>
         <run_address>0xa548</run_address>
         <size>0x10</size>
         <input_file_ref idref="fl-104"/>
      </object_component>
      <object_component id="oc-1b7">
         <name>.text:FPULazyStackingEnable</name>
         <load_address>0xa558</load_address>
         <run_address>0xa558</run_address>
         <size>0x10</size>
         <input_file_ref idref="fl-104"/>
      </object_component>
      <object_component id="oc-1ab">
         <name>.text:IntMasterDisable</name>
         <load_address>0xa568</load_address>
         <run_address>0xa568</run_address>
         <size>0x10</size>
         <input_file_ref idref="fl-106"/>
      </object_component>
      <object_component id="oc-1d5">
         <name>.text:IntMasterEnable</name>
         <load_address>0xa578</load_address>
         <run_address>0xa578</run_address>
         <size>0x10</size>
         <input_file_ref idref="fl-106"/>
      </object_component>
      <object_component id="oc-451">
         <name>.text:PWMGenPeriodSet</name>
         <load_address>0xa588</load_address>
         <run_address>0xa588</run_address>
         <size>0x10</size>
         <input_file_ref idref="fl-107"/>
      </object_component>
      <object_component id="oc-484">
         <name>.text:_ZNK8Joystick10direction8Ev</name>
         <load_address>0xa598</load_address>
         <run_address>0xa598</run_address>
         <size>0x10</size>
         <input_file_ref idref="fl-6"/>
      </object_component>
      <object_component id="oc-65c">
         <name>.text:ADCSequenceDisable</name>
         <load_address>0xa5a8</load_address>
         <run_address>0xa5a8</run_address>
         <size>0xe</size>
         <input_file_ref idref="fl-103"/>
      </object_component>
      <object_component id="oc-3f3">
         <name>.text:ADCSequenceEnable</name>
         <load_address>0xa5b6</load_address>
         <run_address>0xa5b6</run_address>
         <size>0xe</size>
         <input_file_ref idref="fl-103"/>
      </object_component>
      <object_component id="oc-1b">
         <name>.text:decompress:none:__TI_decompress_none</name>
         <load_address>0xa5c4</load_address>
         <run_address>0xa5c4</run_address>
         <size>0xe</size>
         <input_file_ref idref="fl-df"/>
      </object_component>
      <object_component id="oc-38b">
         <name>.text:CPUcpsid</name>
         <load_address>0xa5d2</load_address>
         <run_address>0xa5d2</run_address>
         <size>0xc</size>
         <input_file_ref idref="fl-10b"/>
      </object_component>
      <object_component id="oc-469">
         <name>.text:CPUcpsie</name>
         <load_address>0xa5de</load_address>
         <run_address>0xa5de</run_address>
         <size>0xc</size>
         <input_file_ref idref="fl-10b"/>
      </object_component>
      <object_component id="oc-3c9">
         <name>.text:GPIOIntEnable</name>
         <load_address>0xa5ea</load_address>
         <run_address>0xa5ea</run_address>
         <size>0xc</size>
         <input_file_ref idref="fl-105"/>
      </object_component>
      <object_component id="oc-440">
         <name>.text:PWMGenDisable</name>
         <load_address>0xa5f6</load_address>
         <run_address>0xa5f6</run_address>
         <size>0xc</size>
         <input_file_ref idref="fl-107"/>
      </object_component>
      <object_component id="oc-45d">
         <name>.text:PWMGenEnable</name>
         <load_address>0xa602</load_address>
         <run_address>0xa602</run_address>
         <size>0xc</size>
         <input_file_ref idref="fl-107"/>
      </object_component>
      <object_component id="oc-472">
         <name>.text:__cxa_guard_acquire</name>
         <load_address>0xa60e</load_address>
         <run_address>0xa60e</run_address>
         <size>0xc</size>
         <input_file_ref idref="fl-d8"/>
      </object_component>
      <object_component id="oc-58">
         <name>.text:decompress:ZI:__TI_zero_init</name>
         <load_address>0xa61a</load_address>
         <run_address>0xa61a</run_address>
         <size>0xc</size>
         <input_file_ref idref="fl-de"/>
      </object_component>
      <object_component id="oc-27">
         <name>.text</name>
         <load_address>0xa626</load_address>
         <run_address>0xa626</run_address>
         <size>0xc</size>
         <input_file_ref idref="fl-a"/>
      </object_component>
      <object_component id="oc-3f9">
         <name>.text:ADCIntClear</name>
         <load_address>0xa632</load_address>
         <run_address>0xa632</run_address>
         <size>0xa</size>
         <input_file_ref idref="fl-103"/>
      </object_component>
      <object_component id="oc-508">
         <name>.text:SSIDataPut</name>
         <load_address>0xa63c</load_address>
         <run_address>0xa63c</run_address>
         <size>0xa</size>
         <input_file_ref idref="fl-108"/>
      </object_component>
      <object_component id="oc-4f6">
         <name>.text:SSIEnable</name>
         <load_address>0xa646</load_address>
         <run_address>0xa646</run_address>
         <size>0xa</size>
         <input_file_ref idref="fl-108"/>
      </object_component>
      <object_component id="oc-47e">
         <name>.text:__cxa_guard_release</name>
         <load_address>0xa650</load_address>
         <run_address>0xa650</run_address>
         <size>0xa</size>
         <input_file_ref idref="fl-d8"/>
      </object_component>
      <object_component id="oc-518">
         <name>.text:GrMapISO8859_1_Unicode</name>
         <load_address>0xa65a</load_address>
         <run_address>0xa65a</run_address>
         <size>0x8</size>
         <input_file_ref idref="fl-101"/>
      </object_component>
      <object_component id="oc-502">
         <name>.text:SSIBusy</name>
         <load_address>0xa662</load_address>
         <run_address>0xa662</run_address>
         <size>0x8</size>
         <input_file_ref idref="fl-108"/>
      </object_component>
      <object_component id="oc-58c">
         <name>.text:__aeabi_errno_addr</name>
         <load_address>0xa66c</load_address>
         <run_address>0xa66c</run_address>
         <size>0x8</size>
         <input_file_ref idref="fl-e4"/>
      </object_component>
      <object_component id="oc-3ab">
         <name>.text:GPIOIntClear</name>
         <load_address>0xa674</load_address>
         <run_address>0xa674</run_address>
         <size>0x6</size>
         <input_file_ref idref="fl-105"/>
      </object_component>
      <object_component id="oc-605">
         <name>.text:GPIOPinRead</name>
         <load_address>0xa67a</load_address>
         <run_address>0xa67a</run_address>
         <size>0x6</size>
         <input_file_ref idref="fl-105"/>
      </object_component>
      <object_component id="oc-4fc">
         <name>.text:GPIOPinWrite</name>
         <load_address>0xa680</load_address>
         <run_address>0xa680</run_address>
         <size>0x6</size>
         <input_file_ref idref="fl-105"/>
      </object_component>
      <object_component id="oc-150">
         <name>.text:GrContextFontSet</name>
         <load_address>0xa686</load_address>
         <run_address>0xa686</run_address>
         <size>0x6</size>
         <input_file_ref idref="fl-ff"/>
      </object_component>
      <object_component id="oc-29e">
         <name>.text:SysCtlDelay</name>
         <load_address>0xa68c</load_address>
         <run_address>0xa68c</run_address>
         <size>0x6</size>
         <input_file_ref idref="fl-109"/>
      </object_component>
      <object_component id="oc-bc">
         <name>.text:_system_pre_init</name>
         <load_address>0xa692</load_address>
         <run_address>0xa692</run_address>
         <size>0x4</size>
         <input_file_ref idref="fl-ee"/>
      </object_component>
      <object_component id="oc-1ef">
         <name>.text:abort:abort</name>
         <load_address>0xa696</load_address>
         <run_address>0xa696</run_address>
         <size>0x4</size>
         <input_file_ref idref="fl-f0"/>
      </object_component>
      <object_component id="oc-2e3">
         <name>.const:.string:g_pui8FontFixed6x8Data</name>
         <load_address>0xa69c</load_address>
         <run_address>0xa69c</run_address>
         <size>0x2f8</size>
         <input_file_ref idref="fl-100"/>
      </object_component>
      <object_component id="oc-3a3">
         <name>.const:g_pppui32XTALtoVCO</name>
         <load_address>0xa994</load_address>
         <run_address>0xa994</run_address>
         <size>0x1b0</size>
         <input_file_ref idref="fl-109"/>
      </object_component>
      <object_component id="oc-662">
         <name>.const:digital_pin_to_analog_in</name>
         <load_address>0xab44</load_address>
         <run_address>0xab44</run_address>
         <size>0x180</size>
         <input_file_ref idref="fl-17"/>
      </object_component>
      <object_component id="oc-6fd">
         <name>.const:.string:_ctypes_</name>
         <load_address>0xacc4</load_address>
         <run_address>0xacc4</run_address>
         <size>0x101</size>
         <input_file_ref idref="fl-f5"/>
      </object_component>
      <object_component id="oc-777">
         <name>.const:g_ppui32GPIOIntMapSnowflake</name>
         <load_address>0xadc8</load_address>
         <run_address>0xadc8</run_address>
         <size>0xd8</size>
         <input_file_ref idref="fl-105"/>
      </object_component>
      <object_component id="oc-171">
         <name>.const:g_sFontFixed6x8</name>
         <load_address>0xaea0</load_address>
         <run_address>0xaea0</run_address>
         <size>0xc8</size>
         <input_file_ref idref="fl-100"/>
      </object_component>
      <object_component id="oc-774">
         <name>.const:g_ppui32GPIOIntMapBlizzard</name>
         <load_address>0xaf68</load_address>
         <run_address>0xaf68</run_address>
         <size>0xc0</size>
         <input_file_ref idref="fl-105"/>
      </object_component>
      <object_component id="oc-637">
         <name>.const:g_pui32GPIOBaseAddrs</name>
         <load_address>0xb028</load_address>
         <run_address>0xb028</run_address>
         <size>0x90</size>
         <input_file_ref idref="fl-105"/>
      </object_component>
      <object_component id="oc-3a0">
         <name>.const:g_pui32Xtals</name>
         <load_address>0xb0b8</load_address>
         <run_address>0xb0b8</run_address>
         <size>0x6c</size>
         <input_file_ref idref="fl-109"/>
      </object_component>
      <object_component id="oc-66b">
         <name>.const:.string:digital_pin_to_bit_mask</name>
         <load_address>0xb124</load_address>
         <run_address>0xb124</run_address>
         <size>0x60</size>
         <input_file_ref idref="fl-17"/>
      </object_component>
      <object_component id="oc-602">
         <name>.const:.string:digital_pin_to_bit_mask</name>
         <load_address>0xb184</load_address>
         <run_address>0xb184</run_address>
         <size>0x60</size>
         <input_file_ref idref="fl-4"/>
      </object_component>
      <object_component id="oc-665">
         <name>.const:.string:digital_pin_to_port</name>
         <load_address>0xb1e4</load_address>
         <run_address>0xb1e4</run_address>
         <size>0x60</size>
         <input_file_ref idref="fl-17"/>
      </object_component>
      <object_component id="oc-5fc">
         <name>.const:.string:digital_pin_to_port</name>
         <load_address>0xb244</load_address>
         <run_address>0xb244</run_address>
         <size>0x60</size>
         <input_file_ref idref="fl-4"/>
      </object_component>
      <object_component id="oc-668">
         <name>.const:port_to_base</name>
         <load_address>0xb2a4</load_address>
         <run_address>0xb2a4</run_address>
         <size>0x40</size>
         <input_file_ref idref="fl-17"/>
      </object_component>
      <object_component id="oc-5ff">
         <name>.const:port_to_base</name>
         <load_address>0xb2e4</load_address>
         <run_address>0xb2e4</run_address>
         <size>0x40</size>
         <input_file_ref idref="fl-4"/>
      </object_component>
      <object_component id="oc-802">
         <name>.const:$O1$$</name>
         <load_address>0xb324</load_address>
         <run_address>0xb324</run_address>
         <size>0x34</size>
         <input_file_ref idref="fl-d6"/>
      </object_component>
      <object_component id="oc-5c8">
         <name>.const:g_sXTALtoMEMTIM</name>
         <load_address>0xb358</load_address>
         <run_address>0xb358</run_address>
         <size>0x30</size>
         <input_file_ref idref="fl-109"/>
      </object_component>
      <object_component id="oc-16e">
         <name>.const:g_sCrystalfontz128x128</name>
         <load_address>0xb388</load_address>
         <run_address>0xb388</run_address>
         <size>0x28</size>
         <input_file_ref idref="fl-2"/>
      </object_component>
      <object_component id="oc-5f1">
         <name>.const:g_pui32EnRegs</name>
         <load_address>0xb3b0</load_address>
         <run_address>0xb3b0</run_address>
         <size>0x14</size>
         <input_file_ref idref="fl-106"/>
      </object_component>
      <object_component id="oc-2b0">
         <name>.const:g_psDefaultCodePointMapTable</name>
         <load_address>0xb3c4</load_address>
         <run_address>0xb3c4</run_address>
         <size>0x10</size>
         <input_file_ref idref="fl-fd"/>
      </object_component>
      <object_component id="oc-37d">
         <name>.const:.string</name>
         <load_address>0xb3d4</load_address>
         <run_address>0xb3d4</run_address>
         <size>0xe</size>
         <input_file_ref idref="fl-b"/>
      </object_component>
      <object_component id="oc-26b">
         <name>.const:$P$T0$2</name>
         <load_address>0xb3e4</load_address>
         <run_address>0xb3e4</run_address>
         <size>0xc</size>
         <input_file_ref idref="fl-13"/>
      </object_component>
      <object_component id="oc-174">
         <name>.const:$P$T0$1</name>
         <load_address>0xb3f0</load_address>
         <run_address>0xb3f0</run_address>
         <size>0x8</size>
         <input_file_ref idref="fl-7"/>
      </object_component>
      <object_component id="oc-36f">
         <name>.const:$P$T0$1</name>
         <load_address>0xb3f8</load_address>
         <run_address>0xb3f8</run_address>
         <size>0x8</size>
         <input_file_ref idref="fl-9"/>
      </object_component>
      <object_component id="oc-17a">
         <name>.const:$P$T1$2</name>
         <load_address>0xb400</load_address>
         <run_address>0xb400</run_address>
         <size>0x8</size>
         <input_file_ref idref="fl-7"/>
      </object_component>
      <object_component id="oc-372">
         <name>.const:$P$T1$2</name>
         <load_address>0xb408</load_address>
         <run_address>0xb408</run_address>
         <size>0x8</size>
         <input_file_ref idref="fl-9"/>
      </object_component>
      <object_component id="oc-1db">
         <name>.const:$P$T2$3</name>
         <load_address>0xb410</load_address>
         <run_address>0xb410</run_address>
         <size>0x8</size>
         <input_file_ref idref="fl-7"/>
      </object_component>
      <object_component id="oc-375">
         <name>.const:$P$T2$3</name>
         <load_address>0xb418</load_address>
         <run_address>0xb418</run_address>
         <size>0x8</size>
         <input_file_ref idref="fl-9"/>
      </object_component>
      <object_component id="oc-3a6">
         <name>.const:g_pui32VCOFrequencies</name>
         <load_address>0xb420</load_address>
         <run_address>0xb420</run_address>
         <size>0x8</size>
         <input_file_ref idref="fl-109"/>
      </object_component>
      <object_component id="oc-7c">
         <name>.const</name>
         <load_address>0xb428</load_address>
         <run_address>0xb428</run_address>
         <size>0x4</size>
         <input_file_ref idref="fl-14"/>
      </object_component>
      <object_component id="oc-100">
         <name>.const</name>
         <load_address>0xb42c</load_address>
         <run_address>0xb42c</run_address>
         <size>0x4</size>
         <input_file_ref idref="fl-12"/>
      </object_component>
      <object_component id="oc-2eb">
         <name>.const:.string</name>
         <load_address>0xb430</load_address>
         <run_address>0xb430</run_address>
         <size>0x2</size>
         <input_file_ref idref="fl-7"/>
      </object_component>
      <object_component id="oc-84c">
         <name>.cinit..data.load</name>
         <load_address>0xb438</load_address>
         <run_address>0xb438</run_address>
         <size>0x3a</size>
      </object_component>
      <object_component id="oc-849">
         <name>__TI_handler_table</name>
         <load_address>0xb474</load_address>
         <run_address>0xb474</run_address>
         <size>0xc</size>
      </object_component>
      <object_component id="oc-84d">
         <name>.cinit..bss.load</name>
         <load_address>0xb480</load_address>
         <run_address>0xb480</run_address>
         <size>0x8</size>
      </object_component>
      <object_component id="oc-84b">
         <name>.cinit..vtable.load</name>
         <load_address>0xb488</load_address>
         <run_address>0xb488</run_address>
         <size>0x8</size>
      </object_component>
      <object_component id="oc-84a">
         <name>__TI_cinit_table</name>
         <load_address>0xb490</load_address>
         <run_address>0xb490</run_address>
         <size>0x18</size>
      </object_component>
      <object_component id="oc-77b">
         <name>.vtable</name>
         <uninitialized>true</uninitialized>
         <run_address>0x20000000</run_address>
         <size>0x26c</size>
         <input_file_ref idref="fl-106"/>
      </object_component>
      <object_component id="oc-2a6">
         <name>.data:Lcd_buffer</name>
         <load_address>0x2000026c</load_address>
         <run_address>0x2000026c</run_address>
         <size>0x8000</size>
         <input_file_ref idref="fl-2"/>
      </object_component>
      <object_component id="oc-463">
         <name>.data</name>
         <load_address>0x2000832c</load_address>
         <run_address>0x2000832c</run_address>
         <size>0x8</size>
         <input_file_ref idref="fl-5"/>
      </object_component>
      <object_component id="oc-177">
         <name>.data</name>
         <load_address>0x20008320</load_address>
         <run_address>0x20008320</run_address>
         <size>0xa</size>
         <input_file_ref idref="fl-7"/>
      </object_component>
      <object_component id="oc-19f">
         <name>.data:sw_lastTimeStr</name>
         <load_address>0x200082f4</load_address>
         <run_address>0x200082f4</run_address>
         <size>0x14</size>
         <input_file_ref idref="fl-7"/>
      </object_component>
      <object_component id="oc-36c">
         <name>.data</name>
         <load_address>0x200082c8</load_address>
         <run_address>0x200082c8</run_address>
         <size>0x16</size>
         <input_file_ref idref="fl-8"/>
      </object_component>
      <object_component id="oc-1a8">
         <name>.data</name>
         <load_address>0x20008308</load_address>
         <run_address>0x20008308</run_address>
         <size>0xc</size>
         <input_file_ref idref="fl-b"/>
      </object_component>
      <object_component id="oc-1a2">
         <name>.data:gStartButton</name>
         <load_address>0x200082b0</load_address>
         <run_address>0x200082b0</run_address>
         <size>0x18</size>
         <input_file_ref idref="fl-b"/>
      </object_component>
      <object_component id="oc-1a5">
         <name>.data:gResetButton</name>
         <load_address>0x20008298</load_address>
         <run_address>0x20008298</run_address>
         <size>0x18</size>
         <input_file_ref idref="fl-b"/>
      </object_component>
      <object_component id="oc-79">
         <name>.data</name>
         <load_address>0x2000826c</load_address>
         <run_address>0x2000826c</run_address>
         <size>0x2c</size>
         <input_file_ref idref="fl-12"/>
      </object_component>
      <object_component id="oc-fa">
         <name>.data:xYieldPendings</name>
         <load_address>0x2000833c</load_address>
         <run_address>0x2000833c</run_address>
         <size>0x4</size>
         <input_file_ref idref="fl-12"/>
      </object_component>
      <object_component id="oc-265">
         <name>.data</name>
         <load_address>0x20008314</load_address>
         <run_address>0x20008314</run_address>
         <size>0xc</size>
         <input_file_ref idref="fl-13"/>
      </object_component>
      <object_component id="oc-86">
         <name>.data</name>
         <load_address>0x20008334</load_address>
         <run_address>0x20008334</run_address>
         <size>0x4</size>
         <input_file_ref idref="fl-14"/>
      </object_component>
      <object_component id="oc-248">
         <name>.data</name>
         <load_address>0x200082e0</load_address>
         <run_address>0x200082e0</run_address>
         <size>0x14</size>
         <input_file_ref idref="fl-16"/>
      </object_component>
      <object_component id="oc-75f">
         <name>.data</name>
         <load_address>0x20008338</load_address>
         <run_address>0x20008338</run_address>
         <size>0x4</size>
         <input_file_ref idref="fl-e4"/>
      </object_component>
      <object_component id="oc-48b">
         <name>.bss</name>
         <uninitialized>true</uninitialized>
         <run_address>0x2000d740</run_address>
         <size>0x4</size>
         <input_file_ref idref="fl-6"/>
      </object_component>
      <object_component id="oc-48c">
         <name>.bss:js$2</name>
         <uninitialized>true</uninitialized>
         <run_address>0x2000d250</run_address>
         <size>0x190</size>
         <input_file_ref idref="fl-6"/>
      </object_component>
      <object_component id="oc-41d">
         <name>.bss:gMicSamples</name>
         <uninitialized>true</uninitialized>
         <run_address>0x2000d520</run_address>
         <size>0x100</size>
         <input_file_ref idref="fl-8"/>
      </object_component>
      <object_component id="oc-e5">
         <name>.bss:pxReadyTasksLists</name>
         <uninitialized>true</uninitialized>
         <run_address>0x2000d3e0</run_address>
         <size>0x140</size>
         <input_file_ref idref="fl-12"/>
      </object_component>
      <object_component id="oc-103">
         <name>.bss:xDelayedTaskList1</name>
         <uninitialized>true</uninitialized>
         <run_address>0x2000d6c4</run_address>
         <size>0x14</size>
         <input_file_ref idref="fl-12"/>
      </object_component>
      <object_component id="oc-106">
         <name>.bss:xDelayedTaskList2</name>
         <uninitialized>true</uninitialized>
         <run_address>0x2000d6d8</run_address>
         <size>0x14</size>
         <input_file_ref idref="fl-12"/>
      </object_component>
      <object_component id="oc-eb">
         <name>.bss</name>
         <uninitialized>true</uninitialized>
         <run_address>0x2000d728</run_address>
         <size>0x8</size>
         <input_file_ref idref="fl-12"/>
      </object_component>
      <object_component id="oc-ee">
         <name>.bss:xPendingReadyList</name>
         <uninitialized>true</uninitialized>
         <run_address>0x2000d6ec</run_address>
         <size>0x14</size>
         <input_file_ref idref="fl-12"/>
      </object_component>
      <object_component id="oc-e8">
         <name>.bss:xTasksWaitingTermination</name>
         <uninitialized>true</uninitialized>
         <run_address>0x2000d714</run_address>
         <size>0x14</size>
         <input_file_ref idref="fl-12"/>
      </object_component>
      <object_component id="oc-f1">
         <name>.bss:xSuspendedTaskList</name>
         <uninitialized>true</uninitialized>
         <run_address>0x2000d700</run_address>
         <size>0x14</size>
         <input_file_ref idref="fl-12"/>
      </object_component>
      <object_component id="oc-fd">
         <name>.bss:xIdleTaskHandles</name>
         <uninitialized>true</uninitialized>
         <run_address>0x2000d748</run_address>
         <size>0x4</size>
         <input_file_ref idref="fl-12"/>
      </object_component>
      <object_component id="oc-26e">
         <name>.bss:xActiveTimerList1</name>
         <uninitialized>true</uninitialized>
         <run_address>0x2000d69c</run_address>
         <size>0x14</size>
         <input_file_ref idref="fl-13"/>
      </object_component>
      <object_component id="oc-271">
         <name>.bss:xActiveTimerList2</name>
         <uninitialized>true</uninitialized>
         <run_address>0x2000d6b0</run_address>
         <size>0x14</size>
         <input_file_ref idref="fl-13"/>
      </object_component>
      <object_component id="oc-268">
         <name>.bss</name>
         <uninitialized>true</uninitialized>
         <run_address>0x2000d730</run_address>
         <size>0x8</size>
         <input_file_ref idref="fl-13"/>
      </object_component>
      <object_component id="oc-24e">
         <name>.bss:ucHeap</name>
         <uninitialized>true</uninitialized>
         <run_address>0x20008340</run_address>
         <size>0x4f10</size>
         <input_file_ref idref="fl-16"/>
      </object_component>
      <object_component id="oc-24b">
         <name>.bss:xStart</name>
         <uninitialized>true</uninitialized>
         <run_address>0x2000d738</run_address>
         <size>0x8</size>
         <input_file_ref idref="fl-16"/>
      </object_component>
      <object_component id="oc-2b3">
         <name>.bss</name>
         <uninitialized>true</uninitialized>
         <run_address>0x2000d744</run_address>
         <size>0x4</size>
         <input_file_ref idref="fl-fd"/>
      </object_component>
      <object_component id="oc-2a5">
         <name>.common:Lcd_Orientation</name>
         <uninitialized>true</uninitialized>
         <run_address>0x2000d754</run_address>
         <size>0x1</size>
      </object_component>
      <object_component id="oc-29f">
         <name>.common:Lcd_ScreenWidth</name>
         <uninitialized>true</uninitialized>
         <run_address>0x2000d74e</run_address>
         <size>0x2</size>
      </object_component>
      <object_component id="oc-2a0">
         <name>.common:Lcd_ScreenHeigth</name>
         <uninitialized>true</uninitialized>
         <run_address>0x2000d74c</run_address>
         <size>0x2</size>
      </object_component>
      <object_component id="oc-2a1">
         <name>.common:Lcd_PenSolid</name>
         <uninitialized>true</uninitialized>
         <run_address>0x2000d755</run_address>
         <size>0x1</size>
      </object_component>
      <object_component id="oc-2a2">
         <name>.common:Lcd_FontSolid</name>
         <uninitialized>true</uninitialized>
         <run_address>0x2000d753</run_address>
         <size>0x1</size>
      </object_component>
      <object_component id="oc-2a3">
         <name>.common:Lcd_FlagRead</name>
         <uninitialized>true</uninitialized>
         <run_address>0x2000d752</run_address>
         <size>0x1</size>
      </object_component>
      <object_component id="oc-2a4">
         <name>.common:Lcd_TouchTrim</name>
         <uninitialized>true</uninitialized>
         <run_address>0x2000d750</run_address>
         <size>0x2</size>
      </object_component>
      <object_component id="oc-17d">
         <name>.common:gContext</name>
         <uninitialized>true</uninitialized>
         <run_address>0x2000d670</run_address>
         <size>0x2c</size>
      </object_component>
      <object_component id="oc-4cc">
         <name>.common:xQueueRegistry</name>
         <uninitialized>true</uninitialized>
         <run_address>0x2000d620</run_address>
         <size>0x50</size>
      </object_component>
      <object_component id="oc-24">
         <name>.stack</name>
         <uninitialized>true</uninitialized>
         <run_address>0x2000d758</run_address>
         <size>0x4</size>
         <input_file_ref idref="fl-e3"/>
      </object_component>
      <object_component id="oc-84f">
         <name>.stack</name>
         <uninitialized>true</uninitialized>
         <run_address>0x2000d758</run_address>
         <size>0x0</size>
      </object_component>
      <object_component id="oc-132">
         <name>.debug_info</name>
         <load_address>0x0</load_address>
         <run_address>0x0</run_address>
         <size>0x71b</size>
         <input_file_ref idref="fl-2"/>
      </object_component>
      <object_component id="oc-2a7">
         <name>.debug_info</name>
         <load_address>0x71b</load_address>
         <run_address>0x71b</run_address>
         <size>0x135</size>
         <input_file_ref idref="fl-2"/>
      </object_component>
      <object_component id="oc-16f">
         <name>.debug_info</name>
         <load_address>0x850</load_address>
         <run_address>0x850</run_address>
         <size>0x14e</size>
         <input_file_ref idref="fl-2"/>
      </object_component>
      <object_component id="oc-145">
         <name>.debug_info</name>
         <load_address>0x99e</load_address>
         <run_address>0x99e</run_address>
         <size>0x1633</size>
         <input_file_ref idref="fl-2"/>
      </object_component>
      <object_component id="oc-293">
         <name>.debug_info</name>
         <load_address>0x1fd1</load_address>
         <run_address>0x1fd1</run_address>
         <size>0x6bd</size>
         <input_file_ref idref="fl-2"/>
      </object_component>
      <object_component id="oc-97">
         <name>.debug_info</name>
         <load_address>0x268e</load_address>
         <run_address>0x268e</run_address>
         <size>0x26b</size>
         <input_file_ref idref="fl-2"/>
      </object_component>
      <object_component id="oc-12d">
         <name>.debug_info</name>
         <load_address>0x28f9</load_address>
         <run_address>0x28f9</run_address>
         <size>0x8b</size>
         <input_file_ref idref="fl-2"/>
      </object_component>
      <object_component id="oc-128">
         <name>.debug_info</name>
         <load_address>0x2984</load_address>
         <run_address>0x2984</run_address>
         <size>0x2a4</size>
         <input_file_ref idref="fl-2"/>
      </object_component>
      <object_component id="oc-9c">
         <name>.debug_info</name>
         <load_address>0x2c28</load_address>
         <run_address>0x2c28</run_address>
         <size>0xbb</size>
         <input_file_ref idref="fl-2"/>
      </object_component>
      <object_component id="oc-299">
         <name>.debug_info</name>
         <load_address>0x2ce3</load_address>
         <run_address>0x2ce3</run_address>
         <size>0x815</size>
[...]
         <value>0x8019</value>
         <object_component_ref idref="oc-417"/>
      </symbol>
      <symbol id="sm-b2d">
         <name>sqrtf</name>
         <value>0xa2a5</value>
         <object_component_ref idref="oc-411"/>
      </symbol>
      <symbol id="sm-b5a">
         <name>atanf</name>
         <value>0x8425</value>
         <object_component_ref idref="oc-7a5"/>
      </symbol>
      <symbol id="sm-b7c">
         <name>floorf</name>
         <value>0x94d5</value>
         <object_component_ref idref="oc-6a5"/>
      </symbol>
      <symbol id="sm-b96">
         <name>__cxa_guard_release</name>
         <value>0xa651</value>
         <object_component_ref idref="oc-47e"/>
      </symbol>
      <symbol id="sm-b97">
         <name>__cxa_guard_acquire</name>
         <value>0xa60f</value>
         <object_component_ref idref="oc-472"/>
      </symbol>
      <symbol id="sm-bd0">
         <name>snprintf</name>
         <value>0x9bb9</value>
         <object_component_ref idref="oc-187"/>
      </symbol>
      <symbol id="sm-bdb">
         <name>__aeabi_f2d</name>
         <value>0xa065</value>
         <object_component_ref idref="oc-367"/>
      </symbol>
      <symbol id="sm-bf6">
         <name>memcpy</name>
         <value>0x920f</value>
         <object_component_ref idref="oc-46"/>
      </symbol>
      <symbol id="sm-bf7">
         <name>__aeabi_memcpy</name>
         <value>0x920f</value>
         <object_component_ref idref="oc-46"/>
      </symbol>
      <symbol id="sm-bf8">
         <name>__aeabi_memcpy8</name>
         <value>0x920f</value>
         <object_component_ref idref="oc-46"/>
      </symbol>
      <symbol id="sm-bf9">
         <name>__aeabi_memcpy4</name>
         <value>0x920f</value>
         <object_component_ref idref="oc-46"/>
      </symbol>
      <symbol id="sm-c08">
         <name>__aeabi_memset</name>
         <value>0x95d1</value>
         <object_component_ref idref="oc-b6"/>
      </symbol>
      <symbol id="sm-c09">
         <name>memset</name>
         <value>0x95d7</value>
         <object_component_ref idref="oc-b6"/>
      </symbol>
      <symbol id="sm-c0a">
         <name>__aeabi_memset8</name>
         <value>0x95d1</value>
         <object_component_ref idref="oc-b6"/>
      </symbol>
      <symbol id="sm-c0b">
         <name>__aeabi_memset4</name>
         <value>0x95d1</value>
         <object_component_ref idref="oc-b6"/>
      </symbol>
      <symbol id="sm-c0c">
         <name>__aeabi_memclr8</name>
         <value>0x95cf</value>
         <object_component_ref idref="oc-b6"/>
      </symbol>
      <symbol id="sm-c0d">
         <name>__aeabi_memclr4</name>
         <value>0x95cf</value>
         <object_component_ref idref="oc-b6"/>
      </symbol>
      <symbol id="sm-c0e">
         <name>__aeabi_memclr</name>
         <value>0x95cf</value>
         <object_component_ref idref="oc-b6"/>
      </symbol>
      <symbol id="sm-c1b">
         <name>__aeabi_uldivmod</name>
         <value>0x92ab</value>
         <object_component_ref idref="oc-44c"/>
      </symbol>
      <symbol id="sm-c2d">
         <name>__TI_zero_init</name>
         <value>0xa61b</value>
         <object_component_ref idref="oc-58"/>
      </symbol>
      <symbol id="sm-c44">
         <name>__TI_decompress_none</name>
         <value>0xa5c5</value>
         <object_component_ref idref="oc-1b"/>
      </symbol>
      <symbol id="sm-c67">
         <name>__TI_decompress_lzss</name>
         <value>0x97f1</value>
         <object_component_ref idref="oc-15"/>
      </symbol>
      <symbol id="sm-c76">
         <name>strcmp</name>
         <value>0xa44b</value>
         <object_component_ref idref="oc-18d"/>
      </symbol>
      <symbol id="sm-c84">
         <name>strcpy</name>
         <value>0xa4fd</value>
         <object_component_ref idref="oc-193"/>
      </symbol>
      <symbol id="sm-c97">
         <name>__stack</name>
         <value>0x2000d758</value>
         <object_component_ref idref="oc-24"/>
      </symbol>
      <symbol id="sm-c98">
         <name>_c_int00_noargs</name>
         <value>0xa105</value>
         <object_component_ref idref="oc-64"/>
      </symbol>
      <symbol id="sm-cae">
         <name>__aeabi_errno_addr</name>
         <value>0xa66d</value>
         <object_component_ref idref="oc-58c"/>
      </symbol>
      <symbol id="sm-caf">
         <name>errno</name>
         <value>0x20008338</value>
         <object_component_ref idref="oc-75f"/>
      </symbol>
      <symbol id="sm-e14">
         <name>__TI_printfi</name>
         <value>0x4b35</value>
         <object_component_ref idref="oc-340"/>
      </symbol>
      <symbol id="sm-e1e">
         <name>__aeabi_idiv0</name>
         <value>0x4b33</value>
         <object_component_ref idref="oc-641"/>
      </symbol>
      <symbol id="sm-e1f">
         <name>__aeabi_ldiv0</name>
         <value>0x4b33</value>
         <object_component_ref idref="oc-641"/>
      </symbol>
      <symbol id="sm-e36">
         <name>__aeabi_dsub</name>
         <value>0x7cf5</value>
         <object_component_ref idref="oc-723"/>
      </symbol>
      <symbol id="sm-e37">
         <name>__aeabi_dadd</name>
         <value>0x7cff</value>
         <object_component_ref idref="oc-723"/>
      </symbol>
      <symbol id="sm-e59">
         <name>__aeabi_cdcmpeq</name>
         <value>0x93c7</value>
         <object_component_ref idref="oc-563"/>
      </symbol>
      <symbol id="sm-e5a">
         <name>__aeabi_cdcmple</name>
         <value>0x93c7</value>
         <object_component_ref idref="oc-563"/>
      </symbol>
      <symbol id="sm-e5b">
         <name>__aeabi_cdrcmple</name>
         <value>0x944d</value>
         <object_component_ref idref="oc-70e"/>
      </symbol>
      <symbol id="sm-e6f">
         <name>__aeabi_ddiv</name>
         <value>0x8931</value>
         <object_component_ref idref="oc-709"/>
      </symbol>
      <symbol id="sm-e7a">
         <name>__aeabi_dmul</name>
         <value>0x8dcd</value>
         <object_component_ref idref="oc-704"/>
      </symbol>
      <symbol id="sm-e84">
         <name>__aeabi_d2iz</name>
         <value>0x9c99</value>
         <object_component_ref idref="oc-713"/>
      </symbol>
      <symbol id="sm-e8e">
         <name>__aeabi_i2d</name>
         <value>0xa1f5</value>
         <object_component_ref idref="oc-71e"/>
      </symbol>
      <symbol id="sm-eb6">
         <name>__TI_auto_init_nobinit_nopinit</name>
         <value>0x9db1</value>
         <object_component_ref idref="oc-1fb"/>
      </symbol>
      <symbol id="sm-ec0">
         <name>_system_pre_init</name>
         <value>0xa693</value>
         <object_component_ref idref="oc-bc"/>
      </symbol>
      <symbol id="sm-ecc">
         <name>C$$EXIT</name>
         <value>0xa697</value>
         <object_component_ref idref="oc-1ef"/>
      </symbol>
      <symbol id="sm-ecd">
         <name>abort</name>
         <value>0xa697</value>
         <object_component_ref idref="oc-1ef"/>
      </symbol>
      <symbol id="sm-edd">
         <name>__TI_ltoa</name>
         <value>0x9a2d</value>
         <object_component_ref idref="oc-718"/>
      </symbol>
      <symbol id="sm-ef4">
         <name>atoi</name>
         <value>0x9b6d</value>
         <object_component_ref idref="oc-557"/>
      </symbol>
      <symbol id="sm-eff">
         <name>_ctypes_</name>
         <value>0xacc4</value>
         <object_component_ref idref="oc-6fd"/>
      </symbol>
      <symbol id="sm-f0f">
         <name>memccpy</name>
         <value>0xa3b3</value>
         <object_component_ref idref="oc-580"/>
      </symbol>
      <symbol id="sm-f1f">
         <name>strchr</name>
         <value>0xa4d1</value>
         <object_component_ref idref="oc-74f"/>
      </symbol>
      <symbol id="sm-f2d">
         <name>strlen</name>
         <value>0xa511</value>
         <object_component_ref idref="oc-551"/>
      </symbol>
      <symbol id="sm-f46">
         <name>wcslen</name>
         <value>0xa537</value>
         <object_component_ref idref="oc-586"/>
      </symbol>
      <symbol id="sm-f5c">
         <name>frexpl</name>
         <value>0x98c1</value>
         <object_component_ref idref="oc-743"/>
      </symbol>
      <symbol id="sm-f5d">
         <name>frexp</name>
         <value>0x98c1</value>
         <object_component_ref idref="oc-743"/>
      </symbol>
      <symbol id="sm-f7a">
         <name>scalbn</name>
         <value>0x8cbd</value>
         <object_component_ref idref="oc-749"/>
      </symbol>
      <symbol id="sm-f7b">
         <name>scalbnl</name>
         <value>0x8cbd</value>
         <object_component_ref idref="oc-749"/>
      </symbol>
      <symbol id="sm-f7c">
         <name>ldexpl</name>
         <value>0x8cbd</value>
         <object_component_ref idref="oc-749"/>
      </symbol>
      <symbol id="sm-f7d">
         <name>ldexp</name>
         <value>0x8cbd</value>
         <object_component_ref idref="oc-749"/>
      </symbol>
      <symbol id="sm-f87">
         <name>copysign</name>
         <value>0xa3e9</value>
         <object_component_ref idref="oc-7de"/>
      </symbol>
      <symbol id="sm-f88">
         <name>copysignl</name>
         <value>0xa3e9</value>
         <object_component_ref idref="oc-7de"/>
      </symbol>
      <symbol id="sm-fc0">
         <name>GrContextInit</name>
         <value>0x96b9</value>
         <object_component_ref idref="oc-14a"/>
      </symbol>
      <symbol id="sm-fc1">
         <name>g_psDefaultCodePointMapTable</name>
         <value>0xb3c4</value>
         <object_component_ref idref="oc-2b0"/>
      </symbol>
      <symbol id="sm-fd8">
         <name>GrRectFill</name>
         <value>0x9341</value>
         <object_component_ref idref="oc-156"/>
      </symbol>
      <symbol id="sm-fd9">
         <name>GrRectDraw</name>
         <value>0x9859</value>
         <object_component_ref idref="oc-181"/>
      </symbol>
      <symbol id="sm-107d">
         <name>GrFontInfoGet</name>
         <value>0xa2cd</value>
         <object_component_ref idref="oc-2d9"/>
      </symbol>
      <symbol id="sm-107e">
         <name>GrDefaultStringRenderer</name>
         <value>0x909b</value>
         <object_component_ref idref="oc-2aa"/>
      </symbol>
      <symbol id="sm-107f">
         <name>GrFontGlyphRender</name>
         <value>0x72d9</value>
         <object_component_ref idref="oc-511"/>
      </symbol>
      <symbol id="sm-1080">
         <name>GrContextFontSet</name>
         <value>0xa687</value>
         <object_component_ref idref="oc-150"/>
      </symbol>
      <symbol id="sm-1081">
         <name>GrFontGlyphDataGet</name>
         <value>0xa2f3</value>
         <object_component_ref idref="oc-2d3"/>
      </symbol>
      <symbol id="sm-1082">
         <name>GrStringDraw</name>
         <value>0xa4bb</value>
         <object_component_ref idref="oc-15c"/>
      </symbol>
      <symbol id="sm-1083">
         <name>GrFontCodepageGet</name>
         <value>0xa377</value>
         <object_component_ref idref="oc-529"/>
      </symbol>
      <symbol id="sm-1084">
         <name>GrStringNextCharGet</name>
         <value>0xa1c7</value>
         <object_component_ref idref="oc-2cd"/>
      </symbol>
      <symbol id="sm-1085">
         <name>GrStringWidthGet</name>
         <value>0x9721</value>
         <object_component_ref idref="oc-162"/>
      </symbol>
      <symbol id="sm-1086">
         <name>GrFontBaselineGet</name>
         <value>0xa24f</value>
         <object_component_ref idref="oc-168"/>
      </symbol>
      <symbol id="sm-1098">
         <name>g_sFontFixed6x8</name>
         <value>0xaea0</value>
         <object_component_ref idref="oc-171"/>
      </symbol>
      <symbol id="sm-10a5">
         <name>GrMapISO8859_1_Unicode</name>
         <value>0xa65b</value>
         <object_component_ref idref="oc-518"/>
      </symbol>
      <symbol id="sm-10be">
         <name>GrLineDrawH</name>
         <value>0x9ce1</value>
         <object_component_ref idref="oc-333"/>
      </symbol>
      <symbol id="sm-10bf">
         <name>GrLineDrawV</name>
         <value>0x9d27</value>
         <object_component_ref idref="oc-339"/>
      </symbol>
      <symbol id="sm-110c">
         <name>ADCProcessorTrigger</name>
         <value>0xa403</value>
         <object_component_ref idref="oc-3ff"/>
      </symbol>
      <symbol id="sm-110d">
         <name>ADCSequenceEnable</name>
         <value>0xa5b7</value>
         <object_component_ref idref="oc-3f3"/>
      </symbol>
      <symbol id="sm-110e">
         <name>ADCSequenceConfigure</name>
         <value>0x9ad3</value>
         <object_component_ref idref="oc-3e7"/>
      </symbol>
      <symbol id="sm-110f">
         <name>ADCSequenceStepConfigure</name>
         <value>0x9555</value>
         <object_component_ref idref="oc-3ed"/>
      </symbol>
      <symbol id="sm-1110">
         <name>ADCIntClear</name>
         <value>0xa633</value>
         <object_component_ref idref="oc-3f9"/>
      </symbol>
      <symbol id="sm-1111">
         <name>ADCIntStatus</name>
         <value>0xa199</value>
         <object_component_ref idref="oc-405"/>
      </symbol>
      <symbol id="sm-1112">
         <name>ADCSequenceDisable</name>
         <value>0xa5a9</value>
         <object_component_ref idref="oc-65c"/>
      </symbol>
      <symbol id="sm-1113">
         <name>ADCSequenceDataGet</name>
         <value>0xa359</value>
         <object_component_ref idref="oc-40b"/>
      </symbol>
      <symbol id="sm-1129">
         <name>FPULazyStackingEnable</name>
         <value>0xa559</value>
         <object_component_ref idref="oc-1b7"/>
      </symbol>
      <symbol id="sm-112a">
         <name>FPUEnable</name>
         <value>0xa549</value>
         <object_component_ref idref="oc-1b1"/>
      </symbol>
      <symbol id="sm-11d3">
         <name>GPIOPinTypePWM</name>
         <value>0xa48f</value>
         <object_component_ref idref="oc-42e"/>
      </symbol>
      <symbol id="sm-11d4">
         <name>GPIOIntRegister</name>
         <value>0xa41b</value>
         <object_component_ref idref="oc-3bd"/>
      </symbol>
      <symbol id="sm-11d5">
         <name>GPIOPinConfigure</name>
         <value>0x9b21</value>
         <object_component_ref idref="oc-428"/>
      </symbol>
      <symbol id="sm-11d6">
         <name>GPIOIntEnable</name>
         <value>0xa5eb</value>
         <object_component_ref idref="oc-3c9"/>
      </symbol>
      <symbol id="sm-11d7">
         <name>GPIOIntTypeSet</name>
         <value>0x997f</value>
         <object_component_ref idref="oc-3c3"/>
      </symbol>
      <symbol id="sm-11d8">
         <name>GPIOPinTypeADC</name>
         <value>0xa463</value>
         <object_component_ref idref="oc-3e1"/>
      </symbol>
      <symbol id="sm-11d9">
         <name>GPIOPinTypeGPIOInput</name>
         <value>0xa479</value>
         <object_component_ref idref="oc-5f6"/>
      </symbol>
      <symbol id="sm-11da">
         <name>GPIOIntClear</name>
         <value>0xa675</value>
         <object_component_ref idref="oc-3ab"/>
      </symbol>
      <symbol id="sm-11db">
         <name>GPIOPinTypeGPIOOutput</name>
         <value>0xa3cf</value>
         <object_component_ref idref="oc-4ea"/>
      </symbol>
      <symbol id="sm-11dc">
         <name>GPIOPinRead</name>
         <value>0xa67b</value>
         <object_component_ref idref="oc-605"/>
      </symbol>
      <symbol id="sm-11dd">
         <name>GPIODirModeSet</name>
         <value>0xa223</value>
         <object_component_ref idref="oc-612"/>
      </symbol>
      <symbol id="sm-11de">
         <name>GPIOPinWrite</name>
         <value>0xa681</value>
         <object_component_ref idref="oc-4fc"/>
      </symbol>
      <symbol id="sm-11df">
         <name>GPIOPadConfigSet</name>
         <value>0x7ead</value>
         <object_component_ref idref="oc-60b"/>
      </symbol>
      <symbol id="sm-11e0">
         <name>GPIOPinTypeSSI</name>
         <value>0xa4a5</value>
         <object_component_ref idref="oc-4e4"/>
      </symbol>
      <symbol id="sm-1223">
         <name>IntEnable</name>
         <value>0x9789</value>
         <object_component_ref idref="oc-3cf"/>
      </symbol>
      <symbol id="sm-1224">
         <name>IntRegister</name>
         <value>0xa09d</value>
         <object_component_ref idref="oc-5e8"/>
      </symbol>
      <symbol id="sm-1225">
         <name>IntMasterDisable</name>
         <value>0xa569</value>
         <object_component_ref idref="oc-1ab"/>
      </symbol>
      <symbol id="sm-1226">
         <name>g_pfnRAMVectors</name>
         <value>0x20000000</value>
         <object_component_ref idref="oc-77b"/>
      </symbol>
      <symbol id="sm-1227">
         <name>IntMasterEnable</name>
         <value>0xa579</value>
         <object_component_ref idref="oc-1d5"/>
      </symbol>
      <symbol id="sm-1266">
         <name>PWMGenPeriodSet</name>
         <value>0xa589</value>
         <object_component_ref idref="oc-451"/>
      </symbol>
      <symbol id="sm-1267">
         <name>PWMGenDisable</name>
         <value>0xa5f7</value>
         <object_component_ref idref="oc-440"/>
      </symbol>
      <symbol id="sm-1268">
         <name>PWMClockSet</name>
         <value>0xa4e9</value>
         <object_component_ref idref="oc-434"/>
      </symbol>
      <symbol id="sm-1269">
         <name>PWMPulseWidthSet</name>
         <value>0xa395</value>
         <object_component_ref idref="oc-457"/>
      </symbol>
      <symbol id="sm-126a">
         <name>PWMOutputState</name>
         <value>0xa525</value>
         <object_component_ref idref="oc-446"/>
      </symbol>
      <symbol id="sm-126b">
         <name>PWMGenEnable</name>
         <value>0xa603</value>
         <object_component_ref idref="oc-45d"/>
      </symbol>
      <symbol id="sm-126c">
         <name>PWMGenConfigure</name>
         <value>0xa315</value>
         <object_component_ref idref="oc-43a"/>
      </symbol>
      <symbol id="sm-1293">
         <name>SSIDataPut</name>
         <value>0xa63d</value>
         <object_component_ref idref="oc-508"/>
      </symbol>
      <symbol id="sm-1294">
         <name>SSIConfigSetExpClk</name>
         <value>0x9fef</value>
         <object_component_ref idref="oc-4f0"/>
      </symbol>
      <symbol id="sm-1295">
         <name>SSIEnable</name>
         <value>0xa647</value>
         <object_component_ref idref="oc-4f6"/>
      </symbol>
      <symbol id="sm-1296">
         <name>SSIBusy</name>
         <value>0xa663</value>
         <object_component_ref idref="oc-502"/>
      </symbol>
      <symbol id="sm-1311">
         <name>SysCtlDelay</name>
         <value>0xa68d</value>
         <object_component_ref idref="oc-29e"/>
      </symbol>
      <symbol id="sm-1312">
         <name>SysCtlPeripheralEnable</name>
         <value>0xa0d1</value>
         <object_component_ref idref="oc-3b1"/>
      </symbol>
      <symbol id="sm-1313">
         <name>SysCtlPeripheralReady</name>
         <value>0xa02d</value>
         <object_component_ref idref="oc-3b7"/>
      </symbol>
      <symbol id="sm-1314">
         <name>SysCtlClockFreqSet</name>
         <value>0x7769</value>
         <object_component_ref idref="oc-1bd"/>
      </symbol>
      <symbol id="sm-1327">
         <name>CPUcpsie</name>
         <value>0xa5df</value>
         <object_component_ref idref="oc-469"/>
      </symbol>
      <symbol id="sm-1328">
         <name>CPUcpsid</name>
         <value>0xa5d3</value>
         <object_component_ref idref="oc-38b"/>
      </symbol>
      <symbol id="sm-1329">
         <name>__TI_static_base__</name>
         <value>0x0</value>
      </symbol>
      <symbol id="sm-132c">
         <name>__mpu_init</name>
         <value>0x0</value>
      </symbol>
      <symbol id="sm-132d">
         <name>_system_post_cinit</name>
         <value>0x0</value>
      </symbol>
   </symbol_table>
   <title>Link successful</title>
</link_info>
