<?xml version="1.0" encoding="ISO-8859-1" ?>
<link_info>
   <banner>TI ARM Linker Unix v20.2.7.LTS</banner>
   <copyright>Copyright (c) 1996-2018 Texas Instruments Incorporated</copyright>
   <link_time>0x69dd42bc</link_time>
   <link_errors>0x0</link_errors>
   <output_file>lab1_FreeRTOS.out</output_file>
   <entry_point>
      <name>_c_int00_noargs</name>
      <address>0x7e71</address>
   </entry_point>
   <input_file_list>
      <input_file id="fl-2">
         <path>./</path>
         <kind>object</kind>
         <file>buzzer.obj</file>
         <name>buzzer.obj</name>
      </input_file>
      <input_file id="fl-3">
         <path>./</path>
         <kind>object</kind>
         <file>Crystalfontz128x128_ST7735.obj</file>
         <name>Crystalfontz128x128_ST7735.obj</name>
      </input_file>
      <input_file id="fl-4">
         <path>./</path>
         <kind>object</kind>
         <file>HAL_EK_TM4C1294XL_Crystalfontz128x128_ST7735.obj</file>
         <name>HAL_EK_TM4C1294XL_Crystalfontz128x128_ST7735.obj</name>
      </input_file>
      <input_file id="fl-5">
         <path>./</path>
         <kind>object</kind>
         <file>button.obj</file>
         <name>button.obj</name>
      </input_file>
      <input_file id="fl-6">
         <path>./</path>
         <kind>object</kind>
         <file>main.obj</file>
         <name>main.obj</name>
      </input_file>
      <input_file id="fl-7">
         <path>./</path>
         <kind>object</kind>
         <file>startup_ccs.obj</file>
         <name>startup_ccs.obj</name>
      </input_file>
      <input_file id="fl-8">
         <path>./</path>
         <kind>object</kind>
         <file>stopwatch.obj</file>
         <name>stopwatch.obj</name>
      </input_file>
      <input_file id="fl-9">
         <path>./</path>
         <kind>object</kind>
         <file>timerLib.obj</file>
         <name>timerLib.obj</name>
      </input_file>
      <input_file id="fl-a">
         <path>./FreeRTOS/</path>
         <kind>object</kind>
         <file>croutine.obj</file>
         <name>croutine.obj</name>
      </input_file>
      <input_file id="fl-b">
         <path>./FreeRTOS/</path>
         <kind>object</kind>
         <file>event_groups.obj</file>
         <name>event_groups.obj</name>
      </input_file>
      <input_file id="fl-c">
         <path>./FreeRTOS/</path>
         <kind>object</kind>
         <file>list.obj</file>
         <name>list.obj</name>
      </input_file>
      <input_file id="fl-d">
         <path>./FreeRTOS/</path>
         <kind>object</kind>
         <file>queue.obj</file>
         <name>queue.obj</name>
      </input_file>
      <input_file id="fl-e">
         <path>./FreeRTOS/</path>
         <kind>object</kind>
         <file>stream_buffer.obj</file>
         <name>stream_buffer.obj</name>
      </input_file>
      <input_file id="fl-f">
         <path>./FreeRTOS/</path>
         <kind>object</kind>
         <file>tasks.obj</file>
         <name>tasks.obj</name>
      </input_file>
      <input_file id="fl-10">
         <path>./FreeRTOS/</path>
         <kind>object</kind>
         <file>timers.obj</file>
         <name>timers.obj</name>
      </input_file>
      <input_file id="fl-11">
         <path>./FreeRTOS/portable/CCS/ARM_CM4F/</path>
         <kind>object</kind>
         <file>port.obj</file>
         <name>port.obj</name>
      </input_file>
      <input_file id="fl-12">
         <path>./FreeRTOS/portable/CCS/ARM_CM4F/</path>
         <kind>object</kind>
         <file>portasm.obj</file>
         <name>portasm.obj</name>
      </input_file>
      <input_file id="fl-13">
         <path>./FreeRTOS/portable/MemMang/</path>
         <kind>object</kind>
         <file>heap_4.obj</file>
         <name>heap_4.obj</name>
      </input_file>
      <input_file id="fl-19">
         <kind>object</kind>
         <file>&lt;internal&gt;</file>
         <name>&lt;internal&gt;</name>
      </input_file>
      <input_file id="fl-cf">
         <path>/Applications/ti/ccs1281/ccs/tools/compiler/ti-cgt-arm_20.2.7.LTS/lib/</path>
         <kind>archive</kind>
         <file>rtsv7M4_T_le_v4SPD16_eabi.lib</file>
         <name>snprintf.c.obj</name>
      </input_file>
      <input_file id="fl-d0">
         <path>/Applications/ti/ccs1281/ccs/tools/compiler/ti-cgt-arm_20.2.7.LTS/lib/</path>
         <kind>archive</kind>
         <file>rtsv7M4_T_le_v4SPD16_eabi.lib</file>
         <name>memcpy_t2.asm.obj</name>
      </input_file>
      <input_file id="fl-d1">
         <path>/Applications/ti/ccs1281/ccs/tools/compiler/ti-cgt-arm_20.2.7.LTS/lib/</path>
         <kind>archive</kind>
         <file>rtsv7M4_T_le_v4SPD16_eabi.lib</file>
         <name>memset_t2.asm.obj</name>
      </input_file>
      <input_file id="fl-d2">
         <path>/Applications/ti/ccs1281/ccs/tools/compiler/ti-cgt-arm_20.2.7.LTS/lib/</path>
         <kind>archive</kind>
         <file>rtsv7M4_T_le_v4SPD16_eabi.lib</file>
         <name>ull_div_t2.asm.obj</name>
      </input_file>
      <input_file id="fl-d3">
         <path>/Applications/ti/ccs1281/ccs/tools/compiler/ti-cgt-arm_20.2.7.LTS/lib/</path>
         <kind>archive</kind>
         <file>rtsv7M4_T_le_v4SPD16_eabi.lib</file>
         <name>copy_zero_init.c.obj</name>
      </input_file>
      <input_file id="fl-d4">
         <path>/Applications/ti/ccs1281/ccs/tools/compiler/ti-cgt-arm_20.2.7.LTS/lib/</path>
         <kind>archive</kind>
         <file>rtsv7M4_T_le_v4SPD16_eabi.lib</file>
         <name>copy_decompress_none.c.obj</name>
      </input_file>
      <input_file id="fl-d5">
         <path>/Applications/ti/ccs1281/ccs/tools/compiler/ti-cgt-arm_20.2.7.LTS/lib/</path>
         <kind>archive</kind>
         <file>rtsv7M4_T_le_v4SPD16_eabi.lib</file>
         <name>copy_decompress_lzss.c.obj</name>
      </input_file>
      <input_file id="fl-d6">
         <path>/Applications/ti/ccs1281/ccs/tools/compiler/ti-cgt-arm_20.2.7.LTS/lib/</path>
         <kind>archive</kind>
         <file>rtsv7M4_T_le_v4SPD16_eabi.lib</file>
         <name>strcmp.c.obj</name>
      </input_file>
      <input_file id="fl-d7">
         <path>/Applications/ti/ccs1281/ccs/tools/compiler/ti-cgt-arm_20.2.7.LTS/lib/</path>
         <kind>archive</kind>
         <file>rtsv7M4_T_le_v4SPD16_eabi.lib</file>
         <name>strcpy.c.obj</name>
      </input_file>
      <input_file id="fl-d8">
         <path>/Applications/ti/ccs1281/ccs/tools/compiler/ti-cgt-arm_20.2.7.LTS/lib/</path>
         <kind>archive</kind>
         <file>rtsv7M4_T_le_v4SPD16_eabi.lib</file>
         <name>boot_cortex_m.c.obj</name>
      </input_file>
      <input_file id="fl-d9">
         <path>/Applications/ti/ccs1281/ccs/tools/compiler/ti-cgt-arm_20.2.7.LTS/lib/</path>
         <kind>archive</kind>
         <file>rtsv7M4_T_le_v4SPD16_eabi.lib</file>
         <name>_printfi.c.obj</name>
      </input_file>
      <input_file id="fl-da">
         <path>/Applications/ti/ccs1281/ccs/tools/compiler/ti-cgt-arm_20.2.7.LTS/lib/</path>
         <kind>archive</kind>
         <file>rtsv7M4_T_le_v4SPD16_eabi.lib</file>
         <name>div0.asm.obj</name>
      </input_file>
      <input_file id="fl-db">
         <path>/Applications/ti/ccs1281/ccs/tools/compiler/ti-cgt-arm_20.2.7.LTS/lib/</path>
         <kind>archive</kind>
         <file>rtsv7M4_T_le_v4SPD16_eabi.lib</file>
         <name>fd_add_t2.asm.obj</name>
      </input_file>
      <input_file id="fl-dc">
         <path>/Applications/ti/ccs1281/ccs/tools/compiler/ti-cgt-arm_20.2.7.LTS/lib/</path>
         <kind>archive</kind>
         <file>rtsv7M4_T_le_v4SPD16_eabi.lib</file>
         <name>fd_cmp_t2.asm.obj</name>
      </input_file>
      <input_file id="fl-dd">
         <path>/Applications/ti/ccs1281/ccs/tools/compiler/ti-cgt-arm_20.2.7.LTS/lib/</path>
         <kind>archive</kind>
         <file>rtsv7M4_T_le_v4SPD16_eabi.lib</file>
         <name>fd_div_t2.asm.obj</name>
      </input_file>
      <input_file id="fl-de">
         <path>/Applications/ti/ccs1281/ccs/tools/compiler/ti-cgt-arm_20.2.7.LTS/lib/</path>
         <kind>archive</kind>
         <file>rtsv7M4_T_le_v4SPD16_eabi.lib</file>
         <name>fd_mul_t2.asm.obj</name>
      </input_file>
      <input_file id="fl-df">
         <path>/Applications/ti/ccs1281/ccs/tools/compiler/ti-cgt-arm_20.2.7.LTS/lib/</path>
         <kind>archive</kind>
         <file>rtsv7M4_T_le_v4SPD16_eabi.lib</file>
         <name>fd_toi_t2.asm.obj</name>
      </input_file>
      <input_file id="fl-e0">
         <path>/Applications/ti/ccs1281/ccs/tools/compiler/ti-cgt-arm_20.2.7.LTS/lib/</path>
         <kind>archive</kind>
         <file>rtsv7M4_T_le_v4SPD16_eabi.lib</file>
         <name>i_tofd_t2.asm.obj</name>
      </input_file>
      <input_file id="fl-e1">
         <path>/Applications/ti/ccs1281/ccs/tools/compiler/ti-cgt-arm_20.2.7.LTS/lib/</path>
         <kind>archive</kind>
         <file>rtsv7M4_T_le_v4SPD16_eabi.lib</file>
         <name>autoinit.c.obj</name>
      </input_file>
      <input_file id="fl-e2">
         <path>/Applications/ti/ccs1281/ccs/tools/compiler/ti-cgt-arm_20.2.7.LTS/lib/</path>
         <kind>archive</kind>
         <file>rtsv7M4_T_le_v4SPD16_eabi.lib</file>
         <name>pre_init.c.obj</name>
      </input_file>
      <input_file id="fl-e3">
         <path>/Applications/ti/ccs1281/ccs/tools/compiler/ti-cgt-arm_20.2.7.LTS/lib/</path>
         <kind>archive</kind>
         <file>rtsv7M4_T_le_v4SPD16_eabi.lib</file>
         <name>cpy_tbl.c.obj</name>
      </input_file>
      <input_file id="fl-e4">
         <path>/Applications/ti/ccs1281/ccs/tools/compiler/ti-cgt-arm_20.2.7.LTS/lib/</path>
         <kind>archive</kind>
         <file>rtsv7M4_T_le_v4SPD16_eabi.lib</file>
         <name>exit.c.obj</name>
      </input_file>
      <input_file id="fl-e5">
         <path>/Applications/ti/ccs1281/ccs/tools/compiler/ti-cgt-arm_20.2.7.LTS/lib/</path>
         <kind>archive</kind>
         <file>rtsv7M4_T_le_v4SPD16_eabi.lib</file>
         <name>_lock.c.obj</name>
      </input_file>
      <input_file id="fl-e6">
         <path>/Applications/ti/ccs1281/ccs/tools/compiler/ti-cgt-arm_20.2.7.LTS/lib/</path>
         <kind>archive</kind>
         <file>rtsv7M4_T_le_v4SPD16_eabi.lib</file>
         <name>_ltoa.c.obj</name>
      </input_file>
      <input_file id="fl-e7">
         <path>/Applications/ti/ccs1281/ccs/tools/compiler/ti-cgt-arm_20.2.7.LTS/lib/</path>
         <kind>archive</kind>
         <file>rtsv7M4_T_le_v4SPD16_eabi.lib</file>
         <name>args_main.c.obj</name>
      </input_file>
      <input_file id="fl-e8">
         <path>/Applications/ti/ccs1281/ccs/tools/compiler/ti-cgt-arm_20.2.7.LTS/lib/</path>
         <kind>archive</kind>
         <file>rtsv7M4_T_le_v4SPD16_eabi.lib</file>
         <name>atoi.c.obj</name>
      </input_file>
      <input_file id="fl-e9">
         <path>/Applications/ti/ccs1281/ccs/tools/compiler/ti-cgt-arm_20.2.7.LTS/lib/</path>
         <kind>archive</kind>
         <file>rtsv7M4_T_le_v4SPD16_eabi.lib</file>
         <name>ctype.c.obj</name>
      </input_file>
      <input_file id="fl-ea">
         <path>/Applications/ti/ccs1281/ccs/tools/compiler/ti-cgt-arm_20.2.7.LTS/lib/</path>
         <kind>archive</kind>
         <file>rtsv7M4_T_le_v4SPD16_eabi.lib</file>
         <name>memccpy.c.obj</name>
      </input_file>
      <input_file id="fl-eb">
         <path>/Applications/ti/ccs1281/ccs/tools/compiler/ti-cgt-arm_20.2.7.LTS/lib/</path>
         <kind>archive</kind>
         <file>rtsv7M4_T_le_v4SPD16_eabi.lib</file>
         <name>strchr.c.obj</name>
      </input_file>
      <input_file id="fl-ec">
         <path>/Applications/ti/ccs1281/ccs/tools/compiler/ti-cgt-arm_20.2.7.LTS/lib/</path>
         <kind>archive</kind>
         <file>rtsv7M4_T_le_v4SPD16_eabi.lib</file>
         <name>strlen.c.obj</name>
      </input_file>
      <input_file id="fl-ed">
         <path>/Applications/ti/ccs1281/ccs/tools/compiler/ti-cgt-arm_20.2.7.LTS/lib/</path>
         <kind>archive</kind>
         <file>rtsv7M4_T_le_v4SPD16_eabi.lib</file>
         <name>errno.c.obj</name>
      </input_file>
      <input_file id="fl-ee">
         <path>/Applications/ti/ccs1281/ccs/tools/compiler/ti-cgt-arm_20.2.7.LTS/lib/</path>
         <kind>archive</kind>
         <file>rtsv7M4_T_le_v4SPD16_eabi.lib</file>
         <name>wcslen.c.obj</name>
      </input_file>
      <input_file id="fl-ef">
         <path>/Applications/ti/ccs1281/ccs/tools/compiler/ti-cgt-arm_20.2.7.LTS/lib/</path>
         <kind>archive</kind>
         <file>rtsv7M4_T_le_v4SPD16_eabi.lib</file>
         <name>s_frexp.c.obj</name>
      </input_file>
      <input_file id="fl-f0">
         <path>/Applications/ti/ccs1281/ccs/tools/compiler/ti-cgt-arm_20.2.7.LTS/lib/</path>
         <kind>archive</kind>
         <file>rtsv7M4_T_le_v4SPD16_eabi.lib</file>
         <name>s_scalbn.c.obj</name>
      </input_file>
      <input_file id="fl-f1">
         <path>/Applications/ti/ccs1281/ccs/tools/compiler/ti-cgt-arm_20.2.7.LTS/lib/</path>
         <kind>archive</kind>
         <file>rtsv7M4_T_le_v4SPD16_eabi.lib</file>
         <name>s_copysign.c.obj</name>
      </input_file>
      <input_file id="fl-f2">
         <path>/Users/Doanh/ti/TivaWare_C_Series-2.2.0.295/grlib/ccs/Debug/</path>
         <kind>archive</kind>
         <file>grlib.lib</file>
         <name>context.obj</name>
      </input_file>
      <input_file id="fl-f3">
         <path>/Users/Doanh/ti/TivaWare_C_Series-2.2.0.295/grlib/ccs/Debug/</path>
         <kind>archive</kind>
         <file>grlib.lib</file>
         <name>rectangle.obj</name>
      </input_file>
      <input_file id="fl-f4">
         <path>/Users/Doanh/ti/TivaWare_C_Series-2.2.0.295/grlib/ccs/Debug/</path>
         <kind>archive</kind>
         <file>grlib.lib</file>
         <name>string.obj</name>
      </input_file>
      <input_file id="fl-f5">
         <path>/Users/Doanh/ti/TivaWare_C_Series-2.2.0.295/grlib/ccs/Debug/</path>
         <kind>archive</kind>
         <file>grlib.lib</file>
         <name>fontfixed6x8.obj</name>
      </input_file>
      <input_file id="fl-f6">
         <path>/Users/Doanh/ti/TivaWare_C_Series-2.2.0.295/grlib/ccs/Debug/</path>
         <kind>archive</kind>
         <file>grlib.lib</file>
         <name>charmap.obj</name>
      </input_file>
      <input_file id="fl-f7">
         <path>/Users/Doanh/ti/TivaWare_C_Series-2.2.0.295/grlib/ccs/Debug/</path>
         <kind>archive</kind>
         <file>grlib.lib</file>
         <name>line.obj</name>
      </input_file>
      <input_file id="fl-f8">
         <path>/Users/Doanh/ti/TivaWare_C_Series-2.2.0.295/driverlib/ccs/Debug/</path>
         <kind>archive</kind>
         <file>driverlib.lib</file>
         <name>fpu.obj</name>
      </input_file>
      <input_file id="fl-f9">
         <path>/Users/Doanh/ti/TivaWare_C_Series-2.2.0.295/driverlib/ccs/Debug/</path>
         <kind>archive</kind>
         <file>driverlib.lib</file>
         <name>gpio.obj</name>
      </input_file>
      <input_file id="fl-fa">
         <path>/Users/Doanh/ti/TivaWare_C_Series-2.2.0.295/driverlib/ccs/Debug/</path>
         <kind>archive</kind>
         <file>driverlib.lib</file>
         <name>interrupt.obj</name>
      </input_file>
      <input_file id="fl-fb">
         <path>/Users/Doanh/ti/TivaWare_C_Series-2.2.0.295/driverlib/ccs/Debug/</path>
         <kind>archive</kind>
         <file>driverlib.lib</file>
         <name>pwm.obj</name>
      </input_file>
      <input_file id="fl-fc">
         <path>/Users/Doanh/ti/TivaWare_C_Series-2.2.0.295/driverlib/ccs/Debug/</path>
         <kind>archive</kind>
         <file>driverlib.lib</file>
         <name>ssi.obj</name>
      </input_file>
      <input_file id="fl-fd">
         <path>/Users/Doanh/ti/TivaWare_C_Series-2.2.0.295/driverlib/ccs/Debug/</path>
         <kind>archive</kind>
         <file>driverlib.lib</file>
         <name>sysctl.obj</name>
      </input_file>
      <input_file id="fl-fe">
         <path>/Users/Doanh/ti/TivaWare_C_Series-2.2.0.295/driverlib/ccs/Debug/</path>
         <kind>archive</kind>
         <file>driverlib.lib</file>
         <name>timer.obj</name>
      </input_file>
      <input_file id="fl-ff">
         <path>/Users/Doanh/ti/TivaWare_C_Series-2.2.0.295/driverlib/ccs/Debug/</path>
         <kind>archive</kind>
         <file>driverlib.lib</file>
         <name>cpu.obj</name>
      </input_file>
   </input_file_list>
   <object_component_list>
      <object_component id="oc-12">
         <name>.intvecs</name>
         <load_address>0x0</load_address>
         <run_address>0x0</run_address>
         <size>0x200</size>
         <input_file_ref idref="fl-7"/>
      </object_component>
      <object_component id="oc-7f">
         <name>.text</name>
         <load_address>0x200</load_address>
         <run_address>0x200</run_address>
         <size>0x2460</size>
         <input_file_ref idref="fl-f"/>
      </object_component>
      <object_component id="oc-343">
         <name>.text</name>
         <load_address>0x2660</load_address>
         <run_address>0x2660</run_address>
         <size>0xd74</size>
         <input_file_ref idref="fl-d"/>
      </object_component>
      <object_component id="oc-305">
         <name>.text</name>
         <load_address>0x33d4</load_address>
         <run_address>0x33d4</run_address>
         <size>0xa5e</size>
         <input_file_ref idref="fl-5"/>
      </object_component>
      <object_component id="oc-510">
         <name>.text</name>
         <load_address>0x3e32</load_address>
         <run_address>0x3e32</run_address>
         <size>0x2</size>
         <input_file_ref idref="fl-da"/>
      </object_component>
      <object_component id="oc-2be">
         <name>.text:__TI_printfi</name>
         <load_address>0x3e34</load_address>
         <run_address>0x3e34</run_address>
         <size>0xa4e</size>
         <input_file_ref idref="fl-d9"/>
      </object_component>
      <object_component id="oc-c2">
         <name>.text</name>
         <load_address>0x4884</load_address>
         <run_address>0x4884</run_address>
         <size>0x698</size>
         <input_file_ref idref="fl-6"/>
      </object_component>
      <object_component id="oc-13e">
         <name>.text</name>
         <load_address>0x4f1c</load_address>
         <run_address>0x4f1c</run_address>
         <size>0x5e4</size>
         <input_file_ref idref="fl-3"/>
      </object_component>
      <object_component id="oc-d9">
         <name>.text</name>
         <load_address>0x5500</load_address>
         <run_address>0x5500</run_address>
         <size>0x420</size>
         <input_file_ref idref="fl-13"/>
      </object_component>
      <object_component id="oc-47f">
         <name>.text:_pconv_a</name>
         <load_address>0x5920</load_address>
         <run_address>0x5920</run_address>
         <size>0x270</size>
         <input_file_ref idref="fl-d9"/>
      </object_component>
      <object_component id="oc-418">
         <name>.text:GrFontGlyphRender</name>
         <load_address>0x5b90</load_address>
         <run_address>0x5b90</run_address>
         <size>0x252</size>
         <input_file_ref idref="fl-f4"/>
      </object_component>
      <object_component id="oc-19e">
         <name>.text:SysCtlClockFreqSet</name>
         <load_address>0x5de4</load_address>
         <run_address>0x5de4</run_address>
         <size>0x200</size>
         <input_file_ref idref="fl-fd"/>
      </object_component>
      <object_component id="oc-1a4">
         <name>.text</name>
         <load_address>0x5fe4</load_address>
         <run_address>0x5fe4</run_address>
         <size>0x1e0</size>
         <input_file_ref idref="fl-8"/>
      </object_component>
      <object_component id="oc-46d">
         <name>.text:_pconv_g</name>
         <load_address>0x61c4</load_address>
         <run_address>0x61c4</run_address>
         <size>0x1d0</size>
         <input_file_ref idref="fl-d9"/>
      </object_component>
      <object_component id="oc-58a">
         <name>.text</name>
         <load_address>0x6394</load_address>
         <run_address>0x6394</run_address>
         <size>0x1b6</size>
         <input_file_ref idref="fl-db"/>
      </object_component>
      <object_component id="oc-4dc">
         <name>.text:GPIOPadConfigSet</name>
         <load_address>0x654c</load_address>
         <run_address>0x654c</run_address>
         <size>0x16c</size>
         <input_file_ref idref="fl-f9"/>
      </object_component>
      <object_component id="oc-1aa">
         <name>.text</name>
         <load_address>0x66b8</load_address>
         <run_address>0x66b8</run_address>
         <size>0x158</size>
         <input_file_ref idref="fl-2"/>
      </object_component>
      <object_component id="oc-25c">
         <name>.text</name>
         <load_address>0x6810</load_address>
         <run_address>0x6810</run_address>
         <size>0x144</size>
         <input_file_ref idref="fl-4"/>
      </object_component>
      <object_component id="oc-479">
         <name>.text:_pconv_e</name>
         <load_address>0x6954</load_address>
         <run_address>0x6954</run_address>
         <size>0x13c</size>
         <input_file_ref idref="fl-d9"/>
      </object_component>
      <object_component id="oc-32">
         <name>.text</name>
         <load_address>0x6a90</load_address>
         <run_address>0x6a90</run_address>
         <size>0x13c</size>
         <input_file_ref idref="fl-11"/>
      </object_component>
      <object_component id="oc-570">
         <name>.text</name>
         <load_address>0x6bcc</load_address>
         <run_address>0x6bcc</run_address>
         <size>0x136</size>
         <input_file_ref idref="fl-dd"/>
      </object_component>
      <object_component id="oc-df">
         <name>.text</name>
         <load_address>0x6d02</load_address>
         <run_address>0x6d02</run_address>
         <size>0x130</size>
         <input_file_ref idref="fl-c"/>
      </object_component>
      <object_component id="oc-59c">
         <name>.text:fcvt</name>
         <load_address>0x6e34</load_address>
         <run_address>0x6e34</run_address>
         <size>0x124</size>
         <input_file_ref idref="fl-d9"/>
      </object_component>
      <object_component id="oc-5b0">
         <name>.text:scalbn</name>
         <load_address>0x6f58</load_address>
         <run_address>0x6f58</run_address>
         <size>0x110</size>
         <input_file_ref idref="fl-f0"/>
      </object_component>
      <object_component id="oc-56b">
         <name>.text</name>
         <load_address>0x7068</load_address>
         <run_address>0x7068</run_address>
         <size>0xfc</size>
         <input_file_ref idref="fl-de"/>
      </object_component>
      <object_component id="oc-2d">
         <name>.text</name>
         <load_address>0x7164</load_address>
         <run_address>0x7164</run_address>
         <size>0xda</size>
         <input_file_ref idref="fl-12"/>
      </object_component>
      <object_component id="oc-26e">
         <name>.text:GrDefaultStringRenderer</name>
         <load_address>0x723e</load_address>
         <run_address>0x723e</run_address>
         <size>0xc0</size>
         <input_file_ref idref="fl-f4"/>
      </object_component>
      <object_component id="oc-462">
         <name>.text:_ltostr</name>
         <load_address>0x7300</load_address>
         <run_address>0x7300</run_address>
         <size>0xb1</size>
         <input_file_ref idref="fl-d9"/>
      </object_component>
      <object_component id="oc-46">
         <name>.text</name>
         <load_address>0x73b2</load_address>
         <run_address>0x73b2</run_address>
         <size>0x9c</size>
         <input_file_ref idref="fl-d0"/>
      </object_component>
      <object_component id="oc-349">
         <name>.text</name>
         <load_address>0x744e</load_address>
         <run_address>0x744e</run_address>
         <size>0x96</size>
         <input_file_ref idref="fl-d2"/>
      </object_component>
      <object_component id="oc-150">
         <name>.text:GrRectFill</name>
         <load_address>0x74e4</load_address>
         <run_address>0x74e4</run_address>
         <size>0x86</size>
         <input_file_ref idref="fl-f3"/>
      </object_component>
      <object_component id="oc-468">
         <name>.text:__aeabi_cdcmple</name>
         <load_address>0x756a</load_address>
         <run_address>0x756a</run_address>
         <size>0x86</size>
         <input_file_ref idref="fl-dc"/>
      </object_component>
      <object_component id="oc-575">
         <name>.text:__aeabi_cdrcmple</name>
         <load_address>0x75f0</load_address>
         <run_address>0x75f0</run_address>
         <size>0x86</size>
         <input_file_ref idref="fl-dc"/>
      </object_component>
      <object_component id="oc-b6">
         <name>.text</name>
         <load_address>0x7676</load_address>
         <run_address>0x7676</run_address>
         <size>0x7a</size>
         <input_file_ref idref="fl-d1"/>
      </object_component>
      <object_component id="oc-595">
         <name>.text:_mcpy</name>
         <load_address>0x76f0</load_address>
         <run_address>0x76f0</run_address>
         <size>0x6e</size>
         <input_file_ref idref="fl-d9"/>
      </object_component>
      <object_component id="oc-144">
         <name>.text:GrContextInit</name>
         <load_address>0x7760</load_address>
         <run_address>0x7760</run_address>
         <size>0x68</size>
         <input_file_ref idref="fl-f2"/>
      </object_component>
      <object_component id="oc-156">
         <name>.text:GrStringWidthGet</name>
         <load_address>0x77c8</load_address>
         <run_address>0x77c8</run_address>
         <size>0x68</size>
         <input_file_ref idref="fl-f4"/>
      </object_component>
      <object_component id="oc-15">
         <name>.text:decompress:lzss:__TI_decompress_lzss</name>
         <load_address>0x7830</load_address>
         <run_address>0x7830</run_address>
         <size>0x68</size>
         <input_file_ref idref="fl-d5"/>
      </object_component>
      <object_component id="oc-174">
         <name>.text:GrRectDraw</name>
         <load_address>0x7898</load_address>
         <run_address>0x7898</run_address>
         <size>0x66</size>
         <input_file_ref idref="fl-f3"/>
      </object_component>
      <object_component id="oc-5aa">
         <name>.text:frexp</name>
         <load_address>0x7900</load_address>
         <run_address>0x7900</run_address>
         <size>0x64</size>
         <input_file_ref idref="fl-ef"/>
      </object_component>
      <object_component id="oc-43c">
         <name>.text:FontWideGlyphDataGet</name>
         <load_address>0x7964</load_address>
         <run_address>0x7964</run_address>
         <size>0x5a</size>
         <input_file_ref idref="fl-f4"/>
      </object_component>
      <object_component id="oc-473">
         <name>.text:_pconv_f</name>
         <load_address>0x79be</load_address>
         <run_address>0x79be</run_address>
         <size>0x56</size>
         <input_file_ref idref="fl-d9"/>
      </object_component>
      <object_component id="oc-57f">
         <name>.text:__TI_ltoa</name>
         <load_address>0x7a14</load_address>
         <run_address>0x7a14</run_address>
         <size>0x54</size>
         <input_file_ref idref="fl-e6"/>
      </object_component>
      <object_component id="oc-58f">
         <name>.text:_ecpy</name>
         <load_address>0x7a68</load_address>
         <run_address>0x7a68</run_address>
         <size>0x52</size>
         <input_file_ref idref="fl-d9"/>
      </object_component>
      <object_component id="oc-31f">
         <name>.text:GPIOPinConfigure</name>
         <load_address>0x7abc</load_address>
         <run_address>0x7abc</run_address>
         <size>0x4c</size>
         <input_file_ref idref="fl-f9"/>
      </object_component>
      <object_component id="oc-45c">
         <name>.text:atoi</name>
         <load_address>0x7b08</load_address>
         <run_address>0x7b08</run_address>
         <size>0x4c</size>
         <input_file_ref idref="fl-e8"/>
      </object_component>
      <object_component id="oc-17a">
         <name>.text:snprintf</name>
         <load_address>0x7b54</load_address>
         <run_address>0x7b54</run_address>
         <size>0x4c</size>
         <input_file_ref idref="fl-cf"/>
      </object_component>
      <object_component id="oc-27c">
         <name>.text:UpdateContextCharMapping</name>
         <load_address>0x7ba0</load_address>
         <run_address>0x7ba0</run_address>
         <size>0x4a</size>
         <input_file_ref idref="fl-f4"/>
      </object_component>
      <object_component id="oc-2f4">
         <name>.text:_SysCtlFrequencyGet</name>
         <load_address>0x7bec</load_address>
         <run_address>0x7bec</run_address>
         <size>0x48</size>
         <input_file_ref idref="fl-fd"/>
      </object_component>
      <object_component id="oc-57a">
         <name>.text</name>
         <load_address>0x7c34</load_address>
         <run_address>0x7c34</run_address>
         <size>0x48</size>
         <input_file_ref idref="fl-df"/>
      </object_component>
      <object_component id="oc-2b1">
         <name>.text:GrLineDrawH</name>
         <load_address>0x7c7c</load_address>
         <run_address>0x7c7c</run_address>
         <size>0x46</size>
         <input_file_ref idref="fl-f7"/>
      </object_component>
      <object_component id="oc-2b7">
         <name>.text:GrLineDrawV</name>
         <load_address>0x7cc2</load_address>
         <run_address>0x7cc2</run_address>
         <size>0x46</size>
         <input_file_ref idref="fl-f7"/>
      </object_component>
      <object_component id="oc-1e0">
         <name>.text:__TI_auto_init_nobinit_nopinit:__TI_auto_init_nobinit_nopinit</name>
         <load_address>0x7d08</load_address>
         <run_address>0x7d08</run_address>
         <size>0x44</size>
         <input_file_ref idref="fl-e1"/>
      </object_component>
      <object_component id="oc-5a2">
         <name>.text:_fcpy</name>
         <load_address>0x7d4c</load_address>
         <run_address>0x7d4c</run_address>
         <size>0x3e</size>
         <input_file_ref idref="fl-d9"/>
      </object_component>
      <object_component id="oc-442">
         <name>.text:FontGlyphDataGet</name>
         <load_address>0x7d8a</load_address>
         <run_address>0x7d8a</run_address>
         <size>0x3c</size>
         <input_file_ref idref="fl-f4"/>
      </object_component>
      <object_component id="oc-3f7">
         <name>.text:SSIConfigSetExpClk</name>
         <load_address>0x7dc6</load_address>
         <run_address>0x7dc6</run_address>
         <size>0x3c</size>
         <input_file_ref idref="fl-fc"/>
      </object_component>
      <object_component id="oc-319">
         <name>.text:SysCtlPeripheralReady</name>
         <load_address>0x7e04</load_address>
         <run_address>0x7e04</run_address>
         <size>0x38</size>
         <input_file_ref idref="fl-fd"/>
      </object_component>
      <object_component id="oc-313">
         <name>.text:SysCtlPeripheralEnable</name>
         <load_address>0x7e3c</load_address>
         <run_address>0x7e3c</run_address>
         <size>0x34</size>
         <input_file_ref idref="fl-fd"/>
      </object_component>
      <object_component id="oc-64">
         <name>.text:_c_int00_noargs:_c_int00_noargs</name>
         <load_address>0x7e70</load_address>
         <run_address>0x7e70</run_address>
         <size>0x34</size>
         <input_file_ref idref="fl-d8"/>
      </object_component>
      <object_component id="oc-2c4">
         <name>.text:_outs</name>
         <load_address>0x7ea4</load_address>
         <run_address>0x7ea4</run_address>
         <size>0x30</size>
         <input_file_ref idref="fl-cf"/>
      </object_component>
      <object_component id="oc-28b">
         <name>.text:GrStringNextCharGet</name>
         <load_address>0x7ed4</load_address>
         <run_address>0x7ed4</run_address>
         <size>0x2e</size>
         <input_file_ref idref="fl-f4"/>
      </object_component>
      <object_component id="oc-585">
         <name>.text</name>
         <load_address>0x7f02</load_address>
         <run_address>0x7f02</run_address>
         <size>0x2e</size>
         <input_file_ref idref="fl-e0"/>
      </object_component>
      <object_component id="oc-4fd">
         <name>.text:GPIODirModeSet</name>
         <load_address>0x7f30</load_address>
         <run_address>0x7f30</run_address>
         <size>0x2c</size>
         <input_file_ref idref="fl-f9"/>
      </object_component>
      <object_component id="oc-15c">
         <name>.text:GrFontBaselineGet</name>
         <load_address>0x7f5c</load_address>
         <run_address>0x7f5c</run_address>
         <size>0x2c</size>
         <input_file_ref idref="fl-f4"/>
      </object_component>
      <object_component id="oc-297">
         <name>.text:GrFontInfoGet</name>
         <load_address>0x7f88</load_address>
         <run_address>0x7f88</run_address>
         <size>0x26</size>
         <input_file_ref idref="fl-f4"/>
      </object_component>
      <object_component id="oc-291">
         <name>.text:GrFontGlyphDataGet</name>
         <load_address>0x7fae</load_address>
         <run_address>0x7fae</run_address>
         <size>0x22</size>
         <input_file_ref idref="fl-f4"/>
      </object_component>
      <object_component id="oc-331">
         <name>.text:PWMGenConfigure</name>
         <load_address>0x7fd0</load_address>
         <run_address>0x7fd0</run_address>
         <size>0x22</size>
         <input_file_ref idref="fl-fb"/>
      </object_component>
      <object_component id="oc-2ee">
         <name>.text:_SysCtlMemTimingGet</name>
         <load_address>0x7ff4</load_address>
         <run_address>0x7ff4</run_address>
         <size>0x20</size>
         <input_file_ref idref="fl-fd"/>
      </object_component>
      <object_component id="oc-430">
         <name>.text:GrFontCodepageGet</name>
         <load_address>0x8014</load_address>
         <run_address>0x8014</run_address>
         <size>0x1e</size>
         <input_file_ref idref="fl-f4"/>
      </object_component>
      <object_component id="oc-354">
         <name>.text:PWMPulseWidthSet</name>
         <load_address>0x8032</load_address>
         <run_address>0x8032</run_address>
         <size>0x1e</size>
         <input_file_ref idref="fl-fb"/>
      </object_component>
      <object_component id="oc-485">
         <name>.text:memccpy</name>
         <load_address>0x8050</load_address>
         <run_address>0x8050</run_address>
         <size>0x1c</size>
         <input_file_ref idref="fl-ea"/>
      </object_component>
      <object_component id="oc-3f1">
         <name>.text:GPIOPinTypeGPIOOutput</name>
         <load_address>0x806c</load_address>
         <run_address>0x806c</run_address>
         <size>0x1a</size>
         <input_file_ref idref="fl-f9"/>
      </object_component>
      <object_component id="oc-619">
         <name>.text:copysign</name>
         <load_address>0x8086</load_address>
         <run_address>0x8086</run_address>
         <size>0x1a</size>
         <input_file_ref idref="fl-f1"/>
      </object_component>
      <object_component id="oc-2ca">
         <name>.text:_outc</name>
         <load_address>0x80a0</load_address>
         <run_address>0x80a0</run_address>
         <size>0x18</size>
         <input_file_ref idref="fl-cf"/>
      </object_component>
      <object_component id="oc-180">
         <name>.text:strcmp</name>
         <load_address>0x80b8</load_address>
         <run_address>0x80b8</run_address>
         <size>0x18</size>
         <input_file_ref idref="fl-d6"/>
      </object_component>
      <object_component id="oc-4c7">
         <name>.text:GPIOPinTypeGPIOInput</name>
         <load_address>0x80d0</load_address>
         <run_address>0x80d0</run_address>
         <size>0x16</size>
         <input_file_ref idref="fl-f9"/>
      </object_component>
      <object_component id="oc-325">
         <name>.text:GPIOPinTypePWM</name>
         <load_address>0x80e6</load_address>
         <run_address>0x80e6</run_address>
         <size>0x16</size>
         <input_file_ref idref="fl-f9"/>
      </object_component>
      <object_component id="oc-3eb">
         <name>.text:GPIOPinTypeSSI</name>
         <load_address>0x80fc</load_address>
         <run_address>0x80fc</run_address>
         <size>0x16</size>
         <input_file_ref idref="fl-f9"/>
      </object_component>
      <object_component id="oc-162">
         <name>.text:GrStringDraw</name>
         <load_address>0x8112</load_address>
         <run_address>0x8112</run_address>
         <size>0x16</size>
         <input_file_ref idref="fl-f4"/>
      </object_component>
      <object_component id="oc-5b6">
         <name>.text:strchr</name>
         <load_address>0x8128</load_address>
         <run_address>0x8128</run_address>
         <size>0x16</size>
         <input_file_ref idref="fl-eb"/>
      </object_component>
      <object_component id="oc-32b">
         <name>.text:PWMClockSet</name>
         <load_address>0x8140</load_address>
         <run_address>0x8140</run_address>
         <size>0x14</size>
         <input_file_ref idref="fl-fb"/>
      </object_component>
      <object_component id="oc-186">
         <name>.text:strcpy</name>
         <load_address>0x8154</load_address>
         <run_address>0x8154</run_address>
         <size>0x14</size>
         <input_file_ref idref="fl-d7"/>
      </object_component>
      <object_component id="oc-456">
         <name>.text:strlen</name>
         <load_address>0x8168</load_address>
         <run_address>0x8168</run_address>
         <size>0x14</size>
         <input_file_ref idref="fl-ec"/>
      </object_component>
      <object_component id="oc-33d">
         <name>.text:PWMOutputState</name>
         <load_address>0x817c</load_address>
         <run_address>0x817c</run_address>
         <size>0x12</size>
         <input_file_ref idref="fl-fb"/>
      </object_component>
      <object_component id="oc-48b">
         <name>.text:wcslen</name>
         <load_address>0x818e</load_address>
         <run_address>0x818e</run_address>
         <size>0x12</size>
         <input_file_ref idref="fl-ee"/>
      </object_component>
      <object_component id="oc-192">
         <name>.text:FPUEnable</name>
         <load_address>0x81a0</load_address>
         <run_address>0x81a0</run_address>
         <size>0x10</size>
         <input_file_ref idref="fl-f8"/>
      </object_component>
      <object_component id="oc-198">
         <name>.text:FPULazyStackingEnable</name>
         <load_address>0x81b0</load_address>
         <run_address>0x81b0</run_address>
         <size>0x10</size>
         <input_file_ref idref="fl-f8"/>
      </object_component>
      <object_component id="oc-18c">
         <name>.text:IntMasterDisable</name>
         <load_address>0x81c0</load_address>
         <run_address>0x81c0</run_address>
         <size>0x10</size>
         <input_file_ref idref="fl-fa"/>
      </object_component>
      <object_component id="oc-1b0">
         <name>.text:IntMasterEnable</name>
         <load_address>0x81d0</load_address>
         <run_address>0x81d0</run_address>
         <size>0x10</size>
         <input_file_ref idref="fl-fa"/>
      </object_component>
      <object_component id="oc-34e">
         <name>.text:PWMGenPeriodSet</name>
         <load_address>0x81e0</load_address>
         <run_address>0x81e0</run_address>
         <size>0x10</size>
         <input_file_ref idref="fl-fb"/>
      </object_component>
      <object_component id="oc-1b">
         <name>.text:decompress:none:__TI_decompress_none</name>
         <load_address>0x81f0</load_address>
         <run_address>0x81f0</run_address>
         <size>0xe</size>
         <input_file_ref idref="fl-d4"/>
      </object_component>
      <object_component id="oc-2e5">
         <name>.text:CPUcpsid</name>
         <load_address>0x81fe</load_address>
         <run_address>0x81fe</run_address>
         <size>0xc</size>
         <input_file_ref idref="fl-ff"/>
      </object_component>
      <object_component id="oc-36b">
         <name>.text:CPUcpsie</name>
         <load_address>0x820a</load_address>
         <run_address>0x820a</run_address>
         <size>0xc</size>
         <input_file_ref idref="fl-ff"/>
      </object_component>
      <object_component id="oc-337">
         <name>.text:PWMGenDisable</name>
         <load_address>0x8216</load_address>
         <run_address>0x8216</run_address>
         <size>0xc</size>
         <input_file_ref idref="fl-fb"/>
      </object_component>
      <object_component id="oc-35a">
         <name>.text:PWMGenEnable</name>
         <load_address>0x8222</load_address>
         <run_address>0x8222</run_address>
         <size>0xc</size>
         <input_file_ref idref="fl-fb"/>
      </object_component>
      <object_component id="oc-58">
         <name>.text:decompress:ZI:__TI_zero_init</name>
         <load_address>0x822e</load_address>
         <run_address>0x822e</run_address>
         <size>0xc</size>
         <input_file_ref idref="fl-d3"/>
      </object_component>
      <object_component id="oc-27">
         <name>.text</name>
         <load_address>0x823a</load_address>
         <run_address>0x823a</run_address>
         <size>0xc</size>
         <input_file_ref idref="fl-7"/>
      </object_component>
      <object_component id="oc-40f">
         <name>.text:SSIDataPut</name>
         <load_address>0x8246</load_address>
         <run_address>0x8246</run_address>
         <size>0xa</size>
         <input_file_ref idref="fl-fc"/>
      </object_component>
      <object_component id="oc-3fd">
         <name>.text:SSIEnable</name>
         <load_address>0x8250</load_address>
         <run_address>0x8250</run_address>
         <size>0xa</size>
         <input_file_ref idref="fl-fc"/>
      </object_component>
      <object_component id="oc-41f">
         <name>.text:GrMapISO8859_1_Unicode</name>
         <load_address>0x825a</load_address>
         <run_address>0x825a</run_address>
         <size>0x8</size>
         <input_file_ref idref="fl-f6"/>
      </object_component>
      <object_component id="oc-409">
         <name>.text:SSIBusy</name>
         <load_address>0x8262</load_address>
         <run_address>0x8262</run_address>
         <size>0x8</size>
         <input_file_ref idref="fl-fc"/>
      </object_component>
      <object_component id="oc-491">
         <name>.text:__aeabi_errno_addr</name>
         <load_address>0x826c</load_address>
         <run_address>0x826c</run_address>
         <size>0x8</size>
         <input_file_ref idref="fl-ed"/>
      </object_component>
      <object_component id="oc-4d6">
         <name>.text:GPIOPinRead</name>
         <load_address>0x8274</load_address>
         <run_address>0x8274</run_address>
         <size>0x6</size>
         <input_file_ref idref="fl-f9"/>
      </object_component>
      <object_component id="oc-403">
         <name>.text:GPIOPinWrite</name>
         <load_address>0x827a</load_address>
         <run_address>0x827a</run_address>
         <size>0x6</size>
         <input_file_ref idref="fl-f9"/>
      </object_component>
      <object_component id="oc-14a">
         <name>.text:GrContextFontSet</name>
         <load_address>0x8280</load_address>
         <run_address>0x8280</run_address>
         <size>0x6</size>
         <input_file_ref idref="fl-f4"/>
      </object_component>
      <object_component id="oc-262">
         <name>.text:SysCtlDelay</name>
         <load_address>0x8286</load_address>
         <run_address>0x8286</run_address>
         <size>0x6</size>
         <input_file_ref idref="fl-fd"/>
      </object_component>
      <object_component id="oc-bc">
         <name>.text:_system_pre_init</name>
         <load_address>0x828c</load_address>
         <run_address>0x828c</run_address>
         <size>0x4</size>
         <input_file_ref idref="fl-e2"/>
      </object_component>
      <object_component id="oc-1d4">
         <name>.text:abort:abort</name>
         <load_address>0x8290</load_address>
         <run_address>0x8290</run_address>
         <size>0x4</size>
         <input_file_ref idref="fl-e4"/>
      </object_component>
      <object_component id="oc-2a7">
         <name>.const:.string:g_pui8FontFixed6x8Data</name>
         <load_address>0x8294</load_address>
         <run_address>0x8294</run_address>
         <size>0x2f8</size>
         <input_file_ref idref="fl-f5"/>
      </object_component>
      <object_component id="oc-2fd">
         <name>.const:g_pppui32XTALtoVCO</name>
         <load_address>0x858c</load_address>
         <run_address>0x858c</run_address>
         <size>0x1b0</size>
         <input_file_ref idref="fl-fd"/>
      </object_component>
      <object_component id="oc-564">
         <name>.const:.string:_ctypes_</name>
         <load_address>0x873c</load_address>
         <run_address>0x873c</run_address>
         <size>0x101</size>
         <input_file_ref idref="fl-e9"/>
      </object_component>
      <object_component id="oc-16b">
         <name>.const:g_sFontFixed6x8</name>
         <load_address>0x8840</load_address>
         <run_address>0x8840</run_address>
         <size>0xc8</size>
         <input_file_ref idref="fl-f5"/>
      </object_component>
      <object_component id="oc-4f8">
         <name>.const:g_pui32GPIOBaseAddrs</name>
         <load_address>0x8908</load_address>
         <run_address>0x8908</run_address>
         <size>0x90</size>
         <input_file_ref idref="fl-f9"/>
      </object_component>
      <object_component id="oc-2fa">
         <name>.const:g_pui32Xtals</name>
         <load_address>0x8998</load_address>
         <run_address>0x8998</run_address>
         <size>0x6c</size>
         <input_file_ref idref="fl-fd"/>
      </object_component>
      <object_component id="oc-4d3">
         <name>.const:.string:digital_pin_to_bit_mask</name>
         <load_address>0x8a04</load_address>
         <run_address>0x8a04</run_address>
         <size>0x60</size>
         <input_file_ref idref="fl-5"/>
      </object_component>
      <object_component id="oc-4cd">
         <name>.const:.string:digital_pin_to_port</name>
         <load_address>0x8a64</load_address>
         <run_address>0x8a64</run_address>
         <size>0x60</size>
         <input_file_ref idref="fl-5"/>
      </object_component>
      <object_component id="oc-4d0">
         <name>.const:port_to_base</name>
         <load_address>0x8ac4</load_address>
         <run_address>0x8ac4</run_address>
         <size>0x40</size>
         <input_file_ref idref="fl-5"/>
      </object_component>
      <object_component id="oc-4b1">
         <name>.const:g_sXTALtoMEMTIM</name>
         <load_address>0x8b04</load_address>
         <run_address>0x8b04</run_address>
         <size>0x30</size>
         <input_file_ref idref="fl-fd"/>
      </object_component>
      <object_component id="oc-168">
         <name>.const:g_sCrystalfontz128x128</name>
         <load_address>0x8b34</load_address>
         <run_address>0x8b34</run_address>
         <size>0x28</size>
         <input_file_ref idref="fl-3"/>
      </object_component>
      <object_component id="oc-274">
         <name>.const:g_psDefaultCodePointMapTable</name>
         <load_address>0x8b5c</load_address>
         <run_address>0x8b5c</run_address>
         <size>0x10</size>
         <input_file_ref idref="fl-f2"/>
      </object_component>
      <object_component id="oc-374">
         <name>.const:.string</name>
         <load_address>0x8b6c</load_address>
         <run_address>0x8b6c</run_address>
         <size>0xe</size>
         <input_file_ref idref="fl-8"/>
      </object_component>
      <object_component id="oc-16e">
         <name>.const:$P$T0$1</name>
         <load_address>0x8b7a</load_address>
         <run_address>0x8b7a</run_address>
         <size>0x8</size>
         <input_file_ref idref="fl-6"/>
      </object_component>
      <object_component id="oc-300">
         <name>.const:g_pui32VCOFrequencies</name>
         <load_address>0x8b84</load_address>
         <run_address>0x8b84</run_address>
         <size>0x8</size>
         <input_file_ref idref="fl-fd"/>
      </object_component>
      <object_component id="oc-7c">
         <name>.const</name>
         <load_address>0x8b8c</load_address>
         <run_address>0x8b8c</run_address>
         <size>0x4</size>
         <input_file_ref idref="fl-11"/>
      </object_component>
      <object_component id="oc-fa">
         <name>.const</name>
         <load_address>0x8b90</load_address>
         <run_address>0x8b90</run_address>
         <size>0x4</size>
         <input_file_ref idref="fl-f"/>
      </object_component>
      <object_component id="oc-670">
         <name>.cinit..data.load</name>
         <load_address>0x8b98</load_address>
         <run_address>0x8b98</run_address>
         <size>0x30</size>
      </object_component>
      <object_component id="oc-66e">
         <name>__TI_handler_table</name>
         <load_address>0x8bc8</load_address>
         <run_address>0x8bc8</run_address>
         <size>0xc</size>
      </object_component>
      <object_component id="oc-671">
         <name>.cinit..bss.load</name>
         <load_address>0x8bd8</load_address>
         <run_address>0x8bd8</run_address>
         <size>0x8</size>
      </object_component>
      <object_component id="oc-66f">
         <name>__TI_cinit_table</name>
         <load_address>0x8be0</load_address>
         <run_address>0x8be0</run_address>
         <size>0x10</size>
      </object_component>
      <object_component id="oc-360">
         <name>.data</name>
         <load_address>0x20008070</load_address>
         <run_address>0x20008070</run_address>
         <size>0x8</size>
         <input_file_ref idref="fl-2"/>
      </object_component>
      <object_component id="oc-26a">
         <name>.data:Lcd_buffer</name>
         <load_address>0x20000000</load_address>
         <run_address>0x20000000</run_address>
         <size>0x8000</size>
         <input_file_ref idref="fl-3"/>
      </object_component>
      <object_component id="oc-171">
         <name>.data</name>
         <load_address>0x2000807f</load_address>
         <run_address>0x2000807f</run_address>
         <size>0x1</size>
         <input_file_ref idref="fl-6"/>
      </object_component>
      <object_component id="oc-1b6">
         <name>.data</name>
         <load_address>0x20008078</load_address>
         <run_address>0x20008078</run_address>
         <size>0x7</size>
         <input_file_ref idref="fl-8"/>
      </object_component>
      <object_component id="oc-1b9">
         <name>.data:gStartButton</name>
         <load_address>0x20008044</load_address>
         <run_address>0x20008044</run_address>
         <size>0x18</size>
         <input_file_ref idref="fl-8"/>
      </object_component>
      <object_component id="oc-1bc">
         <name>.data:gResetButton</name>
         <load_address>0x2000802c</load_address>
         <run_address>0x2000802c</run_address>
         <size>0x18</size>
         <input_file_ref idref="fl-8"/>
      </object_component>
      <object_component id="oc-79">
         <name>.data</name>
         <load_address>0x20008000</load_address>
         <run_address>0x20008000</run_address>
         <size>0x2c</size>
         <input_file_ref idref="fl-f"/>
      </object_component>
      <object_component id="oc-f4">
         <name>.data:xYieldPendings</name>
         <load_address>0x20008088</load_address>
         <run_address>0x20008088</run_address>
         <size>0x4</size>
         <input_file_ref idref="fl-f"/>
      </object_component>
      <object_component id="oc-86">
         <name>.data</name>
         <load_address>0x20008080</load_address>
         <run_address>0x20008080</run_address>
         <size>0x4</size>
         <input_file_ref idref="fl-11"/>
      </object_component>
      <object_component id="oc-22d">
         <name>.data</name>
         <load_address>0x2000805c</load_address>
         <run_address>0x2000805c</run_address>
         <size>0x14</size>
         <input_file_ref idref="fl-13"/>
      </object_component>
      <object_component id="oc-5c6">
         <name>.data</name>
         <load_address>0x20008084</load_address>
         <run_address>0x20008084</run_address>
         <size>0x4</size>
         <input_file_ref idref="fl-ed"/>
      </object_component>
      <object_component id="oc-1bf">
         <name>.bss:sContext</name>
         <uninitialized>true</uninitialized>
         <run_address>0x2000d12c</run_address>
         <size>0x2c</size>
         <input_file_ref idref="fl-6"/>
      </object_component>
      <object_component id="oc-e5">
         <name>.bss:pxReadyTasksLists</name>
         <uninitialized>true</uninitialized>
         <run_address>0x2000cf9c</run_address>
         <size>0x140</size>
         <input_file_ref idref="fl-f"/>
      </object_component>
      <object_component id="oc-fd">
         <name>.bss:xDelayedTaskList1</name>
         <uninitialized>true</uninitialized>
         <run_address>0x2000d158</run_address>
         <size>0x14</size>
         <input_file_ref idref="fl-f"/>
      </object_component>
      <object_component id="oc-100">
         <name>.bss:xDelayedTaskList2</name>
         <uninitialized>true</uninitialized>
         <run_address>0x2000d16c</run_address>
         <size>0x14</size>
         <input_file_ref idref="fl-f"/>
      </object_component>
      <object_component id="oc-eb">
         <name>.bss</name>
         <uninitialized>true</uninitialized>
         <run_address>0x2000d1bc</run_address>
         <size>0x8</size>
         <input_file_ref idref="fl-f"/>
      </object_component>
      <object_component id="oc-ee">
         <name>.bss:xPendingReadyList</name>
         <uninitialized>true</uninitialized>
         <run_address>0x2000d180</run_address>
         <size>0x14</size>
         <input_file_ref idref="fl-f"/>
      </object_component>
      <object_component id="oc-e8">
         <name>.bss:xTasksWaitingTermination</name>
         <uninitialized>true</uninitialized>
         <run_address>0x2000d1a8</run_address>
         <size>0x14</size>
         <input_file_ref idref="fl-f"/>
      </object_component>
      <object_component id="oc-f1">
         <name>.bss:xSuspendedTaskList</name>
         <uninitialized>true</uninitialized>
         <run_address>0x2000d194</run_address>
         <size>0x14</size>
         <input_file_ref idref="fl-f"/>
      </object_component>
      <object_component id="oc-f7">
         <name>.bss:xIdleTaskHandles</name>
         <uninitialized>true</uninitialized>
         <run_address>0x2000d1d0</run_address>
         <size>0x4</size>
         <input_file_ref idref="fl-f"/>
      </object_component>
      <object_component id="oc-233">
         <name>.bss:ucHeap</name>
         <uninitialized>true</uninitialized>
         <run_address>0x2000808c</run_address>
         <size>0x4f10</size>
         <input_file_ref idref="fl-13"/>
      </object_component>
      <object_component id="oc-230">
         <name>.bss:xStart</name>
         <uninitialized>true</uninitialized>
         <run_address>0x2000d1c4</run_address>
         <size>0x8</size>
         <input_file_ref idref="fl-13"/>
      </object_component>
      <object_component id="oc-277">
         <name>.bss</name>
         <uninitialized>true</uninitialized>
         <run_address>0x2000d1cc</run_address>
         <size>0x4</size>
         <input_file_ref idref="fl-f2"/>
      </object_component>
      <object_component id="oc-269">
         <name>.common:Lcd_Orientation</name>
         <uninitialized>true</uninitialized>
         <run_address>0x2000d1dc</run_address>
         <size>0x1</size>
      </object_component>
      <object_component id="oc-263">
         <name>.common:Lcd_ScreenWidth</name>
         <uninitialized>true</uninitialized>
         <run_address>0x2000d1d6</run_address>
         <size>0x2</size>
      </object_component>
      <object_component id="oc-264">
         <name>.common:Lcd_ScreenHeigth</name>
         <uninitialized>true</uninitialized>
         <run_address>0x2000d1d4</run_address>
         <size>0x2</size>
      </object_component>
      <object_component id="oc-265">
         <name>.common:Lcd_PenSolid</name>
         <uninitialized>true</uninitialized>
         <run_address>0x2000d1dd</run_address>
         <size>0x1</size>
      </object_component>
      <object_component id="oc-266">
         <name>.common:Lcd_FontSolid</name>
         <uninitialized>true</uninitialized>
         <run_address>0x2000d1db</run_address>
         <size>0x1</size>
      </object_component>
      <object_component id="oc-267">
         <name>.common:Lcd_FlagRead</name>
         <uninitialized>true</uninitialized>
         <run_address>0x2000d1da</run_address>
         <size>0x1</size>
      </object_component>
      <object_component id="oc-268">
         <name>.common:Lcd_TouchTrim</name>
         <uninitialized>true</uninitialized>
         <run_address>0x2000d1d8</run_address>
         <size>0x2</size>
      </object_component>
      <object_component id="oc-509">
         <name>.common:xQueueRegistry</name>
         <uninitialized>true</uninitialized>
         <run_address>0x2000d0dc</run_address>
         <size>0x50</size>
      </object_component>
      <object_component id="oc-24">
         <name>.stack</name>
         <uninitialized>true</uninitialized>
         <run_address>0x2000d1e0</run_address>
         <size>0x4</size>
         <input_file_ref idref="fl-d8"/>
      </object_component>
      <object_component id="oc-673">
         <name>.stack</name>
         <uninitialized>true</uninitialized>
         <run_address>0x2000d1e0</run_address>
         <size>0x0</size>
      </object_component>
      <object_component id="oc-364">
         <name>.debug_info</name>
         <load_address>0x0</load_address>
         <run_address>0x0</run_address>
         <size>0xb41</size>
         <input_file_ref idref="fl-2"/>
      </object_component>
      <object_component id="oc-361">
         <name>.debug_info</name>
         <load_address>0xb41</load_address>
         <run_address>0xb41</run_address>
         <size>0x11f</size>
         <input_file_ref idref="fl-2"/>
      </object_component>
      <object_component id="oc-1ab">
         <name>.debug_info</name>
         <load_address>0xc60</load_address>
         <run_address>0xc60</run_address>
         <size>0x68f</size>
         <input_file_ref idref="fl-2"/>
      </object_component>
      <object_component id="oc-4e7">
         <name>.debug_info</name>
         <load_address>0x12ef</load_address>
         <run_address>0x12ef</run_address>
         <size>0x638</size>
         <input_file_ref idref="fl-2"/>
      </object_component>
      <object_component id="oc-366">
         <name>.debug_info</name>
         <load_address>0x1927</load_address>
         <run_address>0x1927</run_address>
         <size>0x94</size>
         <input_file_ref idref="fl-2"/>
      </object_component>
      <object_component id="oc-4ec">
         <name>.debug_info</name>
         <load_address>0x19bb</load_address>
         <run_address>0x19bb</run_address>
         <size>0x16d</size>
         <input_file_ref idref="fl-2"/>
      </object_component>
      <object_component id="oc-38c">
         <name>.debug_info</name>
         <load_address>0x1b28</load_address>
         <run_address>0x1b28</run_address>
         <size>0x4f</size>
         <input_file_ref idref="fl-2"/>
      </object_component>
      <object_component id="oc-127">
         <name>.debug_info</name>
         <load_address>0x1b77</load_address>
         <run_address>0x1b77</run_address>
         <size>0x8b</size>
         <input_file_ref idref="fl-2"/>
      </object_component>
      <object_component id="oc-3af">
         <name>.debug_info</name>
         <load_address>0x1c02</load_address>
         <run_address>0x1c02</run_address>
         <size>0x2c</size>
         <input_file_ref idref="fl-2"/>
      </object_component>
      <object_component id="oc-39b">
         <name>.debug_info</name>
         <load_address>0x1c2e</load_address>
         <run_address>0x1c2e</run_address>
         <size>0x2d6</size>
         <input_file_ref idref="fl-2"/>
      </object_component>
      <object_component id="oc-1ca">
         <name>.debug_info</name>
         <load_address>0x1f04</load_address>
         <run_address>0x1f04</run_address>
         <size>0xbb</size>
         <input_file_ref idref="fl-2"/>
      </object_component>
      <object_component id="oc-396">
         <name>.debug_info</name>
         <load_address>0x1fbf</load_address>
         <run_address>0x1fbf</run_address>
         <size>0x2a1</size>
         <input_file_ref idref="fl-2"/>
      </object_component>
      <object_component id="oc-4f1">
         <name>.debug_info</name>
         <load_address>0x2260</load_address>
         <run_address>0x2260</run_address>
         <size>0x46</size>
         <input_file_ref idref="fl-2"/>
      </object_component>
      <object_component id="oc-1cf">
         <name>.debug_info</name>
         <load_address>0x22a6</load_address>
         <run_address>0x22a6</run_address>
         <size>0x53</size>
         <input_file_ref idref="fl-2"/>
      </object_component>
      <object_component id="oc-3a5">
         <name>.debug_info</name>
         <load_address>0x22f9</load_address>
         <run_address>0x22f9</run_address>
         <size>0x3f6</size>
         <input_file_ref idref="fl-2"/>
      </object_component>
      <object_component id="oc-3aa">
         <name>.debug_info</name>
         <load_address>0x26ef</load_address>
         <run_address>0x26ef</run_address>
         <size>0x1e2</size>
         <input_file_ref idref="fl-2"/>
      </object_component>
      <object_component id="oc-12c">
         <name>.debug_info</name>
         <load_address>0x28d1</load_address>
         <run_address>0x28d1</run_address>
         <size>0x71b</size>
         <input_file_ref idref="fl-3"/>
      </object_component>
      <object_component id="oc-26b">
         <name>.debug_info</name>
         <load_address>0x2fec</load_address>
         <run_address>0x2fec</run_address>
         <size>0x135</size>
         <input_file_ref idref="fl-3"/>
      </object_component>
      <object_component id="oc-169">
         <name>.debug_info</name>
         <load_address>0x3121</load_address>
         <run_address>0x3121</run_address>
         <size>0x14e</size>
         <input_file_ref idref="fl-3"/>
      </object_component>
      <object_component id="oc-13f">
         <name>.debug_info</name>
         <load_address>0x326f</load_address>
         <run_address>0x326f</run_address>
         <size>0x1633</size>
         <input_file_ref idref="fl-3"/>
      </object_component>
      <object_component id="oc-257">
         <name>.debug_info</name>
         <load_address>0x48a2</load_address>
         <run_address>0x48a2</run_address>
         <size>0x6bd</size>
         <input_file_ref idref="fl-3"/>
      </object_component>
      <object_component id="oc-97">
         <name>.debug_info</name>
         <load_address>0x4f5f</load_address>
         <run_address>0x4f5f</run_address>
         <size>0x26b</size>
         <input_file_ref idref="fl-3"/>
      </object_component>
      <object_component id="oc-122">
         <name>.debug_info</name>
         <load_address>0x51ca</load_address>
         <run_address>0x51ca</run_address>
         <size>0x2a4</size>
         <input_file_ref idref="fl-3"/>
      </object_component>
      <object_component id="oc-9c">
         <name>.debug_info</name>
         <load_address>0x546e</load_address>
         <run_address>0x546e</run_address>
         <size>0xbb</size>
         <input_file_ref idref="fl-3"/>
      </object_component>
      <object_component id="oc-25d">
         <name>.debug_info</name>
         <load_address>0x5529</load_address>
         <run_address>0x5529</run_address>
         <size>0x815</size>
         <input_file_ref idref="fl-4"/>
      </object_component>
      <object_component id="oc-4e3">
         <name>.debug_info</name>
         <load_address>0x5d3e</load_address>
         <run_address>0x5d3e</run_address>
         <size>0x5ac</size>
         <input_file_ref idref="fl-5"/>
      </object_component>
      <object_component id="oc-4d1">
         <name>.debug_info</name>
         <load_address>0x62ea</load_address>
         <run_address>0x62ea</run_address>
         <size>0x12d</size>
         <input_file_ref idref="fl-5"/>
      </object_component>
      <object_component id="oc-4ce">
         <name>.debug_info</name>
         <load_address>0x6417</load_address>
         <run_address>0x6417</run_address>
         <size>0x13b</size>
         <input_file_ref idref="fl-5"/>
      </object_component>
      <object_component id="oc-4d4">
         <name>.debug_info</name>
         <load_address>0x6552</load_address>
         <run_address>0x6552</run_address>
         <size>0x143</size>
         <input_file_ref idref="fl-5"/>
      </object_component>
      <object_component id="oc-306">
         <name>.debug_info</name>
         <load_address>0x6695</load_address>
         <run_address>0x6695</run_address>
         <size>0x3441</size>
         <input_file_ref idref="fl-5"/>
      </object_component>
      <object_component id="oc-30e">
         <name>.debug_info</name>
         <load_address>0x9ad6</load_address>
         <run_address>0x9ad6</run_address>
         <size>0x83f</size>
         <input_file_ref idref="fl-5"/>
      </object_component>
      <object_component id="oc-1c8">
         <name>.debug_info</name>
         <load_address>0xa315</load_address>
         <run_address>0xa315</run_address>
         <size>0x1321</size>
         <input_file_ref idref="fl-6"/>
      </object_component>
      <object_component id="oc-1c0">
         <name>.debug_info</name>
         <load_address>0xb636</load_address>
         <run_address>0xb636</run_address>
         <size>0xe8</size>
         <input_file_ref idref="fl-6"/>
      </object_component>
      <object_component id="oc-172">
         <name>.debug_info</name>
         <load_address>0xb71e</load_address>
         <run_address>0xb71e</run_address>
         <size>0xfe</size>
         <input_file_ref idref="fl-6"/>
      </object_component>
      <object_component id="oc-16f">
         <name>.debug_info</name>
         <load_address>0xb81c</load_address>
         <run_address>0xb81c</run_address>
         <size>0xe6</size>
         <input_file_ref idref="fl-6"/>
      </object_component>
      <object_component id="oc-c3">
         <name>.debug_info</name>
         <load_address>0xb902</load_address>
         <run_address>0xb902</run_address>
         <size>0x1181</size>
         <input_file_ref idref="fl-6"/>
      </object_component>
      <object_component id="oc-382">
         <name>.debug_info</name>
         <load_address>0xca83</load_address>
         <run_address>0xca83</run_address>
         <size>0x638</size>
         <input_file_ref idref="fl-6"/>
      </object_component>
      <object_component id="oc-387">
         <name>.debug_info</name>
         <load_address>0xd0bb</load_address>
         <run_address>0xd0bb</run_address>
         <size>0x16d</size>
         <input_file_ref idref="fl-6"/>
      </object_component>
      <object_component id="oc-377">
         <name>.debug_info</name>
         <load_address>0xd228</load_address>
         <run_address>0xd228</run_address>
         <size>0xd7</size>
         <input_file_ref idref="fl-6"/>
      </object_component>
      <object_component id="oc-1c3">
         <name>.debug_info</name>
         <load_address>0xd2ff</load_address>
         <run_address>0xd2ff</run_address>
         <size>0x941</size>
         <input_file_ref idref="fl-6"/>
      </object_component>
      <object_component id="oc-391">
         <name>.debug_info</name>
         <load_address>0xdc40</load_address>
         <run_address>0xdc40</run_address>
         <size>0xfe</size>
         <input_file_ref idref="fl-6"/>
      </object_component>
      <object_component id="oc-3a0">
         <name>.debug_info</name>
         <load_address>0xdd3e</load_address>
         <run_address>0xdd3e</run_address>
         <size>0x35</size>
         <input_file_ref idref="fl-6"/>
      </object_component>
      <object_component id="oc-3a">
         <name>.debug_info</name>
         <load_address>0xdd73</load_address>
         <run_address>0xdd73</run_address>
         <size>0x337</size>
         <input_file_ref idref="fl-7"/>
      </object_component>
      <object_component id="oc-13">
         <name>.debug_info</name>
         <load_address>0xe0aa</load_address>
         <run_address>0xe0aa</run_address>
         <size>0xf6</size>
         <input_file_ref idref="fl-7"/>
      </object_component>
      <object_component id="oc-28">
         <name>.debug_info</name>
         <load_address>0xe1a0</load_address>
         <run_address>0xe1a0</run_address>
         <size>0x207</size>
         <input_file_ref idref="fl-7"/>
      </object_component>
      <object_component id="oc-41">
         <name>.debug_info</name>
         <load_address>0xe3a7</load_address>
         <run_address>0xe3a7</run_address>
         <size>0x84</size>
         <input_file_ref idref="fl-7"/>
      </object_component>
      <object_component id="oc-30c">
         <name>.debug_info</name>
         <load_address>0xe42b</load_address>
         <run_address>0xe42b</run_address>
         <size>0xb3e</size>
         <input_file_ref idref="fl-8"/>
      </object_component>
      <object_component id="oc-1b7">
         <name>.debug_info</name>
         <load_address>0xef69</load_address>
         <run_address>0xef69</run_address>
         <size>0x156</size>
         <input_file_ref idref="fl-8"/>
      </object_component>
      <object_component id="oc-1ba">
         <name>.debug_info</name>
         <load_address>0xf0bf</load_address>
         <run_address>0xf0bf</run_address>
         <size>0xf6</size>
         <input_file_ref idref="fl-8"/>
      </object_component>
      <object_component id="oc-1bd">
         <name>.debug_info</name>
         <load_address>0xf1b5</load_address>
         <run_address>0xf1b5</run_address>
         <size>0xf6</size>
         <input_file_ref idref="fl-8"/>
      </object_component>
      <object_component id="oc-1a5">
         <name>.debug_info</name>
         <load_address>0xf2ab</load_address>
         <run_address>0xf2ab</run_address>
         <size>0x563</size>
         <input_file_ref idref="fl-8"/>
      </object_component>
      <object_component id="oc-121">
         <name>.debug_info</name>
         <load_address>0xf80e</load_address>
         <run_address>0xf80e</run_address>
         <size>0x236</size>
         <input_file_ref idref="fl-a"/>
      </object_component>
      <object_component id="oc-112">
         <name>.debug_info</name>
         <load_address>0xfa44</load_address>
         <run_address>0xfa44</run_address>
         <size>0x322</size>
         <input_file_ref idref="fl-a"/>
      </object_component>
      <object_component id="oc-11c">
         <name>.debug_info</name>
         <load_address>0xfd66</load_address>
         <run_address>0xfd66</run_address>
         <size>0x476</size>
         <input_file_ref idref="fl-a"/>
      </object_component>
      <object_component id="oc-250">
         <name>.debug_info</name>
         <load_address>0x101dc</load_address>
         <run_address>0x101dc</run_address>
         <size>0xcc</size>
         <input_file_ref idref="fl-a"/>
      </object_component>
      <object_component id="oc-8b">
         <name>.debug_info</name>
         <load_address>0x102a8</load_address>
         <run_address>0x102a8</run_address>
         <size>0x2c</size>
         <input_file_ref idref="fl-a"/>
      </object_component>
      <object_component id="oc-10d">
         <name>.debug_info</name>
         <load_address>0x102d4</load_address>
         <run_address>0x102d4</run_address>
         <size>0x53</size>
         <input_file_ref idref="fl-a"/>
      </object_component>
      <object_component id="oc-90">
         <name>.debug_info</name>
         <load_address>0x10327</load_address>
         <run_address>0x10327</run_address>
         <size>0x53</size>
         <input_file_ref idref="fl-a"/>
      </object_component>
      <object_component id="oc-117">
         <name>.debug_info</name>
         <load_address>0x1037a</load_address>
         <run_address>0x1037a</run_address>
         <size>0x14c</size>
         <input_file_ref idref="fl-a"/>
      </object_component>
      <object_component id="oc-3d4">
         <name>.debug_info</name>
         <load_address>0x104c6</load_address>
         <run_address>0x104c6</run_address>
         <size>0x681</size>
         <input_file_ref idref="fl-b"/>
      </object_component>
      <object_component id="oc-214">
         <name>.debug_info</name>
         <load_address>0x10b47</load_address>
         <run_address>0x10b47</run_address>
         <size>0x110</size>
         <input_file_ref idref="fl-b"/>
      </object_component>
      <object_component id="oc-228">
         <name>.debug_info</name>
         <load_address>0x10c57</load_address>
         <run_address>0x10c57</run_address>
         <size>0x476</size>
         <input_file_ref idref="fl-b"/>
      </object_component>
      <object_component id="oc-541">
         <name>.debug_info</name>
         <load_address>0x110cd</load_address>
         <run_address>0x110cd</run_address>
         <size>0x76</size>
         <input_file_ref idref="fl-b"/>
      </object_component>
      <object_component id="oc-546">
         <name>.debug_info</name>
         <load_address>0x11143</load_address>
         <run_address>0x11143</run_address>
         <size>0x39</size>
         <input_file_ref idref="fl-b"/>
      </object_component>
      <object_component id="oc-3e4">
         <name>.debug_info</name>
         <load_address>0x1117c</load_address>
         <run_address>0x1117c</run_address>
         <size>0x109</size>
         <input_file_ref idref="fl-b"/>
      </object_component>
      <object_component id="oc-219">
         <name>.debug_info</name>
         <load_address>0x11285</load_address>
         <run_address>0x11285</run_address>
         <size>0x4f</size>
         <input_file_ref idref="fl-b"/>
      </object_component>
      <object_component id="oc-239">
         <name>.debug_info</name>
         <load_address>0x112d4</load_address>
         <run_address>0x112d4</run_address>
         <size>0x3b2</size>
         <input_file_ref idref="fl-c"/>
      </object_component>
      <object_component id="oc-e0">
         <name>.debug_info</name>
         <load_address>0x11686</load_address>
         <run_address>0x11686</run_address>
         <size>0x635</size>
         <input_file_ref idref="fl-c"/>
      </object_component>
      <object_component id="oc-3d5">
         <name>.debug_info</name>
         <load_address>0x11cbb</load_address>
         <run_address>0x11cbb</run_address>
         <size>0x8d0</size>
         <input_file_ref idref="fl-d"/>
      </object_component>
      <object_component id="oc-344">
         <name>.debug_info</name>
         <load_address>0x1258b</load_address>
         <run_address>0x1258b</run_address>
         <size>0x3f97</size>
         <input_file_ref idref="fl-d"/>
      </object_component>
      <object_component id="oc-54d">
         <name>.debug_info</name>
         <load_address>0x16522</load_address>
         <run_address>0x16522</run_address>
         <size>0x23f</size>
         <input_file_ref idref="fl-d"/>
      </object_component>
      <object_component id="oc-50b">
         <name>.debug_info</name>
         <load_address>0x16761</load_address>
         <run_address>0x16761</run_address>
         <size>0x46</size>
         <input_file_ref idref="fl-d"/>
      </object_component>
      <object_component id="oc-21e">
         <name>.debug_info</name>
         <load_address>0x167a7</load_address>
         <run_address>0x167a7</run_address>
         <size>0x35</size>
         <input_file_ref idref="fl-d"/>
      </object_component>
      <object_component id="oc-135">
         <name>.debug_info</name>
         <load_address>0x167dc</load_address>
         <run_address>0x167dc</run_address>
         <size>0x2c</size>
         <input_file_ref idref="fl-e"/>
      </object_component>
      <object_component id="oc-d6">
         <name>.debug_info</name>
         <load_address>0x16808</load_address>
         <run_address>0x16808</run_address>
         <size>0x7e2</size>
         <input_file_ref idref="fl-f"/>
      </object_component>
      <object_component id="oc-7a">
         <name>.debug_info</name>
         <load_address>0x16fea</load_address>
         <run_address>0x16fea</run_address>
         <size>0x322</size>
         <input_file_ref idref="fl-f"/>
      </object_component>
      <object_component id="oc-e6">
         <name>.debug_info</name>
         <load_address>0x1730c</load_address>
         <run_address>0x1730c</run_address>
         <size>0x125</size>
         <input_file_ref idref="fl-f"/>
      </object_component>
      <object_component id="oc-fe">
         <name>.debug_info</name>
         <load_address>0x17431</load_address>
         <run_address>0x17431</run_address>
         <size>0x125</size>
         <input_file_ref idref="fl-f"/>
      </object_component>
      <object_component id="oc-101">
         <name>.debug_info</name>
         <load_address>0x17556</load_address>
         <run_address>0x17556</run_address>
         <size>0x125</size>
         <input_file_ref idref="fl-f"/>
      </object_component>
      <object_component id="oc-ec">
         <name>.debug_info</name>
         <load_address>0x1767b</load_address>
         <run_address>0x1767b</run_address>
         <size>0x168</size>
         <input_file_ref idref="fl-f"/>
      </object_component>
      <object_component id="oc-ef">
         <name>.debug_info</name>
         <load_address>0x177e3</load_address>
         <run_address>0x177e3</run_address>
         <size>0x125</size>
         <input_file_ref idref="fl-f"/>
      </object_component>
      <object_component id="oc-e9">
         <name>.debug_info</name>
         <load_address>0x17908</load_address>
         <run_address>0x17908</run_address>
         <size>0x133</size>
         <input_file_ref idref="fl-f"/>
      </object_component>
      <object_component id="oc-f2">
         <name>.debug_info</name>
         <load_address>0x17a3b</load_address>
         <run_address>0x17a3b</run_address>
         <size>0x127</size>
         <input_file_ref idref="fl-f"/>
      </object_component>
      <object_component id="oc-f5">
         <name>.debug_info</name>
         <load_address>0x17b62</load_address>
         <run_address>0x17b62</run_address>
         <size>0x11f</size>
         <input_file_ref idref="fl-f"/>
      </object_component>
      <object_component id="oc-f8">
         <name>.debug_info</name>
         <load_address>0x17c81</load_address>
         <run_address>0x17c81</run_address>
         <size>0x123</size>
         <input_file_ref idref="fl-f"/>
      </object_component>
      <object_component id="oc-fb">
         <name>.debug_info</name>
         <load_address>0x17da4</load_address>
         <run_address>0x17da4</run_address>
         <size>0x125</size>
         <input_file_ref idref="fl-f"/>
      </object_component>
      <object_component id="oc-80">
         <name>.debug_info</name>
         <load_address>0x17ec9</load_address>
         <run_address>0x17ec9</run_address>
         <size>0x6d1f</size>
         <input_file_ref idref="fl-f"/>
[...]
         <object_component_ref idref="oc-7f"/>
      </symbol>
      <symbol id="sm-70c">
         <name>xTaskPriorityInherit</name>
         <value>0x1a4b</value>
         <object_component_ref idref="oc-7f"/>
      </symbol>
      <symbol id="sm-73d">
         <name>ulMaxSyscallInterruptPriority</name>
         <value>0x8b8c</value>
         <object_component_ref idref="oc-7c"/>
      </symbol>
      <symbol id="sm-73e">
         <name>vPortSetupTimerInterrupt</name>
         <value>0x6b8f</value>
         <object_component_ref idref="oc-32"/>
      </symbol>
      <symbol id="sm-73f">
         <name>vPortEndScheduler</name>
         <value>0x6b31</value>
         <object_component_ref idref="oc-32"/>
      </symbol>
      <symbol id="sm-740">
         <name>xPortSysTickHandler</name>
         <value>0x6b69</value>
         <object_component_ref idref="oc-32"/>
      </symbol>
      <symbol id="sm-741">
         <name>pxPortInitialiseStack</name>
         <value>0x6a91</value>
         <object_component_ref idref="oc-32"/>
      </symbol>
      <symbol id="sm-742">
         <name>vPortExitCritical</name>
         <value>0x6b53</value>
         <object_component_ref idref="oc-32"/>
      </symbol>
      <symbol id="sm-743">
         <name>xPortStartScheduler</name>
         <value>0x6afb</value>
         <object_component_ref idref="oc-32"/>
      </symbol>
      <symbol id="sm-744">
         <name>vPortEnterCritical</name>
         <value>0x6b33</value>
         <object_component_ref idref="oc-32"/>
      </symbol>
      <symbol id="sm-753">
         <name>vPortStartFirstTask</name>
         <value>0x720d</value>
         <object_component_ref idref="oc-2d"/>
      </symbol>
      <symbol id="sm-754">
         <name>ulPortGetIPSR</name>
         <value>0x7175</value>
         <object_component_ref idref="oc-2d"/>
      </symbol>
      <symbol id="sm-755">
         <name>vPortEnableVFP</name>
         <value>0x7231</value>
         <object_component_ref idref="oc-2d"/>
      </symbol>
      <symbol id="sm-756">
         <name>xPortPendSVHandler</name>
         <value>0x718d</value>
         <object_component_ref idref="oc-2d"/>
      </symbol>
      <symbol id="sm-757">
         <name>vPortSVCHandler</name>
         <value>0x71ed</value>
         <object_component_ref idref="oc-2d"/>
      </symbol>
      <symbol id="sm-7be">
         <name>vPortInitialiseBlocks</name>
         <value>0x56ab</value>
         <object_component_ref idref="oc-d9"/>
      </symbol>
      <symbol id="sm-7bf">
         <name>vPortGetHeapStats</name>
         <value>0x5839</value>
         <object_component_ref idref="oc-d9"/>
      </symbol>
      <symbol id="sm-7c0">
         <name>vPortHeapResetState</name>
         <value>0x58df</value>
         <object_component_ref idref="oc-d9"/>
      </symbol>
      <symbol id="sm-7c1">
         <name>xPortGetFreeHeapSize</name>
         <value>0x569f</value>
         <object_component_ref idref="oc-d9"/>
      </symbol>
      <symbol id="sm-7c2">
         <name>pvPortCalloc</name>
         <value>0x56ad</value>
         <object_component_ref idref="oc-d9"/>
      </symbol>
      <symbol id="sm-7c3">
         <name>pvPortMalloc</name>
         <value>0x5501</value>
         <object_component_ref idref="oc-d9"/>
      </symbol>
      <symbol id="sm-7c4">
         <name>vPortFree</name>
         <value>0x5645</value>
         <object_component_ref idref="oc-d9"/>
      </symbol>
      <symbol id="sm-7c5">
         <name>xPortGetMinimumEverFreeHeapSize</name>
         <value>0x56a5</value>
         <object_component_ref idref="oc-d9"/>
      </symbol>
      <symbol id="sm-7fe">
         <name>snprintf</name>
         <value>0x7b55</value>
         <object_component_ref idref="oc-17a"/>
      </symbol>
      <symbol id="sm-819">
         <name>memcpy</name>
         <value>0x73b3</value>
         <object_component_ref idref="oc-46"/>
      </symbol>
      <symbol id="sm-81a">
         <name>__aeabi_memcpy</name>
         <value>0x73b3</value>
         <object_component_ref idref="oc-46"/>
      </symbol>
      <symbol id="sm-81b">
         <name>__aeabi_memcpy8</name>
         <value>0x73b3</value>
         <object_component_ref idref="oc-46"/>
      </symbol>
      <symbol id="sm-81c">
         <name>__aeabi_memcpy4</name>
         <value>0x73b3</value>
         <object_component_ref idref="oc-46"/>
      </symbol>
      <symbol id="sm-82b">
         <name>__aeabi_memset</name>
         <value>0x7679</value>
         <object_component_ref idref="oc-b6"/>
      </symbol>
      <symbol id="sm-82c">
         <name>memset</name>
         <value>0x767f</value>
         <object_component_ref idref="oc-b6"/>
      </symbol>
      <symbol id="sm-82d">
         <name>__aeabi_memset8</name>
         <value>0x7679</value>
         <object_component_ref idref="oc-b6"/>
      </symbol>
      <symbol id="sm-82e">
         <name>__aeabi_memset4</name>
         <value>0x7679</value>
         <object_component_ref idref="oc-b6"/>
      </symbol>
      <symbol id="sm-82f">
         <name>__aeabi_memclr8</name>
         <value>0x7677</value>
         <object_component_ref idref="oc-b6"/>
      </symbol>
      <symbol id="sm-830">
         <name>__aeabi_memclr4</name>
         <value>0x7677</value>
         <object_component_ref idref="oc-b6"/>
      </symbol>
      <symbol id="sm-831">
         <name>__aeabi_memclr</name>
         <value>0x7677</value>
         <object_component_ref idref="oc-b6"/>
      </symbol>
      <symbol id="sm-83e">
         <name>__aeabi_uldivmod</name>
         <value>0x744f</value>
         <object_component_ref idref="oc-349"/>
      </symbol>
      <symbol id="sm-850">
         <name>__TI_zero_init</name>
         <value>0x822f</value>
         <object_component_ref idref="oc-58"/>
      </symbol>
      <symbol id="sm-867">
         <name>__TI_decompress_none</name>
         <value>0x81f1</value>
         <object_component_ref idref="oc-1b"/>
      </symbol>
      <symbol id="sm-88a">
         <name>__TI_decompress_lzss</name>
         <value>0x7831</value>
         <object_component_ref idref="oc-15"/>
      </symbol>
      <symbol id="sm-899">
         <name>strcmp</name>
         <value>0x80b9</value>
         <object_component_ref idref="oc-180"/>
      </symbol>
      <symbol id="sm-8a7">
         <name>strcpy</name>
         <value>0x8155</value>
         <object_component_ref idref="oc-186"/>
      </symbol>
      <symbol id="sm-8ba">
         <name>__stack</name>
         <value>0x2000d1e0</value>
         <object_component_ref idref="oc-24"/>
      </symbol>
      <symbol id="sm-8bb">
         <name>_c_int00_noargs</name>
         <value>0x7e71</value>
         <object_component_ref idref="oc-64"/>
      </symbol>
      <symbol id="sm-a20">
         <name>__TI_printfi</name>
         <value>0x3e35</value>
         <object_component_ref idref="oc-2be"/>
      </symbol>
      <symbol id="sm-a2a">
         <name>__aeabi_idiv0</name>
         <value>0x3e33</value>
         <object_component_ref idref="oc-510"/>
      </symbol>
      <symbol id="sm-a2b">
         <name>__aeabi_ldiv0</name>
         <value>0x3e33</value>
         <object_component_ref idref="oc-510"/>
      </symbol>
      <symbol id="sm-a42">
         <name>__aeabi_dsub</name>
         <value>0x6395</value>
         <object_component_ref idref="oc-58a"/>
      </symbol>
      <symbol id="sm-a43">
         <name>__aeabi_dadd</name>
         <value>0x639f</value>
         <object_component_ref idref="oc-58a"/>
      </symbol>
      <symbol id="sm-a65">
         <name>__aeabi_cdcmpeq</name>
         <value>0x756b</value>
         <object_component_ref idref="oc-468"/>
      </symbol>
      <symbol id="sm-a66">
         <name>__aeabi_cdcmple</name>
         <value>0x756b</value>
         <object_component_ref idref="oc-468"/>
      </symbol>
      <symbol id="sm-a67">
         <name>__aeabi_cdrcmple</name>
         <value>0x75f1</value>
         <object_component_ref idref="oc-575"/>
      </symbol>
      <symbol id="sm-a7b">
         <name>__aeabi_ddiv</name>
         <value>0x6bcd</value>
         <object_component_ref idref="oc-570"/>
      </symbol>
      <symbol id="sm-a86">
         <name>__aeabi_dmul</name>
         <value>0x7069</value>
         <object_component_ref idref="oc-56b"/>
      </symbol>
      <symbol id="sm-a90">
         <name>__aeabi_d2iz</name>
         <value>0x7c35</value>
         <object_component_ref idref="oc-57a"/>
      </symbol>
      <symbol id="sm-a9a">
         <name>__aeabi_i2d</name>
         <value>0x7f03</value>
         <object_component_ref idref="oc-585"/>
      </symbol>
      <symbol id="sm-ac2">
         <name>__TI_auto_init_nobinit_nopinit</name>
         <value>0x7d09</value>
         <object_component_ref idref="oc-1e0"/>
      </symbol>
      <symbol id="sm-acc">
         <name>_system_pre_init</name>
         <value>0x828d</value>
         <object_component_ref idref="oc-bc"/>
      </symbol>
      <symbol id="sm-ad8">
         <name>C$$EXIT</name>
         <value>0x8291</value>
         <object_component_ref idref="oc-1d4"/>
      </symbol>
      <symbol id="sm-ad9">
         <name>abort</name>
         <value>0x8291</value>
         <object_component_ref idref="oc-1d4"/>
      </symbol>
      <symbol id="sm-ae9">
         <name>__TI_ltoa</name>
         <value>0x7a15</value>
         <object_component_ref idref="oc-57f"/>
      </symbol>
      <symbol id="sm-b00">
         <name>atoi</name>
         <value>0x7b09</value>
         <object_component_ref idref="oc-45c"/>
      </symbol>
      <symbol id="sm-b0b">
         <name>_ctypes_</name>
         <value>0x873c</value>
         <object_component_ref idref="oc-564"/>
      </symbol>
      <symbol id="sm-b1b">
         <name>memccpy</name>
         <value>0x8051</value>
         <object_component_ref idref="oc-485"/>
      </symbol>
      <symbol id="sm-b2b">
         <name>strchr</name>
         <value>0x8129</value>
         <object_component_ref idref="oc-5b6"/>
      </symbol>
      <symbol id="sm-b39">
         <name>strlen</name>
         <value>0x8169</value>
         <object_component_ref idref="oc-456"/>
      </symbol>
      <symbol id="sm-b4f">
         <name>__aeabi_errno_addr</name>
         <value>0x826d</value>
         <object_component_ref idref="oc-491"/>
      </symbol>
      <symbol id="sm-b50">
         <name>errno</name>
         <value>0x20008084</value>
         <object_component_ref idref="oc-5c6"/>
      </symbol>
      <symbol id="sm-b69">
         <name>wcslen</name>
         <value>0x818f</value>
         <object_component_ref idref="oc-48b"/>
      </symbol>
      <symbol id="sm-b89">
         <name>frexpl</name>
         <value>0x7901</value>
         <object_component_ref idref="oc-5aa"/>
      </symbol>
      <symbol id="sm-b8a">
         <name>frexp</name>
         <value>0x7901</value>
         <object_component_ref idref="oc-5aa"/>
      </symbol>
      <symbol id="sm-ba7">
         <name>scalbn</name>
         <value>0x6f59</value>
         <object_component_ref idref="oc-5b0"/>
      </symbol>
      <symbol id="sm-ba8">
         <name>scalbnl</name>
         <value>0x6f59</value>
         <object_component_ref idref="oc-5b0"/>
      </symbol>
      <symbol id="sm-ba9">
         <name>ldexpl</name>
         <value>0x6f59</value>
         <object_component_ref idref="oc-5b0"/>
      </symbol>
      <symbol id="sm-baa">
         <name>ldexp</name>
         <value>0x6f59</value>
         <object_component_ref idref="oc-5b0"/>
      </symbol>
      <symbol id="sm-bb4">
         <name>copysign</name>
         <value>0x8087</value>
         <object_component_ref idref="oc-619"/>
      </symbol>
      <symbol id="sm-bb5">
         <name>copysignl</name>
         <value>0x8087</value>
         <object_component_ref idref="oc-619"/>
      </symbol>
      <symbol id="sm-bed">
         <name>GrContextInit</name>
         <value>0x7761</value>
         <object_component_ref idref="oc-144"/>
      </symbol>
      <symbol id="sm-bee">
         <name>g_psDefaultCodePointMapTable</name>
         <value>0x8b5c</value>
         <object_component_ref idref="oc-274"/>
      </symbol>
      <symbol id="sm-c05">
         <name>GrRectFill</name>
         <value>0x74e5</value>
         <object_component_ref idref="oc-150"/>
      </symbol>
      <symbol id="sm-c06">
         <name>GrRectDraw</name>
         <value>0x7899</value>
         <object_component_ref idref="oc-174"/>
      </symbol>
      <symbol id="sm-caa">
         <name>GrFontInfoGet</name>
         <value>0x7f89</value>
         <object_component_ref idref="oc-297"/>
      </symbol>
      <symbol id="sm-cab">
         <name>GrDefaultStringRenderer</name>
         <value>0x723f</value>
         <object_component_ref idref="oc-26e"/>
      </symbol>
      <symbol id="sm-cac">
         <name>GrFontGlyphRender</name>
         <value>0x5b91</value>
         <object_component_ref idref="oc-418"/>
      </symbol>
      <symbol id="sm-cad">
         <name>GrContextFontSet</name>
         <value>0x8281</value>
         <object_component_ref idref="oc-14a"/>
      </symbol>
      <symbol id="sm-cae">
         <name>GrFontGlyphDataGet</name>
         <value>0x7faf</value>
         <object_component_ref idref="oc-291"/>
      </symbol>
      <symbol id="sm-caf">
         <name>GrStringDraw</name>
         <value>0x8113</value>
         <object_component_ref idref="oc-162"/>
      </symbol>
      <symbol id="sm-cb0">
         <name>GrFontCodepageGet</name>
         <value>0x8015</value>
         <object_component_ref idref="oc-430"/>
      </symbol>
      <symbol id="sm-cb1">
         <name>GrStringNextCharGet</name>
         <value>0x7ed5</value>
         <object_component_ref idref="oc-28b"/>
      </symbol>
      <symbol id="sm-cb2">
         <name>GrStringWidthGet</name>
         <value>0x77c9</value>
         <object_component_ref idref="oc-156"/>
      </symbol>
      <symbol id="sm-cb3">
         <name>GrFontBaselineGet</name>
         <value>0x7f5d</value>
         <object_component_ref idref="oc-15c"/>
      </symbol>
      <symbol id="sm-cc5">
         <name>g_sFontFixed6x8</name>
         <value>0x8840</value>
         <object_component_ref idref="oc-16b"/>
      </symbol>
      <symbol id="sm-cd2">
         <name>GrMapISO8859_1_Unicode</name>
         <value>0x825b</value>
         <object_component_ref idref="oc-41f"/>
      </symbol>
      <symbol id="sm-ceb">
         <name>GrLineDrawH</name>
         <value>0x7c7d</value>
         <object_component_ref idref="oc-2b1"/>
      </symbol>
      <symbol id="sm-cec">
         <name>GrLineDrawV</name>
         <value>0x7cc3</value>
         <object_component_ref idref="oc-2b7"/>
      </symbol>
      <symbol id="sm-d02">
         <name>FPULazyStackingEnable</name>
         <value>0x81b1</value>
         <object_component_ref idref="oc-198"/>
      </symbol>
      <symbol id="sm-d03">
         <name>FPUEnable</name>
         <value>0x81a1</value>
         <object_component_ref idref="oc-192"/>
      </symbol>
      <symbol id="sm-d65">
         <name>GPIOPinTypePWM</name>
         <value>0x80e7</value>
         <object_component_ref idref="oc-325"/>
      </symbol>
      <symbol id="sm-d66">
         <name>GPIOPinConfigure</name>
         <value>0x7abd</value>
         <object_component_ref idref="oc-31f"/>
      </symbol>
      <symbol id="sm-d67">
         <name>GPIOPinTypeGPIOInput</name>
         <value>0x80d1</value>
         <object_component_ref idref="oc-4c7"/>
      </symbol>
      <symbol id="sm-d68">
         <name>GPIOPinTypeGPIOOutput</name>
         <value>0x806d</value>
         <object_component_ref idref="oc-3f1"/>
      </symbol>
      <symbol id="sm-d69">
         <name>GPIOPinRead</name>
         <value>0x8275</value>
         <object_component_ref idref="oc-4d6"/>
      </symbol>
      <symbol id="sm-d6a">
         <name>GPIODirModeSet</name>
         <value>0x7f31</value>
         <object_component_ref idref="oc-4fd"/>
      </symbol>
      <symbol id="sm-d6b">
         <name>GPIOPinWrite</name>
         <value>0x827b</value>
         <object_component_ref idref="oc-403"/>
      </symbol>
      <symbol id="sm-d6c">
         <name>GPIOPadConfigSet</name>
         <value>0x654d</value>
         <object_component_ref idref="oc-4dc"/>
      </symbol>
      <symbol id="sm-d6d">
         <name>GPIOPinTypeSSI</name>
         <value>0x80fd</value>
         <object_component_ref idref="oc-3eb"/>
      </symbol>
      <symbol id="sm-d81">
         <name>IntMasterDisable</name>
         <value>0x81c1</value>
         <object_component_ref idref="oc-18c"/>
      </symbol>
      <symbol id="sm-d82">
         <name>IntMasterEnable</name>
         <value>0x81d1</value>
         <object_component_ref idref="oc-1b0"/>
      </symbol>
      <symbol id="sm-dc1">
         <name>PWMGenPeriodSet</name>
         <value>0x81e1</value>
         <object_component_ref idref="oc-34e"/>
      </symbol>
      <symbol id="sm-dc2">
         <name>PWMGenDisable</name>
         <value>0x8217</value>
         <object_component_ref idref="oc-337"/>
      </symbol>
      <symbol id="sm-dc3">
         <name>PWMClockSet</name>
         <value>0x8141</value>
         <object_component_ref idref="oc-32b"/>
      </symbol>
      <symbol id="sm-dc4">
         <name>PWMPulseWidthSet</name>
         <value>0x8033</value>
         <object_component_ref idref="oc-354"/>
      </symbol>
      <symbol id="sm-dc5">
         <name>PWMOutputState</name>
         <value>0x817d</value>
         <object_component_ref idref="oc-33d"/>
      </symbol>
      <symbol id="sm-dc6">
         <name>PWMGenEnable</name>
         <value>0x8223</value>
         <object_component_ref idref="oc-35a"/>
      </symbol>
      <symbol id="sm-dc7">
         <name>PWMGenConfigure</name>
         <value>0x7fd1</value>
         <object_component_ref idref="oc-331"/>
      </symbol>
      <symbol id="sm-dee">
         <name>SSIDataPut</name>
         <value>0x8247</value>
         <object_component_ref idref="oc-40f"/>
      </symbol>
      <symbol id="sm-def">
         <name>SSIConfigSetExpClk</name>
         <value>0x7dc7</value>
         <object_component_ref idref="oc-3f7"/>
      </symbol>
      <symbol id="sm-df0">
         <name>SSIEnable</name>
         <value>0x8251</value>
         <object_component_ref idref="oc-3fd"/>
      </symbol>
      <symbol id="sm-df1">
         <name>SSIBusy</name>
         <value>0x8263</value>
         <object_component_ref idref="oc-409"/>
      </symbol>
      <symbol id="sm-e6c">
         <name>SysCtlDelay</name>
         <value>0x8287</value>
         <object_component_ref idref="oc-262"/>
      </symbol>
      <symbol id="sm-e6d">
         <name>SysCtlPeripheralEnable</name>
         <value>0x7e3d</value>
         <object_component_ref idref="oc-313"/>
      </symbol>
      <symbol id="sm-e6e">
         <name>SysCtlPeripheralReady</name>
         <value>0x7e05</value>
         <object_component_ref idref="oc-319"/>
      </symbol>
      <symbol id="sm-e6f">
         <name>SysCtlClockFreqSet</name>
         <value>0x5de5</value>
         <object_component_ref idref="oc-19e"/>
      </symbol>
      <symbol id="sm-e82">
         <name>CPUcpsie</name>
         <value>0x820b</value>
         <object_component_ref idref="oc-36b"/>
      </symbol>
      <symbol id="sm-e83">
         <name>CPUcpsid</name>
         <value>0x81ff</value>
         <object_component_ref idref="oc-2e5"/>
      </symbol>
      <symbol id="sm-e84">
         <name>__TI_static_base__</name>
         <value>0x0</value>
      </symbol>
      <symbol id="sm-e87">
         <name>__mpu_init</name>
         <value>0x0</value>
      </symbol>
      <symbol id="sm-e88">
         <name>_system_post_cinit</name>
         <value>0x0</value>
      </symbol>
   </symbol_table>
   <title>Link successful</title>
</link_info>
