******************************************************************************
                  TI ARM Linker Unix v20.2.7                   
******************************************************************************
>> Linked Mon Apr 13 15:23:40 2026

OUTPUT FILE NAME:   <lab1_FreeRTOS.out>
ENTRY POINT SYMBOL: "_c_int00_noargs"  address: 00007e71


MEMORY CONFIGURATION

         name            origin    length      used     unused   attr    fill
----------------------  --------  ---------  --------  --------  ----  --------
  FLASH                 00000000   00100000  00008bec  000f7414  R  X
  SRAM                  20000000   00040000  0000d9de  00032622  RW X


SEGMENT ALLOCATION MAP

run origin  load origin   length   init length attrs members
----------  ----------- ---------- ----------- ----- -------
00000000    00000000    00008bf0   00008bf0    r-x
  00000000    00000000    00000200   00000200    r-- .intvecs
  00000200    00000200    00008094   00008094    r-x .text
  00008294    00008294    00000900   00000900    r-- .const
  00008b98    00008b98    00000058   00000058    r-- .cinit
20000000    20000000    0000d9e0   00000000    rw-
  20000000    20000000    0000808c   00000000    rw- .data
  2000808c    2000808c    00005152   00000000    rw- .bss
  2000d1e0    2000d1e0    00000800   00000000    rw- .stack


SECTION ALLOCATION MAP

 output                                  attributes/
section   page    origin      length       input sections
--------  ----  ----------  ----------   ----------------
.intvecs   0    00000000    00000200     
                  00000000    00000200     startup_ccs.obj (.intvecs)

.text      0    00000200    00008094     
                  00000200    00002460     tasks.obj (.text)
                  00002660    00000d74     queue.obj (.text)
                  000033d4    00000a5e     button.obj (.text)
                  00003e32    00000002     rtsv7M4_T_le_v4SPD16_eabi.lib : div0.asm.obj (.text)
                  00003e34    00000a4e                                   : _printfi.c.obj (.text:__TI_printfi)
                  00004882    00000002     --HOLE-- [fill = 0]
                  00004884    00000698     main.obj (.text)
                  00004f1c    000005e4     Crystalfontz128x128_ST7735.obj (.text)
                  00005500    00000420     heap_4.obj (.text)
                  00005920    00000270     rtsv7M4_T_le_v4SPD16_eabi.lib : _printfi.c.obj (.text:_pconv_a)
                  00005b90    00000252     grlib.lib : string.obj (.text:GrFontGlyphRender)
                  00005de2    00000002     --HOLE-- [fill = 0]
                  00005de4    00000200     driverlib.lib : sysctl.obj (.text:SysCtlClockFreqSet)
                  00005fe4    000001e0     stopwatch.obj (.text)
                  000061c4    000001d0     rtsv7M4_T_le_v4SPD16_eabi.lib : _printfi.c.obj (.text:_pconv_g)
                  00006394    000001b6                                   : fd_add_t2.asm.obj (.text)
                  0000654a    00000002     --HOLE-- [fill = 0]
                  0000654c    0000016c     driverlib.lib : gpio.obj (.text:GPIOPadConfigSet)
                  000066b8    00000158     buzzer.obj (.text)
                  00006810    00000144     HAL_EK_TM4C1294XL_Crystalfontz128x128_ST7735.obj (.text)
                  00006954    0000013c     rtsv7M4_T_le_v4SPD16_eabi.lib : _printfi.c.obj (.text:_pconv_e)
                  00006a90    0000013c     port.obj (.text)
                  00006bcc    00000136     rtsv7M4_T_le_v4SPD16_eabi.lib : fd_div_t2.asm.obj (.text)
                  00006d02    00000130     list.obj (.text)
                  00006e32    00000002     --HOLE-- [fill = 0]
                  00006e34    00000124     rtsv7M4_T_le_v4SPD16_eabi.lib : _printfi.c.obj (.text:fcvt)
                  00006f58    00000110                                   : s_scalbn.c.obj (.text:scalbn)
                  00007068    000000fc                                   : fd_mul_t2.asm.obj (.text)
                  00007164    000000da     portasm.obj (.text)
                  0000723e    000000c0     grlib.lib : string.obj (.text:GrDefaultStringRenderer)
                  000072fe    00000002     --HOLE-- [fill = 0]
                  00007300    000000b1     rtsv7M4_T_le_v4SPD16_eabi.lib : _printfi.c.obj (.text:_ltostr)
                  000073b1    00000001     --HOLE-- [fill = 0]
                  000073b2    0000009c                                   : memcpy_t2.asm.obj (.text)
                  0000744e    00000096                                   : ull_div_t2.asm.obj (.text)
                  000074e4    00000086     grlib.lib : rectangle.obj (.text:GrRectFill)
                  0000756a    00000086     rtsv7M4_T_le_v4SPD16_eabi.lib : fd_cmp_t2.asm.obj (.text:__aeabi_cdcmple)
                  000075f0    00000086                                   : fd_cmp_t2.asm.obj (.text:__aeabi_cdrcmple)
                  00007676    0000007a                                   : memset_t2.asm.obj (.text)
                  000076f0    0000006e                                   : _printfi.c.obj (.text:_mcpy)
                  0000775e    00000002     --HOLE-- [fill = 0]
                  00007760    00000068     grlib.lib : context.obj (.text:GrContextInit)
                  000077c8    00000068               : string.obj (.text:GrStringWidthGet)
                  00007830    00000068     rtsv7M4_T_le_v4SPD16_eabi.lib : copy_decompress_lzss.c.obj (.text:decompress:lzss:__TI_decompress_lzss)
                  00007898    00000066     grlib.lib : rectangle.obj (.text:GrRectDraw)
                  000078fe    00000002     --HOLE-- [fill = 0]
                  00007900    00000064     rtsv7M4_T_le_v4SPD16_eabi.lib : s_frexp.c.obj (.text:frexp)
                  00007964    0000005a     grlib.lib : string.obj (.text:FontWideGlyphDataGet)
                  000079be    00000056     rtsv7M4_T_le_v4SPD16_eabi.lib : _printfi.c.obj (.text:_pconv_f)
                  00007a14    00000054                                   : _ltoa.c.obj (.text:__TI_ltoa)
                  00007a68    00000052                                   : _printfi.c.obj (.text:_ecpy)
                  00007aba    00000002     --HOLE-- [fill = 0]
                  00007abc    0000004c     driverlib.lib : gpio.obj (.text:GPIOPinConfigure)
                  00007b08    0000004c     rtsv7M4_T_le_v4SPD16_eabi.lib : atoi.c.obj (.text:atoi)
                  00007b54    0000004c                                   : snprintf.c.obj (.text:snprintf)
                  00007ba0    0000004a     grlib.lib : string.obj (.text:UpdateContextCharMapping)
                  00007bea    00000002     --HOLE-- [fill = 0]
                  00007bec    00000048     driverlib.lib : sysctl.obj (.text:_SysCtlFrequencyGet)
                  00007c34    00000048     rtsv7M4_T_le_v4SPD16_eabi.lib : fd_toi_t2.asm.obj (.text)
                  00007c7c    00000046     grlib.lib : line.obj (.text:GrLineDrawH)
                  00007cc2    00000046               : line.obj (.text:GrLineDrawV)
                  00007d08    00000044     rtsv7M4_T_le_v4SPD16_eabi.lib : autoinit.c.obj (.text:__TI_auto_init_nobinit_nopinit:__TI_auto_init_nobinit_nopinit)
                  00007d4c    0000003e                                   : _printfi.c.obj (.text:_fcpy)
                  00007d8a    0000003c     grlib.lib : string.obj (.text:FontGlyphDataGet)
                  00007dc6    0000003c     driverlib.lib : ssi.obj (.text:SSIConfigSetExpClk)
                  00007e02    00000002     --HOLE-- [fill = 0]
                  00007e04    00000038                   : sysctl.obj (.text:SysCtlPeripheralReady)
                  00007e3c    00000034                   : sysctl.obj (.text:SysCtlPeripheralEnable)
                  00007e70    00000034     rtsv7M4_T_le_v4SPD16_eabi.lib : boot_cortex_m.c.obj (.text:_c_int00_noargs:_c_int00_noargs)
                  00007ea4    00000030                                   : snprintf.c.obj (.text:_outs)
                  00007ed4    0000002e     grlib.lib : string.obj (.text:GrStringNextCharGet)
                  00007f02    0000002e     rtsv7M4_T_le_v4SPD16_eabi.lib : i_tofd_t2.asm.obj (.text)
                  00007f30    0000002c     driverlib.lib : gpio.obj (.text:GPIODirModeSet)
                  00007f5c    0000002c     grlib.lib : string.obj (.text:GrFontBaselineGet)
                  00007f88    00000026               : string.obj (.text:GrFontInfoGet)
                  00007fae    00000022               : string.obj (.text:GrFontGlyphDataGet)
                  00007fd0    00000022     driverlib.lib : pwm.obj (.text:PWMGenConfigure)
                  00007ff2    00000002     --HOLE-- [fill = 0]
                  00007ff4    00000020                   : sysctl.obj (.text:_SysCtlMemTimingGet)
                  00008014    0000001e     grlib.lib : string.obj (.text:GrFontCodepageGet)
                  00008032    0000001e     driverlib.lib : pwm.obj (.text:PWMPulseWidthSet)
                  00008050    0000001c     rtsv7M4_T_le_v4SPD16_eabi.lib : memccpy.c.obj (.text:memccpy)
                  0000806c    0000001a     driverlib.lib : gpio.obj (.text:GPIOPinTypeGPIOOutput)
                  00008086    0000001a     rtsv7M4_T_le_v4SPD16_eabi.lib : s_copysign.c.obj (.text:copysign)
                  000080a0    00000018                                   : snprintf.c.obj (.text:_outc)
                  000080b8    00000018                                   : strcmp.c.obj (.text:strcmp)
                  000080d0    00000016     driverlib.lib : gpio.obj (.text:GPIOPinTypeGPIOInput)
                  000080e6    00000016                   : gpio.obj (.text:GPIOPinTypePWM)
                  000080fc    00000016                   : gpio.obj (.text:GPIOPinTypeSSI)
                  00008112    00000016     grlib.lib : string.obj (.text:GrStringDraw)
                  00008128    00000016     rtsv7M4_T_le_v4SPD16_eabi.lib : strchr.c.obj (.text:strchr)
                  0000813e    00000002     --HOLE-- [fill = 0]
                  00008140    00000014     driverlib.lib : pwm.obj (.text:PWMClockSet)
                  00008154    00000014     rtsv7M4_T_le_v4SPD16_eabi.lib : strcpy.c.obj (.text:strcpy)
                  00008168    00000014                                   : strlen.c.obj (.text:strlen)
                  0000817c    00000012     driverlib.lib : pwm.obj (.text:PWMOutputState)
                  0000818e    00000012     rtsv7M4_T_le_v4SPD16_eabi.lib : wcslen.c.obj (.text:wcslen)
                  000081a0    00000010     driverlib.lib : fpu.obj (.text:FPUEnable)
                  000081b0    00000010                   : fpu.obj (.text:FPULazyStackingEnable)
                  000081c0    00000010                   : interrupt.obj (.text:IntMasterDisable)
                  000081d0    00000010                   : interrupt.obj (.text:IntMasterEnable)
                  000081e0    00000010                   : pwm.obj (.text:PWMGenPeriodSet)
                  000081f0    0000000e     rtsv7M4_T_le_v4SPD16_eabi.lib : copy_decompress_none.c.obj (.text:decompress:none:__TI_decompress_none)
                  000081fe    0000000c     driverlib.lib : cpu.obj (.text:CPUcpsid)
                  0000820a    0000000c                   : cpu.obj (.text:CPUcpsie)
                  00008216    0000000c                   : pwm.obj (.text:PWMGenDisable)
                  00008222    0000000c                   : pwm.obj (.text:PWMGenEnable)
                  0000822e    0000000c     rtsv7M4_T_le_v4SPD16_eabi.lib : copy_zero_init.c.obj (.text:decompress:ZI:__TI_zero_init)
                  0000823a    0000000c     startup_ccs.obj (.text)
                  00008246    0000000a     driverlib.lib : ssi.obj (.text:SSIDataPut)
                  00008250    0000000a                   : ssi.obj (.text:SSIEnable)
                  0000825a    00000008     grlib.lib : charmap.obj (.text:GrMapISO8859_1_Unicode)
                  00008262    00000008     driverlib.lib : ssi.obj (.text:SSIBusy)
                  0000826a    00000002     --HOLE-- [fill = 0]
                  0000826c    00000008     rtsv7M4_T_le_v4SPD16_eabi.lib : errno.c.obj (.text:__aeabi_errno_addr)
                  00008274    00000006     driverlib.lib : gpio.obj (.text:GPIOPinRead)
                  0000827a    00000006                   : gpio.obj (.text:GPIOPinWrite)
                  00008280    00000006     grlib.lib : string.obj (.text:GrContextFontSet)
                  00008286    00000006     driverlib.lib : sysctl.obj (.text:SysCtlDelay)
                  0000828c    00000004     rtsv7M4_T_le_v4SPD16_eabi.lib : pre_init.c.obj (.text:_system_pre_init)
                  00008290    00000004                                   : exit.c.obj (.text:abort:abort)

.const     0    00008294    00000900     
                  00008294    000002f8     grlib.lib : fontfixed6x8.obj (.const:.string:g_pui8FontFixed6x8Data)
                  0000858c    000001b0     driverlib.lib : sysctl.obj (.const:g_pppui32XTALtoVCO)
                  0000873c    00000101     rtsv7M4_T_le_v4SPD16_eabi.lib : ctype.c.obj (.const:.string:_ctypes_)
                  0000883d    00000003     --HOLE-- [fill = 0]
                  00008840    000000c8     grlib.lib : fontfixed6x8.obj (.const:g_sFontFixed6x8)
                  00008908    00000090     driverlib.lib : gpio.obj (.const:g_pui32GPIOBaseAddrs)
                  00008998    0000006c                   : sysctl.obj (.const:g_pui32Xtals)
                  00008a04    00000060     button.obj (.const:.string:digital_pin_to_bit_mask)
                  00008a64    00000060     button.obj (.const:.string:digital_pin_to_port)
                  00008ac4    00000040     button.obj (.const:port_to_base)
                  00008b04    00000030     driverlib.lib : sysctl.obj (.const:g_sXTALtoMEMTIM)
                  00008b34    00000028     Crystalfontz128x128_ST7735.obj (.const:g_sCrystalfontz128x128)
                  00008b5c    00000010     grlib.lib : context.obj (.const:g_psDefaultCodePointMapTable)
                  00008b6c    0000000e     stopwatch.obj (.const:.string)
                  00008b7a    00000008     main.obj (.const:$P$T0$1)
                  00008b82    00000002     --HOLE-- [fill = 0]
                  00008b84    00000008     driverlib.lib : sysctl.obj (.const:g_pui32VCOFrequencies)
                  00008b8c    00000004     port.obj (.const)
                  00008b90    00000004     tasks.obj (.const)

.cinit     0    00008b98    00000058     
                  00008b98    00000030     (.cinit..data.load) [load image, compression = lzss]
                  00008bc8    0000000c     (__TI_handler_table)
                  00008bd4    00000004     --HOLE-- [fill = 0]
                  00008bd8    00000008     (.cinit..bss.load) [load image, compression = zero_init]
                  00008be0    00000010     (__TI_cinit_table)

.init_array 
*          0    00000000    00000000     UNINITIALIZED

.data      0    20000000    0000808c     UNINITIALIZED
                  20000000    00008000     Crystalfontz128x128_ST7735.obj (.data:Lcd_buffer)
                  20008000    0000002c     tasks.obj (.data)
                  2000802c    00000018     stopwatch.obj (.data:gResetButton)
                  20008044    00000018     stopwatch.obj (.data:gStartButton)
                  2000805c    00000014     heap_4.obj (.data)
                  20008070    00000008     buzzer.obj (.data)
                  20008078    00000007     stopwatch.obj (.data)
                  2000807f    00000001     main.obj (.data)
                  20008080    00000004     port.obj (.data)
                  20008084    00000004     rtsv7M4_T_le_v4SPD16_eabi.lib : errno.c.obj (.data)
                  20008088    00000004     tasks.obj (.data:xYieldPendings)

.bss       0    2000808c    00005152     UNINITIALIZED
                  2000808c    00004f10     heap_4.obj (.bss:ucHeap)
                  2000cf9c    00000140     tasks.obj (.bss:pxReadyTasksLists)
                  2000d0dc    00000050     (.common:xQueueRegistry)
                  2000d12c    0000002c     main.obj (.bss:sContext)
                  2000d158    00000014     tasks.obj (.bss:xDelayedTaskList1)
                  2000d16c    00000014     tasks.obj (.bss:xDelayedTaskList2)
                  2000d180    00000014     tasks.obj (.bss:xPendingReadyList)
                  2000d194    00000014     tasks.obj (.bss:xSuspendedTaskList)
                  2000d1a8    00000014     tasks.obj (.bss:xTasksWaitingTermination)
                  2000d1bc    00000008     tasks.obj (.bss)
                  2000d1c4    00000008     heap_4.obj (.bss:xStart)
                  2000d1cc    00000004     grlib.lib : context.obj (.bss)
                  2000d1d0    00000004     tasks.obj (.bss:xIdleTaskHandles)
                  2000d1d4    00000002     (.common:Lcd_ScreenHeigth)
                  2000d1d6    00000002     (.common:Lcd_ScreenWidth)
                  2000d1d8    00000002     (.common:Lcd_TouchTrim)
                  2000d1da    00000001     (.common:Lcd_FlagRead)
                  2000d1db    00000001     (.common:Lcd_FontSolid)
                  2000d1dc    00000001     (.common:Lcd_Orientation)
                  2000d1dd    00000001     (.common:Lcd_PenSolid)

.stack     0    2000d1e0    00000800     UNINITIALIZED
                  2000d1e0    00000004     rtsv7M4_T_le_v4SPD16_eabi.lib : boot_cortex_m.c.obj (.stack)
                  2000d1e4    000007fc     --HOLE--

__llvm_prf_cnts 
*          0    20000000    00000000     UNINITIALIZED

MODULE SUMMARY

       Module                                             code    ro data   rw data
       ------                                             ----    -------   -------
    ./
       Crystalfontz128x128_ST7735.obj                     1508    40        32778  
       button.obj                                         2654    256       0      
       main.obj                                           1688    8         45     
       stopwatch.obj                                      480     14        55     
       startup_ccs.obj                                    12      512       0      
       buzzer.obj                                         344     0         8      
       HAL_EK_TM4C1294XL_Crystalfontz128x128_ST7735.obj   324     0         0      
    +--+--------------------------------------------------+-------+---------+---------+
       Total:                                             7010    830       32886  
                                                                                   
    ./FreeRTOS/
       tasks.obj                                          9312    4         480    
       queue.obj                                          3444    0         80     
       list.obj                                           304     0         0      
    +--+--------------------------------------------------+-------+---------+---------+
       Total:                                             13060   4         560    
                                                                                   
    ./FreeRTOS/portable/CCS/ARM_CM4F/
       port.obj                                           316     4         4      
       portasm.obj                                        218     0         0      
    +--+--------------------------------------------------+-------+---------+---------+
       Total:                                             534     4         4      
                                                                                   
    ./FreeRTOS/portable/MemMang/
       heap_4.obj                                         1056    0         20268  
    +--+--------------------------------------------------+-------+---------+---------+
       Total:                                             1056    0         20268  
                                                                                   
    /Applications/ti/ccs1281/ccs/tools/compiler/ti-cgt-arm_20.2.7.LTS/lib/rtsv7M4_T_le_v4SPD16_eabi.lib
       _printfi.c.obj                                     4851    0         0      
       fd_add_t2.asm.obj                                  438     0         0      
       fd_div_t2.asm.obj                                  310     0         0      
       s_scalbn.c.obj                                     272     0         0      
       fd_cmp_t2.asm.obj                                  268     0         0      
       ctype.c.obj                                        0       257       0      
       fd_mul_t2.asm.obj                                  252     0         0      
       memcpy_t2.asm.obj                                  156     0         0      
       ull_div_t2.asm.obj                                 150     0         0      
       snprintf.c.obj                                     148     0         0      
       memset_t2.asm.obj                                  122     0         0      
       copy_decompress_lzss.c.obj                         104     0         0      
       s_frexp.c.obj                                      100     0         0      
       _ltoa.c.obj                                        84      0         0      
       atoi.c.obj                                         76      0         0      
       fd_toi_t2.asm.obj                                  72      0         0      
       autoinit.c.obj                                     68      0         0      
       boot_cortex_m.c.obj                                52      0         0      
       i_tofd_t2.asm.obj                                  46      0         0      
       memccpy.c.obj                                      28      0         0      
       s_copysign.c.obj                                   26      0         0      
       strcmp.c.obj                                       24      0         0      
       strchr.c.obj                                       22      0         0      
       strcpy.c.obj                                       20      0         0      
       strlen.c.obj                                       20      0         0      
       wcslen.c.obj                                       18      0         0      
       copy_decompress_none.c.obj                         14      0         0      
       copy_zero_init.c.obj                               12      0         0      
       errno.c.obj                                        8       0         4      
       exit.c.obj                                         4       0         0      
       pre_init.c.obj                                     4       0         0      
       div0.asm.obj                                       2       0         0      
    +--+--------------------------------------------------+-------+---------+---------+
       Total:                                             7771    257       4      
                                                                                   
    /Users/Doanh/ti/TivaWare_C_Series-2.2.0.295/driverlib/ccs/Debug/driverlib.lib
       sysctl.obj                                         730     596       0      
       gpio.obj                                           588     144       0      
       pwm.obj                                            142     0         0      
       ssi.obj                                            88      0         0      
       fpu.obj                                            32      0         0      
       interrupt.obj                                      32      0         0      
       cpu.obj                                            24      0         0      
    +--+--------------------------------------------------+-------+---------+---------+
       Total:                                             1636    740       0      
                                                                                   
    /Users/Doanh/ti/TivaWare_C_Series-2.2.0.295/grlib/ccs/Debug/grlib.lib
       string.obj                                         1334    0         0      
       fontfixed6x8.obj                                   0       960       0      
       rectangle.obj                                      236     0         0      
       line.obj                                           140     0         0      
       context.obj                                        104     16        4      
       charmap.obj                                        8       0         0      
    +--+--------------------------------------------------+-------+---------+---------+
       Total:                                             1822    976       4      
                                                                                   
       Stack:                                             0       0         2048   
       Linker Generated:                                  0       84        0      
    +--+--------------------------------------------------+-------+---------+---------+
       Grand Total:                                       32889   2895      55774  


LINKER GENERATED COPY TABLES

__TI_cinit_table @ 00008be0 records: 2, size/record: 8, table size: 16
	.data: load addr=00008b98, load size=00000030 bytes, run addr=20000000, run size=0000808c bytes, compression=lzss
	.bss: load addr=00008bd8, load size=00000008 bytes, run addr=2000808c, run size=00005152 bytes, compression=zero_init


LINKER GENERATED HANDLER TABLE

__TI_handler_table @ 00008bc8 records: 3, size/record: 4, table size: 12
	index: 0, handler: __TI_decompress_lzss
	index: 1, handler: __TI_decompress_none
	index: 2, handler: __TI_zero_init


GLOBAL SYMBOLS: SORTED ALPHABETICALLY BY Name 

address   name                                       
-------   ----                                       
00008291  C$$EXIT                                    
000081ff  CPUcpsid                                   
0000820b  CPUcpsie                                   
00004f1d  Crystalfontz128x128_Init                   
00004fc3  Crystalfontz128x128_SetDrawFrame           
0000509f  Crystalfontz128x128_SetOrientation         
000081a1  FPUEnable                                  
000081b1  FPULazyStackingEnable                      
00007f31  GPIODirModeSet                             
0000654d  GPIOPadConfigSet                           
00007abd  GPIOPinConfigure                           
00008275  GPIOPinRead                                
000080d1  GPIOPinTypeGPIOInput                       
0000806d  GPIOPinTypeGPIOOutput                      
000080e7  GPIOPinTypePWM                             
000080fd  GPIOPinTypeSSI                             
0000827b  GPIOPinWrite                               
00008281  GrContextFontSet                           
00007761  GrContextInit                              
0000723f  GrDefaultStringRenderer                    
00007f5d  GrFontBaselineGet                          
00008015  GrFontCodepageGet                          
00007faf  GrFontGlyphDataGet                         
00005b91  GrFontGlyphRender                          
00007f89  GrFontInfoGet                              
00007c7d  GrLineDrawH                                
00007cc3  GrLineDrawV                                
0000825b  GrMapISO8859_1_Unicode                     
00007899  GrRectDraw                                 
000074e5  GrRectFill                                 
00008113  GrStringDraw                               
00007ed5  GrStringNextCharGet                        
000077c9  GrStringWidthGet                           
00006811  HAL_LCD_PortInit                           
00006867  HAL_LCD_SpiInit                            
000068c1  HAL_LCD_writeCommand                       
000068fb  HAL_LCD_writeData                          
000081c1  IntMasterDisable                           
000081d1  IntMasterEnable                            
2000d1da  Lcd_FlagRead                               
2000d1db  Lcd_FontSolid                              
2000d1dc  Lcd_Orientation                            
2000d1dd  Lcd_PenSolid                               
2000d1d4  Lcd_ScreenHeigth                           
2000d1d6  Lcd_ScreenWidth                            
2000d1d8  Lcd_TouchTrim                              
20000000  Lcd_buffer                                 
00008141  PWMClockSet                                
00007fd1  PWMGenConfigure                            
00008217  PWMGenDisable                              
00008223  PWMGenEnable                               
000081e1  PWMGenPeriodSet                            
0000817d  PWMOutputState                             
00008033  PWMPulseWidthSet                           
0000823b  ResetISR                                   
00008263  SSIBusy                                    
00007dc7  SSIConfigSetExpClk                         
00008247  SSIDataPut                                 
00008251  SSIEnable                                  
00005de5  SysCtlClockFreqSet                         
00008287  SysCtlDelay                                
00007e3d  SysCtlPeripheralEnable                     
00007e05  SysCtlPeripheralReady                      
0000609b  _Z10ButtonTaskPv                           
00006725  _Z10BuzzerTaskPv                           
0000675f  _Z11Buzzer_Beepjj                          
000066b9  _Z11Buzzer_Initj                           
00004c55  _Z11DisplayTaskPv                          
00005fe5  _Z14Stopwatch_Initv                        
0000601d  _Z8TimeTaskPv                              
00003967  _ZN6Button10attachIdleEPFvvE               
00003783  _ZN6Button10setClickMsEj                   
00003795  _ZN6Button10setPressMsEj                   
000039f7  _ZN6Button10wasPressedEv                   
0000381b  _ZN6Button11attachClickEPFvPvES0_          
00003809  _ZN6Button11attachClickEPFvvE              
000037ef  _ZN6Button11attachPressEPFvPvES0_          
000037dd  _ZN6Button11attachPressEPFvvE              
00003a21  _ZN6Button11wasReleasedEv                  
00003a81  _ZN6Button12readPhysicalEv                 
00003a5d  _ZN6Button13attachReleaseEPFvvE            
00003771  _ZN6Button13setDebounceMsEi                
00003add  _ZN6Button14applyPadConfigEv               
00003a3d  _ZN6Button15isDoubleClickedEv              
000038a9  _ZN6Button16attachMultiClickEPFvPvES0_     
00003889  _ZN6Button16attachMultiClickEPFvvE         
00003855  _ZN6Button17attachDoubleClickEPFvPvES0_    
00003835  _ZN6Button17attachDoubleClickEPFvvE        
000037cb  _ZN6Button17setTickIntervalMsEj            
00003917  _ZN6Button19attachLongPressStopEPFvPvES0_  
00003903  _ZN6Button19attachLongPressStopEPFvvE      
000038e5  _ZN6Button20attachLongPressStartEPFvPvES0_ 
000038d1  _ZN6Button20attachLongPressStartEPFvvE     
00003949  _ZN6Button21attachDuringLongPressEPFvPvES0_
00003935  _ZN6Button21attachDuringLongPressEPFvvE    
000037b9  _ZN6Button22setLongPressIntervalMsEj       
00003b25  _ZN6Button3fsmEb                           
000036a1  _ZN6Button4tickEb                          
0000360f  _ZN6Button4tickEv                          
00003719  _ZN6Button5beginEv                         
0000397b  _ZN6Button5resetEv                         
00003757  _ZN6Button7setPullE10ButtonPull            
00003dad  _ZN6Button8debounceEb                      
00003d9b  _ZN6Button8newStateENS_12StateMachineE     
000037a7  _ZN6Button9setIdleMsEj                     
00003471  _ZN6ButtonC1Ehjjj10ButtonPull              
00003471  _ZN6ButtonC2Ehjjj10ButtonPull              
00003a71  _ZNK6Button11getHoldTimeEv                 
000039df  _ZNK6Button13isLongPressedEv               
000039bd  _ZNK6Button15getNumberClicksEv             
000039cb  _ZNK6Button6isIdleEv                       
00003a13  _ZNK6Button9isPressedEv                    
2000d9e0  __STACK_END                                
00000800  __STACK_SIZE                               
2000d3e0  __STACK_TOP                                
00008be0  __TI_CINIT_Base                            
00008bf0  __TI_CINIT_Limit                           
00008bc8  __TI_Handler_Table_Base                    
00008bd4  __TI_Handler_Table_Limit                   
00007d09  __TI_auto_init_nobinit_nopinit             
00007831  __TI_decompress_lzss                       
000081f1  __TI_decompress_none                       
00007a15  __TI_ltoa                                  
ffffffff  __TI_pprof_out_hndl                        
00003e35  __TI_printfi                               
ffffffff  __TI_prof_data_size                        
ffffffff  __TI_prof_data_start                       
00000000  __TI_static_base__                         
0000822f  __TI_zero_init                             
0000756b  __aeabi_cdcmpeq                            
0000756b  __aeabi_cdcmple                            
000075f1  __aeabi_cdrcmple                           
00007c35  __aeabi_d2iz                               
0000639f  __aeabi_dadd                               
00006bcd  __aeabi_ddiv                               
00007069  __aeabi_dmul                               
00006395  __aeabi_dsub                               
0000826d  __aeabi_errno_addr                         
00007f03  __aeabi_i2d                                
00003e33  __aeabi_idiv0                              
00003e33  __aeabi_ldiv0                              
00007677  __aeabi_memclr                             
00007677  __aeabi_memclr4                            
00007677  __aeabi_memclr8                            
000073b3  __aeabi_memcpy                             
000073b3  __aeabi_memcpy4                            
000073b3  __aeabi_memcpy8                            
00007679  __aeabi_memset                             
00007679  __aeabi_memset4                            
00007679  __aeabi_memset8                            
0000744f  __aeabi_uldivmod                           
ffffffff  __binit__                                  
ffffffff  __c_args__                                 
UNDEFED   __mpu_init                                 
2000d1e0  __stack                                    
20000000  __start___llvm_prf_cnts                    
20000000  __stop___llvm_prf_cnts                     
00007e71  _c_int00_noargs                            
0000873c  _ctypes_                                   
UNDEFED   _system_post_cinit                         
0000828d  _system_pre_init                           
00008291  abort                                      
00007b09  atoi                                       
ffffffff  binit                                      
00008087  copysign                                   
00008087  copysignl                                  
00000621  eTaskGetState                              
20008084  errno                                      
00007901  frexp                                      
00007901  frexpl                                     
20008074  gBuzzerQ                                   
2000802c  gResetButton                               
20008078  gRunning                                   
20008044  gStartButton                               
2000807e  g_hr                                       
2000807d  g_min                                      
2000807a  g_ms                                       
00000000  g_pfnVectors                               
00008b5c  g_psDefaultCodePointMapTable               
00008b34  g_sCrystalfontz128x128                     
00008840  g_sFontFixed6x8                            
2000807c  g_sec                                      
00006f59  ldexp                                      
00006f59  ldexpl                                     
00004db1  main                                       
00008051  memccpy                                    
000073b3  memcpy                                     
0000767f  memset                                     
00003347  pcQueueGetName                             
00000f73  pcTaskGetName                              
000056ad  pvPortCalloc                               
00005501  pvPortMalloc                               
00001d89  pvTaskIncrementMutexHeldCount              
20008000  pxCurrentTCB                               
00006a91  pxPortInitialiseStack                      
00006f59  scalbn                                     
00006f59  scalbnl                                    
00007b55  snprintf                                   
00008129  strchr                                     
000080b9  strcmp                                     
00008155  strcpy                                     
00008169  strlen                                     
00003057  ucQueueGetQueueType                        
00008b8c  ulMaxSyscallInterruptPriority              
00007175  ulPortGetIPSR                              
00001da5  ulTaskGenericNotifyTake                    
0000248b  ulTaskGenericNotifyValueClear              
00006de9  uxListRemove                               
00003067  uxQueueGetQueueItemSize                    
00003075  uxQueueGetQueueLength                      
00003037  uxQueueGetQueueNumber                      
00002fd5  uxQueueMessagesWaiting                     
0000300b  uxQueueMessagesWaitingFromISR              
00002feb  uxQueueSpacesAvailable                     
00000751  uxTaskBasePriorityGet                      
0000077d  uxTaskBasePriorityGetFromISR               
00000f6d  uxTaskGetNumberOfTasks                     
00001981  uxTaskGetStackHighWaterMark                
00000fa5  uxTaskGetSystemState                       
000016e1  uxTaskGetTaskNumber                        
000006f3  uxTaskPriorityGet                          
00000717  uxTaskPriorityGetFromISR                   
00001d61  uxTaskResetEventItemValue                  
00006d03  vListInitialise                            
00006d33  vListInitialiseItem                        
00006d81  vListInsert                                
00006d43  vListInsertEnd                             
00007231  vPortEnableVFP                             
00006b31  vPortEndScheduler                          
00006b33  vPortEnterCritical                         
00006b53  vPortExitCritical                          
00005645  vPortFree                                  
00005839  vPortGetHeapStats                          
000058df  vPortHeapResetState                        
000056ab  vPortInitialiseBlocks                      
000071ed  vPortSVCHandler                            
00006b8f  vPortSetupTimerInterrupt                   
0000720d  vPortStartFirstTask                        
000032d9  vQueueAddToRegistry                        
00003021  vQueueDelete                               
00003045  vQueueSetQueueNumber                       
00003387  vQueueUnregisterQueue                      
000005c9  vTaskDelay                                 
00000465  vTaskDelete                                
00000d1f  vTaskEndScheduler                          
000022d1  vTaskGenericNotifyGiveFromISR              
000017d9  vTaskGetInfo                               
00001635  vTaskInternalSetTimeOutState               
000016d9  vTaskMissedYield                           
000012f1  vTaskPlaceOnEventList                      
00001315  vTaskPlaceOnUnorderedEventList             
00001c49  vTaskPriorityDisinheritAfterTimeout        
000007cd  vTaskPrioritySet                           
000014fd  vTaskRemoveFromUnorderedEventList          
000025ad  vTaskResetState                            
00000a9b  vTaskResume                                
00001701  vTaskSetTaskNumber                         
00001617  vTaskSetTimeOutState                       
00000ce5  vTaskStartScheduler                        
00000943  vTaskSuspend                               
00000d61  vTaskSuspendAll                            
00001289  vTaskSwitchContext                         
0000818f  wcslen                                     
0000569f  xPortGetFreeHeapSize                       
000056a5  xPortGetMinimumEverFreeHeapSize            
0000718d  xPortPendSVHandler                         
00006afb  xPortStartScheduler                        
00006b69  xPortSysTickHandler                        
0000280d  xQueueCreateMutex                          
00002733  xQueueGenericCreate                        
00002661  xQueueGenericReset                         
000028b9  xQueueGenericSend                          
000029e9  xQueueGenericSendFromISR                   
00002a9b  xQueueGiveFromISR                          
00002839  xQueueGiveMutexRecursive                   
0000326d  xQueueIsQueueEmptyFromISR                  
000032b3  xQueueIsQueueFullFromISR                   
00002db7  xQueuePeek                                 
00002f83  xQueuePeekFromISR                          
00002b3f  xQueueReceive                              
00002ed9  xQueueReceiveFromISR                       
2000d0dc  xQueueRegistry                             
00002c5d  xQueueSemaphoreTake                        
00002875  xQueueTakeMutexRecursive                   
0000107d  xTaskCatchUpTicks                          
00001655  xTaskCheckForTimeOut                       
0000026d  xTaskCreate                                
00000539  xTaskDelayUntil                            
00001f55  xTaskGenericNotify                         
000020e1  xTaskGenericNotifyFromISR                  
00002441  xTaskGenericNotifyStateClear               
00001e65  xTaskGenericNotifyWait                     
000019fd  xTaskGetCurrentTaskHandle                  
00001a21  xTaskGetCurrentTaskHandleForCore           
00000f41  xTaskGetTickCount                          
00000f55  xTaskGetTickCountFromISR                   
000010b9  xTaskIncrementTick                         
00001b65  xTaskPriorityDisinherit                    
00001a4b  xTaskPriorityInherit                       
00001385  xTaskRemoveFromEventList                   
00000d7d  xTaskResumeAll                             
00000b79  xTaskResumeFromISR                         


GLOBAL SYMBOLS: SORTED BY Symbol Address 

address   name                                       
-------   ----                                       
00000000  __TI_static_base__                         
00000000  g_pfnVectors                               
0000026d  xTaskCreate                                
00000465  vTaskDelete                                
00000539  xTaskDelayUntil                            
000005c9  vTaskDelay                                 
00000621  eTaskGetState                              
000006f3  uxTaskPriorityGet                          
00000717  uxTaskPriorityGetFromISR                   
00000751  uxTaskBasePriorityGet                      
0000077d  uxTaskBasePriorityGetFromISR               
000007cd  vTaskPrioritySet                           
00000800  __STACK_SIZE                               
00000943  vTaskSuspend                               
00000a9b  vTaskResume                                
00000b79  xTaskResumeFromISR                         
00000ce5  vTaskStartScheduler                        
00000d1f  vTaskEndScheduler                          
00000d61  vTaskSuspendAll                            
00000d7d  xTaskResumeAll                             
00000f41  xTaskGetTickCount                          
00000f55  xTaskGetTickCountFromISR                   
00000f6d  uxTaskGetNumberOfTasks                     
00000f73  pcTaskGetName                              
00000fa5  uxTaskGetSystemState                       
0000107d  xTaskCatchUpTicks                          
000010b9  xTaskIncrementTick                         
00001289  vTaskSwitchContext                         
000012f1  vTaskPlaceOnEventList                      
00001315  vTaskPlaceOnUnorderedEventList             
00001385  xTaskRemoveFromEventList                   
000014fd  vTaskRemoveFromUnorderedEventList          
00001617  vTaskSetTimeOutState                       
00001635  vTaskInternalSetTimeOutState               
00001655  xTaskCheckForTimeOut                       
000016d9  vTaskMissedYield                           
000016e1  uxTaskGetTaskNumber                        
00001701  vTaskSetTaskNumber                         
000017d9  vTaskGetInfo                               
00001981  uxTaskGetStackHighWaterMark                
000019fd  xTaskGetCurrentTaskHandle                  
00001a21  xTaskGetCurrentTaskHandleForCore           
00001a4b  xTaskPriorityInherit                       
00001b65  xTaskPriorityDisinherit                    
00001c49  vTaskPriorityDisinheritAfterTimeout        
00001d61  uxTaskResetEventItemValue                  
00001d89  pvTaskIncrementMutexHeldCount              
00001da5  ulTaskGenericNotifyTake                    
00001e65  xTaskGenericNotifyWait                     
00001f55  xTaskGenericNotify                         
000020e1  xTaskGenericNotifyFromISR                  
000022d1  vTaskGenericNotifyGiveFromISR              
00002441  xTaskGenericNotifyStateClear               
0000248b  ulTaskGenericNotifyValueClear              
000025ad  vTaskResetState                            
00002661  xQueueGenericReset                         
00002733  xQueueGenericCreate                        
0000280d  xQueueCreateMutex                          
00002839  xQueueGiveMutexRecursive                   
00002875  xQueueTakeMutexRecursive                   
000028b9  xQueueGenericSend                          
000029e9  xQueueGenericSendFromISR                   
00002a9b  xQueueGiveFromISR                          
00002b3f  xQueueReceive                              
00002c5d  xQueueSemaphoreTake                        
00002db7  xQueuePeek                                 
00002ed9  xQueueReceiveFromISR                       
00002f83  xQueuePeekFromISR                          
00002fd5  uxQueueMessagesWaiting                     
00002feb  uxQueueSpacesAvailable                     
0000300b  uxQueueMessagesWaitingFromISR              
00003021  vQueueDelete                               
00003037  uxQueueGetQueueNumber                      
00003045  vQueueSetQueueNumber                       
00003057  ucQueueGetQueueType                        
00003067  uxQueueGetQueueItemSize                    
00003075  uxQueueGetQueueLength                      
0000326d  xQueueIsQueueEmptyFromISR                  
000032b3  xQueueIsQueueFullFromISR                   
000032d9  vQueueAddToRegistry                        
00003347  pcQueueGetName                             
00003387  vQueueUnregisterQueue                      
00003471  _ZN6ButtonC1Ehjjj10ButtonPull              
00003471  _ZN6ButtonC2Ehjjj10ButtonPull              
0000360f  _ZN6Button4tickEv                          
000036a1  _ZN6Button4tickEb                          
00003719  _ZN6Button5beginEv                         
00003757  _ZN6Button7setPullE10ButtonPull            
00003771  _ZN6Button13setDebounceMsEi                
00003783  _ZN6Button10setClickMsEj                   
00003795  _ZN6Button10setPressMsEj                   
000037a7  _ZN6Button9setIdleMsEj                     
000037b9  _ZN6Button22setLongPressIntervalMsEj       
000037cb  _ZN6Button17setTickIntervalMsEj            
000037dd  _ZN6Button11attachPressEPFvvE              
000037ef  _ZN6Button11attachPressEPFvPvES0_          
00003809  _ZN6Button11attachClickEPFvvE              
0000381b  _ZN6Button11attachClickEPFvPvES0_          
00003835  _ZN6Button17attachDoubleClickEPFvvE        
00003855  _ZN6Button17attachDoubleClickEPFvPvES0_    
00003889  _ZN6Button16attachMultiClickEPFvvE         
000038a9  _ZN6Button16attachMultiClickEPFvPvES0_     
000038d1  _ZN6Button20attachLongPressStartEPFvvE     
000038e5  _ZN6Button20attachLongPressStartEPFvPvES0_ 
00003903  _ZN6Button19attachLongPressStopEPFvvE      
00003917  _ZN6Button19attachLongPressStopEPFvPvES0_  
00003935  _ZN6Button21attachDuringLongPressEPFvvE    
00003949  _ZN6Button21attachDuringLongPressEPFvPvES0_
00003967  _ZN6Button10attachIdleEPFvvE               
0000397b  _ZN6Button5resetEv                         
000039bd  _ZNK6Button15getNumberClicksEv             
000039cb  _ZNK6Button6isIdleEv                       
000039df  _ZNK6Button13isLongPressedEv               
000039f7  _ZN6Button10wasPressedEv                   
00003a13  _ZNK6Button9isPressedEv                    
00003a21  _ZN6Button11wasReleasedEv                  
00003a3d  _ZN6Button15isDoubleClickedEv              
00003a5d  _ZN6Button13attachReleaseEPFvvE            
00003a71  _ZNK6Button11getHoldTimeEv                 
00003a81  _ZN6Button12readPhysicalEv                 
00003add  _ZN6Button14applyPadConfigEv               
00003b25  _ZN6Button3fsmEb                           
00003d9b  _ZN6Button8newStateENS_12StateMachineE     
00003dad  _ZN6Button8debounceEb                      
00003e33  __aeabi_idiv0                              
00003e33  __aeabi_ldiv0                              
00003e35  __TI_printfi                               
00004c55  _Z11DisplayTaskPv                          
00004db1  main                                       
00004f1d  Crystalfontz128x128_Init                   
00004fc3  Crystalfontz128x128_SetDrawFrame           
0000509f  Crystalfontz128x128_SetOrientation         
00005501  pvPortMalloc                               
00005645  vPortFree                                  
0000569f  xPortGetFreeHeapSize                       
000056a5  xPortGetMinimumEverFreeHeapSize            
000056ab  vPortInitialiseBlocks                      
000056ad  pvPortCalloc                               
00005839  vPortGetHeapStats                          
000058df  vPortHeapResetState                        
00005b91  GrFontGlyphRender                          
00005de5  SysCtlClockFreqSet                         
00005fe5  _Z14Stopwatch_Initv                        
0000601d  _Z8TimeTaskPv                              
0000609b  _Z10ButtonTaskPv                           
00006395  __aeabi_dsub                               
0000639f  __aeabi_dadd                               
0000654d  GPIOPadConfigSet                           
000066b9  _Z11Buzzer_Initj                           
00006725  _Z10BuzzerTaskPv                           
0000675f  _Z11Buzzer_Beepjj                          
00006811  HAL_LCD_PortInit                           
00006867  HAL_LCD_SpiInit                            
000068c1  HAL_LCD_writeCommand                       
000068fb  HAL_LCD_writeData                          
00006a91  pxPortInitialiseStack                      
00006afb  xPortStartScheduler                        
00006b31  vPortEndScheduler                          
00006b33  vPortEnterCritical                         
00006b53  vPortExitCritical                          
00006b69  xPortSysTickHandler                        
00006b8f  vPortSetupTimerInterrupt                   
00006bcd  __aeabi_ddiv                               
00006d03  vListInitialise                            
00006d33  vListInitialiseItem                        
00006d43  vListInsertEnd                             
00006d81  vListInsert                                
00006de9  uxListRemove                               
00006f59  ldexp                                      
00006f59  ldexpl                                     
00006f59  scalbn                                     
00006f59  scalbnl                                    
00007069  __aeabi_dmul                               
00007175  ulPortGetIPSR                              
0000718d  xPortPendSVHandler                         
000071ed  vPortSVCHandler                            
0000720d  vPortStartFirstTask                        
00007231  vPortEnableVFP                             
0000723f  GrDefaultStringRenderer                    
000073b3  __aeabi_memcpy                             
000073b3  __aeabi_memcpy4                            
000073b3  __aeabi_memcpy8                            
000073b3  memcpy                                     
0000744f  __aeabi_uldivmod                           
000074e5  GrRectFill                                 
0000756b  __aeabi_cdcmpeq                            
0000756b  __aeabi_cdcmple                            
000075f1  __aeabi_cdrcmple                           
00007677  __aeabi_memclr                             
00007677  __aeabi_memclr4                            
00007677  __aeabi_memclr8                            
00007679  __aeabi_memset                             
00007679  __aeabi_memset4                            
00007679  __aeabi_memset8                            
0000767f  memset                                     
00007761  GrContextInit                              
000077c9  GrStringWidthGet                           
00007831  __TI_decompress_lzss                       
00007899  GrRectDraw                                 
00007901  frexp                                      
00007901  frexpl                                     
00007a15  __TI_ltoa                                  
00007abd  GPIOPinConfigure                           
00007b09  atoi                                       
00007b55  snprintf                                   
00007c35  __aeabi_d2iz                               
00007c7d  GrLineDrawH                                
00007cc3  GrLineDrawV                                
00007d09  __TI_auto_init_nobinit_nopinit             
00007dc7  SSIConfigSetExpClk                         
00007e05  SysCtlPeripheralReady                      
00007e3d  SysCtlPeripheralEnable                     
00007e71  _c_int00_noargs                            
00007ed5  GrStringNextCharGet                        
00007f03  __aeabi_i2d                                
00007f31  GPIODirModeSet                             
00007f5d  GrFontBaselineGet                          
00007f89  GrFontInfoGet                              
00007faf  GrFontGlyphDataGet                         
00007fd1  PWMGenConfigure                            
00008015  GrFontCodepageGet                          
00008033  PWMPulseWidthSet                           
00008051  memccpy                                    
0000806d  GPIOPinTypeGPIOOutput                      
00008087  copysign                                   
00008087  copysignl                                  
000080b9  strcmp                                     
000080d1  GPIOPinTypeGPIOInput                       
000080e7  GPIOPinTypePWM                             
000080fd  GPIOPinTypeSSI                             
00008113  GrStringDraw                               
00008129  strchr                                     
00008141  PWMClockSet                                
00008155  strcpy                                     
00008169  strlen                                     
0000817d  PWMOutputState                             
0000818f  wcslen                                     
000081a1  FPUEnable                                  
000081b1  FPULazyStackingEnable                      
000081c1  IntMasterDisable                           
000081d1  IntMasterEnable                            
000081e1  PWMGenPeriodSet                            
000081f1  __TI_decompress_none                       
000081ff  CPUcpsid                                   
0000820b  CPUcpsie                                   
00008217  PWMGenDisable                              
00008223  PWMGenEnable                               
0000822f  __TI_zero_init                             
0000823b  ResetISR                                   
00008247  SSIDataPut                                 
00008251  SSIEnable                                  
0000825b  GrMapISO8859_1_Unicode                     
00008263  SSIBusy                                    
0000826d  __aeabi_errno_addr                         
00008275  GPIOPinRead                                
0000827b  GPIOPinWrite                               
00008281  GrContextFontSet                           
00008287  SysCtlDelay                                
0000828d  _system_pre_init                           
00008291  C$$EXIT                                    
00008291  abort                                      
0000873c  _ctypes_                                   
00008840  g_sFontFixed6x8                            
00008b34  g_sCrystalfontz128x128                     
00008b5c  g_psDefaultCodePointMapTable               
00008b8c  ulMaxSyscallInterruptPriority              
00008bc8  __TI_Handler_Table_Base                    
00008bd4  __TI_Handler_Table_Limit                   
00008be0  __TI_CINIT_Base                            
00008bf0  __TI_CINIT_Limit                           
20000000  Lcd_buffer                                 
20000000  __start___llvm_prf_cnts                    
20000000  __stop___llvm_prf_cnts                     
20008000  pxCurrentTCB                               
2000802c  gResetButton                               
20008044  gStartButton                               
20008074  gBuzzerQ                                   
20008078  gRunning                                   
2000807a  g_ms                                       
2000807c  g_sec                                      
2000807d  g_min                                      
2000807e  g_hr                                       
20008084  errno                                      
2000d0dc  xQueueRegistry                             
2000d1d4  Lcd_ScreenHeigth                           
2000d1d6  Lcd_ScreenWidth                            
2000d1d8  Lcd_TouchTrim                              
2000d1da  Lcd_FlagRead                               
2000d1db  Lcd_FontSolid                              
2000d1dc  Lcd_Orientation                            
2000d1dd  Lcd_PenSolid                               
2000d1e0  __stack                                    
2000d3e0  __STACK_TOP                                
2000d9e0  __STACK_END                                
ffffffff  __TI_pprof_out_hndl                        
ffffffff  __TI_prof_data_size                        
ffffffff  __TI_prof_data_start                       
ffffffff  __binit__                                  
ffffffff  __c_args__                                 
ffffffff  binit                                      
UNDEFED   __mpu_init                                 
UNDEFED   _system_post_cinit                         

[302 symbols]
